Archive member included to satisfy reference by file (symbol)

d:/stmicroelectronics/stm32cube/gnu-tools-arm-embedded/bin/../lib/gcc/arm-none-eabi/10.3.1/thumb/v6-m/nofp\libgcc.a(_udivsi3.o)
                              CMakeFiles/EncoderTest.elf.dir/Core/Src/system_stm32g0xx.c.obj (__aeabi_uidiv)
d:/stmicroelectronics/stm32cube/gnu-tools-arm-embedded/bin/../lib/gcc/arm-none-eabi/10.3.1/thumb/v6-m/nofp\libgcc.a(_divsi3.o)
                              CMakeFiles/EncoderTest.elf.dir/Drivers/STM32G0xx_HAL_Driver/Src/stm32g0xx_hal_uart_ex.c.obj (__aeabi_idiv)
d:/stmicroelectronics/stm32cube/gnu-tools-arm-embedded/bin/../lib/gcc/arm-none-eabi/10.3.1/thumb/v6-m/nofp\libgcc.a(_dvmd_tls.o)
                              d:/stmicroelectronics/stm32cube/gnu-tools-arm-embedded/bin/../lib/gcc/arm-none-eabi/10.3.1/thumb/v6-m/nofp\libgcc.a(_udivsi3.o) (__aeabi_idiv0)
d:/stmicroelectronics/stm32cube/gnu-tools-arm-embedded/bin/../lib/gcc/arm-none-eabi/10.3.1/../../../../arm-none-eabi/lib/thumb/v6-m/nofp\libc.a(lib_a-errno.o)
                              CMakeFiles/EncoderTest.elf.dir/Core/Src/syscalls.c.obj (__errno)
d:/stmicroelectronics/stm32cube/gnu-tools-arm-embedded/bin/../lib/gcc/arm-none-eabi/10.3.1/../../../../arm-none-eabi/lib/thumb/v6-m/nofp\libc.a(lib_a-exit.o)
                              d:/stmicroelectronics/stm32cube/gnu-tools-arm-embedded/bin/../lib/gcc/arm-none-eabi/10.3.1/../../../../arm-none-eabi/lib/thumb/v6-m/nofp/crt0.o (exit)
d:/stmicroelectronics/stm32cube/gnu-tools-arm-embedded/bin/../lib/gcc/arm-none-eabi/10.3.1/../../../../arm-none-eabi/lib/thumb/v6-m/nofp\libc.a(lib_a-impure.o)
                              d:/stmicroelectronics/stm32cube/gnu-tools-arm-embedded/bin/../lib/gcc/arm-none-eabi/10.3.1/../../../../arm-none-eabi/lib/thumb/v6-m/nofp\libc.a(lib_a-exit.o) (_global_impure_ptr)
d:/stmicroelectronics/stm32cube/gnu-tools-arm-embedded/bin/../lib/gcc/arm-none-eabi/10.3.1/../../../../arm-none-eabi/lib/thumb/v6-m/nofp\libc.a(lib_a-init.o)
                              d:/stmicroelectronics/stm32cube/gnu-tools-arm-embedded/bin/../lib/gcc/arm-none-eabi/10.3.1/../../../../arm-none-eabi/lib/thumb/v6-m/nofp/crt0.o (__libc_init_array)
d:/stmicroelectronics/stm32cube/gnu-tools-arm-embedded/bin/../lib/gcc/arm-none-eabi/10.3.1/../../../../arm-none-eabi/lib/thumb/v6-m/nofp\libc.a(lib_a-memset.o)
                              d:/stmicroelectronics/stm32cube/gnu-tools-arm-embedded/bin/../lib/gcc/arm-none-eabi/10.3.1/../../../../arm-none-eabi/lib/thumb/v6-m/nofp/crt0.o (memset)
d:/stmicroelectronics/stm32cube/gnu-tools-arm-embedded/bin/../lib/gcc/arm-none-eabi/10.3.1/../../../../arm-none-eabi/lib/thumb/v6-m/nofp\libc.a(lib_a-printf.o)
                              CMakeFiles/EncoderTest.elf.dir/Core/Src/main.c.obj (printf)
d:/stmicroelectronics/stm32cube/gnu-tools-arm-embedded/bin/../lib/gcc/arm-none-eabi/10.3.1/../../../../arm-none-eabi/lib/thumb/v6-m/nofp\libc.a(lib_a-vfprintf.o)
                              d:/stmicroelectronics/stm32cube/gnu-tools-arm-embedded/bin/../lib/gcc/arm-none-eabi/10.3.1/../../../../arm-none-eabi/lib/thumb/v6-m/nofp\libc.a(lib_a-printf.o) (_vfprintf_r)
d:/stmicroelectronics/stm32cube/gnu-tools-arm-embedded/bin/../lib/gcc/arm-none-eabi/10.3.1/../../../../arm-none-eabi/lib/thumb/v6-m/nofp\libc.a(lib_a-wsetup.o)
                              d:/stmicroelectronics/stm32cube/gnu-tools-arm-embedded/bin/../lib/gcc/arm-none-eabi/10.3.1/../../../../arm-none-eabi/lib/thumb/v6-m/nofp\libc.a(lib_a-vfprintf.o) (__swsetup_r)
d:/stmicroelectronics/stm32cube/gnu-tools-arm-embedded/bin/../lib/gcc/arm-none-eabi/10.3.1/../../../../arm-none-eabi/lib/thumb/v6-m/nofp\libc.a(lib_a-__call_atexit.o)
                              d:/stmicroelectronics/stm32cube/gnu-tools-arm-embedded/bin/../lib/gcc/arm-none-eabi/10.3.1/../../../../arm-none-eabi/lib/thumb/v6-m/nofp\libc.a(lib_a-exit.o) (__call_exitprocs)
d:/stmicroelectronics/stm32cube/gnu-tools-arm-embedded/bin/../lib/gcc/arm-none-eabi/10.3.1/../../../../arm-none-eabi/lib/thumb/v6-m/nofp\libc.a(lib_a-atexit.o)
                              d:/stmicroelectronics/stm32cube/gnu-tools-arm-embedded/bin/../lib/gcc/arm-none-eabi/10.3.1/../../../../arm-none-eabi/lib/thumb/v6-m/nofp\libc.a(lib_a-__call_atexit.o) (atexit)
d:/stmicroelectronics/stm32cube/gnu-tools-arm-embedded/bin/../lib/gcc/arm-none-eabi/10.3.1/../../../../arm-none-eabi/lib/thumb/v6-m/nofp\libc.a(lib_a-dtoa.o)
                              d:/stmicroelectronics/stm32cube/gnu-tools-arm-embedded/bin/../lib/gcc/arm-none-eabi/10.3.1/../../../../arm-none-eabi/lib/thumb/v6-m/nofp\libc.a(lib_a-vfprintf.o) (_dtoa_r)
d:/stmicroelectronics/stm32cube/gnu-tools-arm-embedded/bin/../lib/gcc/arm-none-eabi/10.3.1/../../../../arm-none-eabi/lib/thumb/v6-m/nofp\libc.a(lib_a-fflush.o)
                              d:/stmicroelectronics/stm32cube/gnu-tools-arm-embedded/bin/../lib/gcc/arm-none-eabi/10.3.1/../../../../arm-none-eabi/lib/thumb/v6-m/nofp\libc.a(lib_a-vfprintf.o) (_fflush_r)
[...]
Memory Configuration

Name             Origin             Length             Attributes
RAM              0x20000000         0x00009000         xrw
FLASH            0x08000000         0x00020000         xr
*default*        0x00000000         0xffffffff

Linker script and memory map

LOAD d:/stmicroelectronics/stm32cube/gnu-tools-arm-embedded/bin/../lib/gcc/arm-none-eabi/10.3.1/thumb/v6-m/nofp/crti.o
LOAD d:/stmicroelectronics/stm32cube/gnu-tools-arm-embedded/bin/../lib/gcc/arm-none-eabi/10.3.1/thumb/v6-m/nofp/crtbegin.o
LOAD d:/stmicroelectronics/stm32cube/gnu-tools-arm-embedded/bin/../lib/gcc/arm-none-eabi/10.3.1/../../../../arm-none-eabi/lib/thumb/v6-m/nofp/crt0.o
LOAD CMakeFiles/EncoderTest.elf.dir/Core/Src/adc.c.obj
LOAD CMakeFiles/EncoderTest.elf.dir/Core/Src/dma.c.obj
LOAD CMakeFiles/EncoderTest.elf.dir/Core/Src/gpio.c.obj
LOAD CMakeFiles/EncoderTest.elf.dir/Core/Src/main.c.obj
LOAD CMakeFiles/EncoderTest.elf.dir/Core/Src/stm32g0xx_hal_msp.c.obj
LOAD CMakeFiles/EncoderTest.elf.dir/Core/Src/stm32g0xx_it.c.obj
LOAD CMakeFiles/EncoderTest.elf.dir/Core/Src/syscalls.c.obj
LOAD CMakeFiles/EncoderTest.elf.dir/Core/Src/sysmem.c.obj
LOAD CMakeFiles/EncoderTest.elf.dir/Core/Src/system_stm32g0xx.c.obj
LOAD CMakeFiles/EncoderTest.elf.dir/Core/Src/tim.c.obj
LOAD CMakeFiles/EncoderTest.elf.dir/Core/Src/usart.c.obj
LOAD CMakeFiles/EncoderTest.elf.dir/Core/Startup/startup_stm32g070rbtx.s.obj
LOAD CMakeFiles/EncoderTest.elf.dir/Drivers/STM32G0xx_HAL_Driver/Src/stm32g0xx_hal.c.obj
LOAD CMakeFiles/EncoderTest.elf.dir/Drivers/STM32G0xx_HAL_Driver/Src/stm32g0xx_hal_adc.c.obj
LOAD CMakeFiles/EncoderTest.elf.dir/Drivers/STM32G0xx_HAL_Driver/Src/stm32g0xx_hal_adc_ex.c.obj
LOAD CMakeFiles/EncoderTest.elf.dir/Drivers/STM32G0xx_HAL_Driver/Src/stm32g0xx_hal_cortex.c.obj
LOAD CMakeFiles/EncoderTest.elf.dir/Drivers/STM32G0xx_HAL_Driver/Src/stm32g0xx_hal_dma.c.obj
LOAD CMakeFiles/EncoderTest.elf.dir/Drivers/STM32G0xx_HAL_Driver/Src/stm32g0xx_hal_dma_ex.c.obj
LOAD CMakeFiles/EncoderTest.elf.dir/Drivers/STM32G0xx_HAL_Driver/Src/stm32g0xx_hal_exti.c.obj
LOAD CMakeFiles/EncoderTest.elf.dir/Drivers/STM32G0xx_HAL_Driver/Src/stm32g0xx_hal_flash.c.obj
LOAD CMakeFiles/EncoderTest.elf.dir/Drivers/STM32G0xx_HAL_Driver/Src/stm32g0xx_hal_flash_ex.c.obj
LOAD CMakeFiles/EncoderTest.elf.dir/Drivers/STM32G0xx_HAL_Driver/Src/stm32g0xx_hal_gpio.c.obj
LOAD CMakeFiles/EncoderTest.elf.dir/Drivers/STM32G0xx_HAL_Driver/Src/stm32g0xx_hal_pwr.c.obj
LOAD CMakeFiles/EncoderTest.elf.dir/Drivers/STM32G0xx_HAL_Driver/Src/stm32g0xx_hal_pwr_ex.c.obj
LOAD CMakeFiles/EncoderTest.elf.dir/Drivers/STM32G0xx_HAL_Driver/Src/stm32g0xx_hal_rcc.c.obj
LOAD CMakeFiles/EncoderTest.elf.dir/Drivers/STM32G0xx_HAL_Driver/Src/stm32g0xx_hal_rcc_ex.c.obj
LOAD CMakeFiles/EncoderTest.elf.dir/Drivers/STM32G0xx_HAL_Driver/Src/stm32g0xx_hal_tim.c.obj
LOAD CMakeFiles/EncoderTest.elf.dir/Drivers/STM32G0xx_HAL_Driver/Src/stm32g0xx_hal_tim_ex.c.obj
LOAD CMakeFiles/EncoderTest.elf.dir/Drivers/STM32G0xx_HAL_Driver/Src/stm32g0xx_hal_uart.c.obj
LOAD CMakeFiles/EncoderTest.elf.dir/Drivers/STM32G0xx_HAL_Driver/Src/stm32g0xx_hal_uart_ex.c.obj
LOAD CMakeFiles/EncoderTest.elf.dir/Drivers/STM32G0xx_HAL_Driver/Src/stm32g0xx_ll_adc.c.obj
LOAD CMakeFiles/EncoderTest.elf.dir/Drivers/STM32G0xx_HAL_Driver/Src/stm32g0xx_ll_dma.c.obj
LOAD CMakeFiles/EncoderTest.elf.dir/Drivers/STM32G0xx_HAL_Driver/Src/stm32g0xx_ll_rcc.c.obj
START GROUP
LOAD d:/stmicroelectronics/stm32cube/gnu-tools-arm-embedded/bin/../lib/gcc/arm-none-eabi/10.3.1/thumb/v6-m/nofp\libgcc.a
LOAD d:/stmicroelectronics/stm32cube/gnu-tools-arm-embedded/bin/../lib/gcc/arm-none-eabi/10.3.1/../../../../arm-none-eabi/lib/thumb/v6-m/nofp\libc.a
END GROUP
LOAD d:/stmicroelectronics/stm32cube/gnu-tools-arm-embedded/bin/../lib/gcc/arm-none-eabi/10.3.1/thumb/v6-m/nofp/crtend.o
LOAD d:/stmicroelectronics/stm32cube/gnu-tools-arm-embedded/bin/../lib/gcc/arm-none-eabi/10.3.1/thumb/v6-m/nofp/crtn.o
                0x20009000                _estack = (ORIGIN (RAM) + LENGTH (RAM))
                0x00000200                _Min_Heap_Size = 0x200
                0x00000400                _Min_Stack_Size = 0x400

.isr_vector     0x08000000       0xb8
                0x08000000                . = ALIGN (0x4)
 *(.isr_vector)
 .isr_vector    0x08000000       0xb8 CMakeFiles/EncoderTest.elf.dir/Core/Startup/startup_stm32g070rbtx.s.obj
                0x08000000                g_pfnVectors
                0x080000b8                . = ALIGN (0x4)

.text           0x080000b8     0xa7b8
                0x080000b8                . = ALIGN (0x4)
 *(.text)
 .text          0x080000b8       0x48 d:/stmicroelectronics/stm32cube/gnu-tools-arm-embedded/bin/../lib/gcc/arm-none-eabi/10.3.1/thumb/v6-m/nofp/crtbegin.o
 .text          0x08000100      0x114 d:/stmicroelectronics/stm32cube/gnu-tools-arm-embedded/bin/../lib/gcc/arm-none-eabi/10.3.1/thumb/v6-m/nofp\libgcc.a(_udivsi3.o)
                0x08000100                __aeabi_uidiv
                0x08000100                __udivsi3
                0x0800020c                __aeabi_uidivmod
 .text          0x08000214      0x1d4 d:/stmicroelectronics/stm32cube/gnu-tools-arm-embedded/bin/../lib/gcc/arm-none-eabi/10.3.1/thumb/v6-m/nofp\libgcc.a(_divsi3.o)
                0x08000214                __divsi3
                0x08000214                __aeabi_idiv
                0x080003e0                __aeabi_idivmod
 .text          0x080003e8        0x4 d:/stmicroelectronics/stm32cube/gnu-tools-arm-embedded/bin/../lib/gcc/arm-none-eabi/10.3.1/thumb/v6-m/nofp\libgcc.a(_dvmd_tls.o)
                0x080003e8                __aeabi_idiv0
                0x080003e8                __aeabi_ldiv0
 .text          0x080003ec       0x7c d:/stmicroelectronics/stm32cube/gnu-tools-arm-embedded/bin/../lib/gcc/arm-none-eabi/10.3.1/thumb/v6-m/nofp\libgcc.a(_arm_cmpdf2.o)
                0x080003ec                __aeabi_cdrcmple
                0x080003fc                __aeabi_cdcmple
                0x080003fc                __aeabi_cdcmpeq
                0x0800040c                __aeabi_dcmpeq
                0x08000418                __aeabi_dcmplt
                0x0800042c                __aeabi_dcmple
                0x08000440                __aeabi_dcmpgt
                0x08000454                __aeabi_dcmpge
 .text          0x08000468       0x40 d:/stmicroelectronics/stm32cube/gnu-tools-arm-embedded/bin/../lib/gcc/arm-none-eabi/10.3.1/thumb/v6-m/nofp\libgcc.a(_aeabi_uldivmod.o)
                0x08000468                __aeabi_uldivmod
 .text          0x080004a8      0x198 d:/stmicroelectronics/stm32cube/gnu-tools-arm-embedded/bin/../lib/gcc/arm-none-eabi/10.3.1/thumb/v6-m/nofp\libgcc.a(_udivmoddi4.o)
                0x080004a8                __udivmoddi4
 .text          0x08000640      0x678 d:/stmicroelectronics/stm32cube/gnu-tools-arm-embedded/bin/../lib/gcc/arm-none-eabi/10.3.1/thumb/v6-m/nofp\libgcc.a(adddf3.o)
                0x08000640                __aeabi_dadd
 .text          0x08000cb8      0x5ec d:/stmicroelectronics/stm32cube/gnu-tools-arm-embedded/bin/../lib/gcc/arm-none-eabi/10.3.1/thumb/v6-m/nofp\libgcc.a(divdf3.o)
                0x08000cb8                __aeabi_ddiv
 .text          0x080012a4       0x84 d:/stmicroelectronics/stm32cube/gnu-tools-arm-embedded/bin/../lib/gcc/arm-none-eabi/10.3.1/thumb/v6-m/nofp\libgcc.a(eqdf2.o)
                0x080012a4                __nedf2
                0x080012a4                __eqdf2
 .text          0x08001328       0xcc d:/stmicroelectronics/stm32cube/gnu-tools-arm-embedded/bin/../lib/gcc/arm-none-eabi/10.3.1/thumb/v6-m/nofp\libgcc.a(gedf2.o)
                0x08001328                __gedf2
                0x08001328                __gtdf2
 .text          0x080013f4       0xc8 d:/stmicroelectronics/stm32cube/gnu-tools-arm-embedded/bin/../lib/gcc/arm-none-eabi/10.3.1/thumb/v6-m/nofp\libgcc.a(ledf2.o)
                0x080013f4                __ledf2
                0x080013f4                __ltdf2
 .text          0x080014bc      0x4d8 d:/stmicroelectronics/stm32cube/gnu-tools-arm-embedded/bin/../lib/gcc/arm-none-eabi/10.3.1/thumb/v6-m/nofp\libgcc.a(muldf3.o)
                0x080014bc                __aeabi_dmul
 .text          0x08001994      0x724 d:/stmicroelectronics/stm32cube/gnu-tools-arm-embedded/bin/../lib/gcc/arm-none-eabi/10.3.1/thumb/v6-m/nofp\libgcc.a(subdf3.o)
                0x08001994                __aeabi_dsub
 .text          0x080020b8       0x3c d:/stmicroelectronics/stm32cube/gnu-tools-arm-embedded/bin/../lib/gcc/arm-none-eabi/10.3.1/thumb/v6-m/nofp\libgcc.a(unorddf2.o)
                0x080020b8                __aeabi_dcmpun
 .text          0x080020f4       0x6c d:/stmicroelectronics/stm32cube/gnu-tools-arm-embedded/bin/../lib/gcc/arm-none-eabi/10.3.1/thumb/v6-m/nofp\libgcc.a(fixdfsi.o)
                0x080020f4                __aeabi_d2iz
 .text          0x08002160       0x60 d:/stmicroelectronics/stm32cube/gnu-tools-arm-embedded/bin/../lib/gcc/arm-none-eabi/10.3.1/thumb/v6-m/nofp\libgcc.a(floatsidf.o)
                0x08002160                __aeabi_i2d
 .text          0x080021c0       0x4c d:/stmicroelectronics/stm32cube/gnu-tools-arm-embedded/bin/../lib/gcc/arm-none-eabi/10.3.1/thumb/v6-m/nofp\libgcc.a(floatunsidf.o)
                0x080021c0                __aeabi_ui2d
 .text          0x0800220c       0x3c d:/stmicroelectronics/stm32cube/gnu-tools-arm-embedded/bin/../lib/gcc/arm-none-eabi/10.3.1/thumb/v6-m/nofp\libgcc.a(_clzsi2.o)
                0x0800220c                __clzsi2
 .text          0x08002248       0x18 d:/stmicroelectronics/stm32cube/gnu-tools-arm-embedded/bin/../lib/gcc/arm-none-eabi/10.3.1/thumb/v6-m/nofp\libgcc.a(_clzdi2.o)
                0x08002248                __clzdi2
 *(.text*)
 .text.MX_ADC1_Init
                0x08002260       0xa4 CMakeFiles/EncoderTest.elf.dir/Core/Src/adc.c.obj
                0x08002260                MX_ADC1_Init
 .text.HAL_ADC_MspInit
                0x08002304       0x9c CMakeFiles/EncoderTest.elf.dir/Core/Src/adc.c.obj
                0x08002304                HAL_ADC_MspInit
 .text.MX_DMA_Init
                0x080023a0       0x30 CMakeFiles/EncoderTest.elf.dir/Core/Src/dma.c.obj
                0x080023a0                MX_DMA_Init
 .text.MX_GPIO_Init
                0x080023d0       0x5c CMakeFiles/EncoderTest.elf.dir/Core/Src/gpio.c.obj
                0x080023d0                MX_GPIO_Init
 .text.__io_putchar
                0x0800242c       0x20 CMakeFiles/EncoderTest.elf.dir/Core/Src/main.c.obj
                0x0800242c                __io_putchar
 .text.Error_Handler
                0x0800244c        0x4 CMakeFiles/EncoderTest.elf.dir/Core/Src/main.c.obj
                0x0800244c                Error_Handler
 .text.SystemClock_Config
                0x08002450       0x60 CMakeFiles/EncoderTest.elf.dir/Core/Src/main.c.obj
                0x08002450                SystemClock_Config
 .text.main     0x080024b0       0x7c CMakeFiles/EncoderTest.elf.dir/Core/Src/main.c.obj
                0x080024b0                main
 .text.HAL_MspInit
                0x0800252c       0x38 CMakeFiles/EncoderTest.elf.dir/Core/Src/stm32g0xx_hal_msp.c.obj
                0x0800252c                HAL_MspInit
 .text.NMI_Handler
                0x08002564        0x2 CMakeFiles/EncoderTest.elf.dir/Core/Src/stm32g0xx_it.c.obj
                0x08002564                NMI_Handler
 .text.HardFault_Handler
                0x08002566        0x2 CMakeFiles/EncoderTest.elf.dir/Core/Src/stm32g0xx_it.c.obj
                0x08002566                HardFault_Handler
 .text.SVC_Handler
                0x08002568        0x2 CMakeFiles/EncoderTest.elf.dir/Core/Src/stm32g0xx_it.c.obj
                0x08002568                SVC_Handler
 .text.PendSV_Handler
                0x0800256a        0x2 CMakeFiles/EncoderTest.elf.dir/Core/Src/stm32g0xx_it.c.obj
                0x0800256a                PendSV_Handler
 .text.SysTick_Handler
                0x0800256c        0x8 CMakeFiles/EncoderTest.elf.dir/Core/Src/stm32g0xx_it.c.obj
                0x0800256c                SysTick_Handler
 .text.DMA1_Channel1_IRQHandler
                0x08002574       0x10 CMakeFiles/EncoderTest.elf.dir/Core/Src/stm32g0xx_it.c.obj
                0x08002574                DMA1_Channel1_IRQHandler
 .text._getpid  0x08002584        0x4 CMakeFiles/EncoderTest.elf.dir/Core/Src/syscalls.c.obj
                0x08002584                _getpid
 .text._kill    0x08002588       0x10 CMakeFiles/EncoderTest.elf.dir/Core/Src/syscalls.c.obj
                0x08002588                _kill
 .text._exit    0x08002598        0xc CMakeFiles/EncoderTest.elf.dir/Core/Src/syscalls.c.obj
                0x08002598                _exit
 .text._read    0x080025a4       0x1c CMakeFiles/EncoderTest.elf.dir/Core/Src/syscalls.c.obj
                0x080025a4                _read
 .text._write   0x080025c0       0x1c CMakeFiles/EncoderTest.elf.dir/Core/Src/syscalls.c.obj
                0x080025c0                _write
 .text._close   0x080025dc        0x6 CMakeFiles/EncoderTest.elf.dir/Core/Src/syscalls.c.obj
                0x080025dc                _close
 .text._fstat   0x080025e2        0xa CMakeFiles/EncoderTest.elf.dir/Core/Src/syscalls.c.obj
                0x080025e2                _fstat
 .text._isatty  0x080025ec        0x4 CMakeFiles/EncoderTest.elf.dir/Core/Src/syscalls.c.obj
                0x080025ec                _isatty
 .text._lseek   0x080025f0        0x4 CMakeFiles/EncoderTest.elf.dir/Core/Src/syscalls.c.obj
                0x080025f0                _lseek
 .text._sbrk    0x080025f4       0x48 CMakeFiles/EncoderTest.elf.dir/Core/Src/sysmem.c.obj
                0x080025f4                _sbrk
 .text.SystemInit
                0x0800263c        0x2 CMakeFiles/EncoderTest.elf.dir/Core/Src/system_stm32g0xx.c.obj
                0x0800263c                SystemInit
 *fill*         0x0800263e        0x2 
 .text.MX_TIM3_Init
                0x08002640       0x78 CMakeFiles/EncoderTest.elf.dir/Core/Src/tim.c.obj
                0x08002640                MX_TIM3_Init
 .text.HAL_TIM_Encoder_MspInit
                0x080026b8       0x60 CMakeFiles/EncoderTest.elf.dir/Core/Src/tim.c.obj
                0x080026b8                HAL_TIM_Encoder_MspInit
 .text.MX_USART1_UART_Init
                0x08002718       0x70 CMakeFiles/EncoderTest.elf.dir/Core/Src/usart.c.obj
                0x08002718                MX_USART1_UART_Init
 .text.HAL_UART_MspInit
                0x08002788       0x88 CMakeFiles/EncoderTest.elf.dir/Core/Src/usart.c.obj
                0x08002788                HAL_UART_MspInit
 .text.Reset_Handler
                0x08002810       0x50 CMakeFiles/EncoderTest.elf.dir/Core/Startup/startup_stm32g070rbtx.s.obj
                0x08002810                Reset_Handler
 .text.Default_Handler
                0x08002860        0x2 CMakeFiles/EncoderTest.elf.dir/Core/Startup/startup_stm32g070rbtx.s.obj
                0x08002860                TIM1_CC_IRQHandler
                0x08002860                TIM6_IRQHandler
                0x08002860                I2C1_IRQHandler
                0x08002860                RTC_TAMP_IRQHandler
                0x08002860                SPI1_IRQHandler
                0x08002860                USART3_4_IRQHandler
                0x08002860                EXTI2_3_IRQHandler
                0x08002860                ADC1_IRQHandler
                0x08002860                I2C2_IRQHandler
                0x08002860                TIM17_IRQHandler
                0x08002860                TIM16_IRQHandler
                0x08002860                TIM3_IRQHandler
                0x08002860                EXTI4_15_IRQHandler
                0x08002860                RCC_IRQHandler
                0x08002860                Default_Handler
                0x08002860                TIM14_IRQHandler
                0x08002860                TIM7_IRQHandler
                0x08002860                TIM15_IRQHandler
                0x08002860                EXTI0_1_IRQHandler
                0x08002860                SPI2_IRQHandler
                0x08002860                WWDG_IRQHandler
                0x08002860                DMA1_Ch4_7_DMAMUX1_OVR_IRQHandler
                0x08002860                DMA1_Channel2_3_IRQHandler
                0x08002860                USART2_IRQHandler
                0x08002860                FLASH_IRQHandler
                0x08002860                USART1_IRQHandler
                0x08002860                TIM1_BRK_UP_TRG_COM_IRQHandler
 *fill*         0x08002862        0x2 
 .text.HAL_InitTick
                0x08002864       0x58 CMakeFiles/EncoderTest.elf.dir/Drivers/STM32G0xx_HAL_Driver/Src/stm32g0xx_hal.c.obj
                0x08002864                HAL_InitTick
 .text.HAL_Init
                0x080028bc       0x28 CMakeFiles/EncoderTest.elf.dir/Drivers/STM32G0xx_HAL_Driver/Src/stm32g0xx_hal.c.obj
                0x080028bc                HAL_Init
 .text.HAL_IncTick
                0x080028e4       0x18 CMakeFiles/EncoderTest.elf.dir/Drivers/STM32G0xx_HAL_Driver/Src/stm32g0xx_hal.c.obj
                0x080028e4                HAL_IncTick
 .text.HAL_GetTick
                0x080028fc        0xc CMakeFiles/EncoderTest.elf.dir/Drivers/STM32G0xx_HAL_Driver/Src/stm32g0xx_hal.c.obj
                0x080028fc                HAL_GetTick
 .text.HAL_Delay
                0x08002908       0x24 CMakeFiles/EncoderTest.elf.dir/Drivers/STM32G0xx_HAL_Driver/Src/stm32g0xx_hal.c.obj
                0x08002908                HAL_Delay
 .text.HAL_SYSCFG_StrobeDBattpinsConfig
                0x0800292c       0x18 CMakeFiles/EncoderTest.elf.dir/Drivers/STM32G0xx_HAL_Driver/Src/stm32g0xx_hal.c.obj
                0x0800292c                HAL_SYSCFG_StrobeDBattpinsConfig
 .text.HAL_ADC_Init
                0x08002944      0x244 CMakeFiles/EncoderTest.elf.dir/Drivers/STM32G0xx_HAL_Driver/Src/stm32g0xx_hal_adc.c.obj
                0x08002944                HAL_ADC_Init
 .text.HAL_ADC_ConfigChannel
                0x08002b88      0x2a0 CMakeFiles/EncoderTest.elf.dir/Drivers/STM32G0xx_HAL_Driver/Src/stm32g0xx_hal_adc.c.obj
                0x08002b88                HAL_ADC_ConfigChannel
 .text.HAL_NVIC_SetPriority
                0x08002e28       0x60 CMakeFiles/EncoderTest.elf.dir/Drivers/STM32G0xx_HAL_Driver/Src/stm32g0xx_hal_cortex.c.obj
                0x08002e28                HAL_NVIC_SetPriority
 .text.HAL_NVIC_EnableIRQ
                0x08002e88       0x18 CMakeFiles/EncoderTest.elf.dir/Drivers/STM32G0xx_HAL_Driver/Src/stm32g0xx_hal_cortex.c.obj
                0x08002e88                HAL_NVIC_EnableIRQ
 .text.HAL_SYSTICK_Config
                0x08002ea0       0x38 CMakeFiles/EncoderTest.elf.dir/Drivers/STM32G0xx_HAL_Driver/Src/stm32g0xx_hal_cortex.c.obj
                0x08002ea0                HAL_SYSTICK_Config
 .text.DMA_CalcDMAMUXChannelBaseAndMask
                0x08002ed8       0x38 CMakeFiles/EncoderTest.elf.dir/Drivers/STM32G0xx_HAL_Driver/Src/stm32g0xx_hal_dma.c.obj
 .text.DMA_CalcDMAMUXRequestGenBaseAndMask
                0x08002f10       0x28 CMakeFiles/EncoderTest.elf.dir/Drivers/STM32G0xx_HAL_Driver/Src/stm32g0xx_hal_dma.c.obj
 .text.HAL_DMA_Init
                0x08002f38       0xb0 CMakeFiles/EncoderTest.elf.dir/Drivers/STM32G0xx_HAL_Driver/Src/stm32g0xx_hal_dma.c.obj
                0x08002f38                HAL_DMA_Init
 .text.HAL_DMA_IRQHandler
                0x08002fe8       0xcc CMakeFiles/EncoderTest.elf.dir/Drivers/STM32G0xx_HAL_Driver/Src/stm32g0xx_hal_dma.c.obj
                0x08002fe8                HAL_DMA_IRQHandler
 .text.HAL_GPIO_Init
                0x080030b4      0x178 CMakeFiles/EncoderTest.elf.dir/Drivers/STM32G0xx_HAL_Driver/Src/stm32g0xx_hal_gpio.c.obj
                0x080030b4                HAL_GPIO_Init
 .text.HAL_GPIO_WritePin
                0x0800322c        0xc CMakeFiles/EncoderTest.elf.dir/Drivers/STM32G0xx_HAL_Driver/Src/stm32g0xx_hal_gpio.c.obj
                0x0800322c                HAL_GPIO_WritePin
 .text.HAL_GPIO_TogglePin
                0x08003238       0x10 CMakeFiles/EncoderTest.elf.dir/Drivers/STM32G0xx_HAL_Driver/Src/stm32g0xx_hal_gpio.c.obj
                0x08003238                HAL_GPIO_TogglePin
 .text.HAL_PWREx_ControlVoltageScaling
                0x08003248       0x54 CMakeFiles/EncoderTest.elf.dir/Drivers/STM32G0xx_HAL_Driver/Src/stm32g0xx_hal_pwr_ex.c.obj
                0x08003248                HAL_PWREx_ControlVoltageScaling
 .text.HAL_RCC_OscConfig
                0x0800329c      0x4a4 CMakeFiles/EncoderTest.elf.dir/Drivers/STM32G0xx_HAL_Driver/Src/stm32g0xx_hal_rcc.c.obj
                0x0800329c                HAL_RCC_OscConfig
 .text.HAL_RCC_GetSysClockFreq
                0x08003740       0xb8 CMakeFiles/EncoderTest.elf.dir/Drivers/STM32G0xx_HAL_Driver/Src/stm32g0xx_hal_rcc.c.obj
                0x08003740                HAL_RCC_GetSysClockFreq
 .text.HAL_RCC_ClockConfig
                0x080037f8      0x18c CMakeFiles/EncoderTest.elf.dir/Drivers/STM32G0xx_HAL_Driver/Src/stm32g0xx_hal_rcc.c.obj
                0x080037f8                HAL_RCC_ClockConfig
 .text.HAL_RCC_GetHCLKFreq
                0x08003984        0xc CMakeFiles/EncoderTest.elf.dir/Drivers/STM32G0xx_HAL_Driver/Src/stm32g0xx_hal_rcc.c.obj
                0x08003984                HAL_RCC_GetHCLKFreq
 .text.HAL_RCC_GetPCLK1Freq
                0x08003990       0x28 CMakeFiles/EncoderTest.elf.dir/Drivers/STM32G0xx_HAL_Driver/Src/stm32g0xx_hal_rcc.c.obj
                0x08003990                HAL_RCC_GetPCLK1Freq
 .text.HAL_RCCEx_PeriphCLKConfig
                0x080039b8      0x190 CMakeFiles/EncoderTest.elf.dir/Drivers/STM32G0xx_HAL_Driver/Src/stm32g0xx_hal_rcc_ex.c.obj
                0x080039b8                HAL_RCCEx_PeriphCLKConfig
 .text.TIM_Base_SetConfig
                0x08003b48       0x94 CMakeFiles/EncoderTest.elf.dir/Drivers/STM32G0xx_HAL_Driver/Src/stm32g0xx_hal_tim.c.obj
                0x08003b48                TIM_Base_SetConfig
 .text.HAL_TIM_Encoder_Init
                0x08003bdc       0xbc CMakeFiles/EncoderTest.elf.dir/Drivers/STM32G0xx_HAL_Driver/Src/stm32g0xx_hal_tim.c.obj
                0x08003bdc                HAL_TIM_Encoder_Init
 .text.TIM_CCxChannelCmd
                0x08003c98       0x1a CMakeFiles/EncoderTest.elf.dir/Drivers/STM32G0xx_HAL_Driver/Src/stm32g0xx_hal_tim.c.obj
                0x08003c98                TIM_CCxChannelCmd
 .text.HAL_TIM_Encoder_Start
                0x08003cb2       0xc8 CMakeFiles/EncoderTest.elf.dir/Drivers/STM32G0xx_HAL_Driver/Src/stm32g0xx_hal_tim.c.obj
                0x08003cb2                HAL_TIM_Encoder_Start
 *fill*         0x08003d7a        0x2 
 .text.HAL_TIMEx_MasterConfigSynchronization
                0x08003d7c       0x78 CMakeFiles/EncoderTest.elf.dir/Drivers/STM32G0xx_HAL_Driver/Src/stm32g0xx_hal_tim_ex.c.obj
                0x08003d7c                HAL_TIMEx_MasterConfigSynchronization
 .text.UART_SetConfig
                0x08003df4      0x1f0 CMakeFiles/EncoderTest.elf.dir/Drivers/STM32G0xx_HAL_Driver/Src/stm32g0xx_hal_uart.c.obj
                0x08003df4                UART_SetConfig
 .text.UART_AdvFeatureConfig
                0x08003fe4       0xe0 CMakeFiles/EncoderTest.elf.dir/Drivers/STM32G0xx_HAL_Driver/Src/stm32g0xx_hal_uart.c.obj
                0x08003fe4                UART_AdvFeatureConfig
 .text.UART_WaitOnFlagUntilTimeout
                0x080040c4       0xe4 CMakeFiles/EncoderTest.elf.dir/Drivers/STM32G0xx_HAL_Driver/Src/stm32g0xx_hal_uart.c.obj
                0x080040c4                UART_WaitOnFlagUntilTimeout
 .text.HAL_UART_Transmit
                0x080041a8       0xf0 CMakeFiles/EncoderTest.elf.dir/Drivers/STM32G0xx_HAL_Driver/Src/stm32g0xx_hal_uart.c.obj
                0x080041a8                HAL_UART_Transmit
 .text.UART_CheckIdleState
                0x08004298       0x74 CMakeFiles/EncoderTest.elf.dir/Drivers/STM32G0xx_HAL_Driver/Src/stm32g0xx_hal_uart.c.obj
                0x08004298                UART_CheckIdleState
 .text.HAL_UART_Init
                0x0800430c       0x70 CMakeFiles/EncoderTest.elf.dir/Drivers/STM32G0xx_HAL_Driver/Src/stm32g0xx_hal_uart.c.obj
                0x0800430c                HAL_UART_Init
 .text.UARTEx_SetNbDataToProcess
                0x0800437c       0x50 CMakeFiles/EncoderTest.elf.dir/Drivers/STM32G0xx_HAL_Driver/Src/stm32g0xx_hal_uart_ex.c.obj
 .text.HAL_UARTEx_DisableFifoMode
                0x080043cc       0x40 CMakeFiles/EncoderTest.elf.dir/Drivers/STM32G0xx_HAL_Driver/Src/stm32g0xx_hal_uart_ex.c.obj
                0x080043cc                HAL_UARTEx_DisableFifoMode
 .text.HAL_UARTEx_SetTxFifoThreshold
                0x0800440c       0x4a CMakeFiles/EncoderTest.elf.dir/Drivers/STM32G0xx_HAL_Driver/Src/stm32g0xx_hal_uart_ex.c.obj
                0x0800440c                HAL_UARTEx_SetTxFifoThreshold
 *fill*         0x08004456        0x2 
 .text.HAL_UARTEx_SetRxFifoThreshold
                0x08004458       0x50 CMakeFiles/EncoderTest.elf.dir/Drivers/STM32G0xx_HAL_Driver/Src/stm32g0xx_hal_uart_ex.c.obj
                0x08004458                HAL_UARTEx_SetRxFifoThreshold
 .text.__errno  0x080044a8        0xc d:/stmicroelectronics/stm32cube/gnu-tools-arm-embedded/bin/../lib/gcc/arm-none-eabi/10.3.1/../../../../arm-none-eabi/lib/thumb/v6-m/nofp\libc.a(lib_a-errno.o)
                0x080044a8                __errno
 .text.__libc_init_array
                0x080044b4       0x44 d:/stmicroelectronics/stm32cube/gnu-tools-arm-embedded/bin/../lib/gcc/arm-none-eabi/10.3.1/../../../../arm-none-eabi/lib/thumb/v6-m/nofp\libc.a(lib_a-init.o)
                0x080044b4                __libc_init_array
 .text.memset   0x080044f8       0xa8 d:/stmicroelectronics/stm32cube/gnu-tools-arm-embedded/bin/../lib/gcc/arm-none-eabi/10.3.1/../../../../arm-none-eabi/lib/thumb/v6-m/nofp\libc.a(lib_a-memset.o)
                0x080044f8                memset
 .text.printf   0x080045a0       0x24 d:/stmicroelectronics/stm32cube/gnu-tools-arm-embedded/bin/../lib/gcc/arm-none-eabi/10.3.1/../../../../arm-none-eabi/lib/thumb/v6-m/nofp\libc.a(lib_a-printf.o)
                0x080045a0                printf
 .text._vfprintf_r
                0x080045c4     0x1c44 d:/stmicroelectronics/stm32cube/gnu-tools-arm-embedded/bin/../lib/gcc/arm-none-eabi/10.3.1/../../../../arm-none-eabi/lib/thumb/v6-m/nofp\libc.a(lib_a-vfprintf.o)
                0x080045c4                _vfprintf_r
 .text.__sbprintf
                0x08006208       0x8c d:/stmicroelectronics/stm32cube/gnu-tools-arm-embedded/bin/../lib/gcc/arm-none-eabi/10.3.1/../../../../arm-none-eabi/lib/thumb/v6-m/nofp\libc.a(lib_a-vfprintf.o)
 .text.__swsetup_r
                0x08006294       0xdc d:/stmicroelectronics/stm32cube/gnu-tools-arm-embedded/bin/../lib/gcc/arm-none-eabi/10.3.1/../../../../arm-none-eabi/lib/thumb/v6-m/nofp\libc.a(lib_a-wsetup.o)
                0x08006294                __swsetup_r
 .text.startup.register_fini
                0x08006370       0x18 d:/stmicroelectronics/stm32cube/gnu-tools-arm-embedded/bin/../lib/gcc/arm-none-eabi/10.3.1/../../../../arm-none-eabi/lib/thumb/v6-m/nofp\libc.a(lib_a-__call_atexit.o)
 .text.atexit   0x08006388       0x10 d:/stmicroelectronics/stm32cube/gnu-tools-arm-embedded/bin/../lib/gcc/arm-none-eabi/10.3.1/../../../../arm-none-eabi/lib/thumb/v6-m/nofp\libc.a(lib_a-atexit.o)
                0x08006388                atexit
 .text.quorem   0x08006398      0x148 d:/stmicroelectronics/stm32cube/gnu-tools-arm-embedded/bin/../lib/gcc/arm-none-eabi/10.3.1/../../../../arm-none-eabi/lib/thumb/v6-m/nofp\libc.a(lib_a-dtoa.o)
 .text._dtoa_r  0x080064e0      0xfbc d:/stmicroelectronics/stm32cube/gnu-tools-arm-embedded/bin/../lib/gcc/arm-none-eabi/10.3.1/../../../../arm-none-eabi/lib/thumb/v6-m/nofp\libc.a(lib_a-dtoa.o)
                0x080064e0                _dtoa_r
 .text.__sflush_r
                0x0800749c      0x140 d:/stmicroelectronics/stm32cube/gnu-tools-arm-embedded/bin/../lib/gcc/arm-none-eabi/10.3.1/../../../../arm-none-eabi/lib/thumb/v6-m/nofp\libc.a(lib_a-fflush.o)
                0x0800749c                __sflush_r
 .text._fflush_r
                0x080075dc       0x6c d:/stmicroelectronics/stm32cube/gnu-tools-arm-embedded/bin/../lib/gcc/arm-none-eabi/10.3.1/../../../../arm-none-eabi/lib/thumb/v6-m/nofp\libc.a(lib_a-fflush.o)
                0x080075dc                _fflush_r
 .text._cleanup_r
                0x08007648       0x10 d:/stmicroelectronics/stm32cube/gnu-tools-arm-embedded/bin/../lib/gcc/arm-none-eabi/10.3.1/../../../../arm-none-eabi/lib/thumb/v6-m/nofp\libc.a(lib_a-findfp.o)
                0x08007648                _cleanup_r
 .text.__sinit  0x08007658      0x120 d:/stmicroelectronics/stm32cube/gnu-tools-arm-embedded/bin/../lib/gcc/arm-none-eabi/10.3.1/../../../../arm-none-eabi/lib/thumb/v6-m/nofp\libc.a(lib_a-findfp.o)
                0x08007658                __sinit
 .text.__sfp_lock_acquire
                0x08007778       0x10 d:/stmicroelectronics/stm32cube/gnu-tools-arm-embedded/bin/../lib/gcc/arm-none-eabi/10.3.1/../../../../arm-none-eabi/lib/thumb/v6-m/nofp\libc.a(lib_a-findfp.o)
                0x08007778                __sfp_lock_acquire
 .text.__sfp_lock_release
                0x08007788       0x10 d:/stmicroelectronics/stm32cube/gnu-tools-arm-embedded/bin/../lib/gcc/arm-none-eabi/10.3.1/../../../../arm-none-eabi/lib/thumb/v6-m/nofp\libc.a(lib_a-findfp.o)
                0x08007788                __sfp_lock_release
 .text.__libc_fini_array
                0x08007798       0x28 d:/stmicroelectronics/stm32cube/gnu-tools-arm-embedded/bin/../lib/gcc/arm-none-eabi/10.3.1/../../../../arm-none-eabi/lib/thumb/v6-m/nofp\libc.a(lib_a-fini.o)
                0x08007798                __libc_fini_array
 .text._malloc_trim_r
                0x080077c0       0x9c d:/stmicroelectronics/stm32cube/gnu-tools-arm-embedded/bin/../lib/gcc/arm-none-eabi/10.3.1/../../../../arm-none-eabi/lib/thumb/v6-m/nofp\libc.a(lib_a-freer.o)
                0x080077c0                _malloc_trim_r
 .text._free_r  0x0800785c      0x1c4 d:/stmicroelectronics/stm32cube/gnu-tools-arm-embedded/bin/../lib/gcc/arm-none-eabi/10.3.1/../../../../arm-none-eabi/lib/thumb/v6-m/nofp\libc.a(lib_a-freer.o)
                0x0800785c                _free_r
 .text._fwalk_reent
                0x08007a20       0x48 d:/stmicroelectronics/stm32cube/gnu-tools-arm-embedded/bin/../lib/gcc/arm-none-eabi/10.3.1/../../../../arm-none-eabi/lib/thumb/v6-m/nofp\libc.a(lib_a-fwalk.o)
                0x08007a20                _fwalk_reent
 .text._localeconv_r
                0x08007a68        0x8 d:/stmicroelectronics/stm32cube/gnu-tools-arm-embedded/bin/../lib/gcc/arm-none-eabi/10.3.1/../../../../arm-none-eabi/lib/thumb/v6-m/nofp\libc.a(lib_a-localeconv.o)
                0x08007a68                _localeconv_r
 .text.__retarget_lock_init_recursive
                0x08007a70        0x4 d:/stmicroelectronics/stm32cube/gnu-tools-arm-embedded/bin/../lib/gcc/arm-none-eabi/10.3.1/../../../../arm-none-eabi/lib/thumb/v6-m/nofp\libc.a(lib_a-lock.o)
                0x08007a70                __retarget_lock_init_recursive
 .text.__retarget_lock_close_recursive
                0x08007a74        0x4 d:/stmicroelectronics/stm32cube/gnu-tools-arm-embedded/bin/../lib/gcc/arm-none-eabi/10.3.1/../../../../arm-none-eabi/lib/thumb/v6-m/nofp\libc.a(lib_a-lock.o)
                0x08007a74                __retarget_lock_close_recursive
 .text.__retarget_lock_acquire_recursive
                0x08007a78        0x4 d:/stmicroelectronics/stm32cube/gnu-tools-arm-embedded/bin/../lib/gcc/arm-none-eabi/10.3.1/../../../../arm-none-eabi/lib/thumb/v6-m/nofp\libc.a(lib_a-lock.o)
                0x08007a78                __retarget_lock_acquire_recursive
 .text.__retarget_lock_release_recursive
                0x08007a7c        0x4 d:/stmicroelectronics/stm32cube/gnu-tools-arm-embedded/bin/../lib/gcc/arm-none-eabi/10.3.1/../../../../arm-none-eabi/lib/thumb/v6-m/nofp\libc.a(lib_a-lock.o)
                0x08007a7c                __retarget_lock_release_recursive
 .text.__smakebuf_r
                0x08007a80       0xe4 d:/stmicroelectronics/stm32cube/gnu-tools-arm-embedded/bin/../lib/gcc/arm-none-eabi/10.3.1/../../../../arm-none-eabi/lib/thumb/v6-m/nofp\libc.a(lib_a-makebuf.o)
                0x08007a80                __smakebuf_r
 .text._malloc_r
                0x08007b64      0x584 d:/stmicroelectronics/stm32cube/gnu-tools-arm-embedded/bin/../lib/gcc/arm-none-eabi/10.3.1/../../../../arm-none-eabi/lib/thumb/v6-m/nofp\libc.a(lib_a-mallocr.o)
                0x08007b64                _malloc_r
 .text.memchr   0x080080e8       0x74 d:/stmicroelectronics/stm32cube/gnu-tools-arm-embedded/bin/../lib/gcc/arm-none-eabi/10.3.1/../../../../arm-none-eabi/lib/thumb/v6-m/nofp\libc.a(lib_a-memchr-stub.o)
                0x080080e8                memchr
 .text.memcpy   0x0800815c       0xa4 d:/stmicroelectronics/stm32cube/gnu-tools-arm-embedded/bin/../lib/gcc/arm-none-eabi/10.3.1/../../../../arm-none-eabi/lib/thumb/v6-m/nofp\libc.a(lib_a-memcpy-stub.o)
                0x0800815c                memcpy
 .text.__malloc_lock
                0x08008200       0x10 d:/stmicroelectronics/stm32cube/gnu-tools-arm-embedded/bin/../lib/gcc/arm-none-eabi/10.3.1/../../../../arm-none-eabi/lib/thumb/v6-m/nofp\libc.a(lib_a-mlock.o)
                0x08008200                __malloc_lock
 .text.__malloc_unlock
                0x08008210       0x10 d:/stmicroelectronics/stm32cube/gnu-tools-arm-embedded/bin/../lib/gcc/arm-none-eabi/10.3.1/../../../../arm-none-eabi/lib/thumb/v6-m/nofp\libc.a(lib_a-mlock.o)
                0x08008210                __malloc_unlock
 .text._Balloc  0x08008220       0x50 d:/stmicroelectronics/stm32cube/gnu-tools-arm-embedded/bin/../lib/gcc/arm-none-eabi/10.3.1/../../../../arm-none-eabi/lib/thumb/v6-m/nofp\libc.a(lib_a-mprec.o)
                0x08008220                _Balloc
 .text._Bfree   0x08008270       0x14 d:/stmicroelectronics/stm32cube/gnu-tools-arm-embedded/bin/../lib/gcc/arm-none-eabi/10.3.1/../../../../arm-none-eabi/lib/thumb/v6-m/nofp\libc.a(lib_a-mprec.o)
                0x08008270                _Bfree
 .text.__multadd
                0x08008284       0xa8 d:/stmicroelectronics/stm32cube/gnu-tools-arm-embedded/bin/../lib/gcc/arm-none-eabi/10.3.1/../../../../arm-none-eabi/lib/thumb/v6-m/nofp\libc.a(lib_a-mprec.o)
                0x08008284                __multadd
 .text.__hi0bits
                0x0800832c       0x38 d:/stmicroelectronics/stm32cube/gnu-tools-arm-embedded/bin/../lib/gcc/arm-none-eabi/10.3.1/../../../../arm-none-eabi/lib/thumb/v6-m/nofp\libc.a(lib_a-mprec.o)
                0x0800832c                __hi0bits
 .text.__lo0bits
                0x08008364       0x5c d:/stmicroelectronics/stm32cube/gnu-tools-arm-embedded/bin/../lib/gcc/arm-none-eabi/10.3.1/../../../../arm-none-eabi/lib/thumb/v6-m/nofp\libc.a(lib_a-mprec.o)
                0x08008364                __lo0bits
 .text.__i2b    0x080083c0       0x60 d:/stmicroelectronics/stm32cube/gnu-tools-arm-embedded/bin/../lib/gcc/arm-none-eabi/10.3.1/../../../../arm-none-eabi/lib/thumb/v6-m/nofp\libc.a(lib_a-mprec.o)
                0x080083c0                __i2b
 .text.__multiply
                0x08008420      0x1a4 d:/stmicroelectronics/stm32cube/gnu-tools-arm-embedded/bin/../lib/gcc/arm-none-eabi/10.3.1/../../../../arm-none-eabi/lib/thumb/v6-m/nofp\libc.a(lib_a-mprec.o)
                0x08008420                __multiply
 .text.__pow5mult
                0x080085c4       0xd8 d:/stmicroelectronics/stm32cube/gnu-tools-arm-embedded/bin/../lib/gcc/arm-none-eabi/10.3.1/../../../../arm-none-eabi/lib/thumb/v6-m/nofp\libc.a(lib_a-mprec.o)
                0x080085c4                __pow5mult
 .text.__lshift
                0x0800869c       0xfc d:/stmicroelectronics/stm32cube/gnu-tools-arm-embedded/bin/../lib/gcc/arm-none-eabi/10.3.1/../../../../arm-none-eabi/lib/thumb/v6-m/nofp\libc.a(lib_a-mprec.o)
                0x0800869c                __lshift
 .text.__mcmp   0x08008798       0x34 d:/stmicroelectronics/stm32cube/gnu-tools-arm-embedded/bin/../lib/gcc/arm-none-eabi/10.3.1/../../../../arm-none-eabi/lib/thumb/v6-m/nofp\libc.a(lib_a-mprec.o)
                0x08008798                __mcmp
 .text.__mdiff  0x080087cc      0x18c d:/stmicroelectronics/stm32cube/gnu-tools-arm-embedded/bin/../lib/gcc/arm-none-eabi/10.3.1/../../../../arm-none-eabi/lib/thumb/v6-m/nofp\libc.a(lib_a-mprec.o)
                0x080087cc                __mdiff
 .text.__d2b    0x08008958       0xd8 d:/stmicroelectronics/stm32cube/gnu-tools-arm-embedded/bin/../lib/gcc/arm-none-eabi/10.3.1/../../../../arm-none-eabi/lib/thumb/v6-m/nofp\libc.a(lib_a-mprec.o)
                0x08008958                __d2b
 .text.frexp    0x08008a30       0x64 d:/stmicroelectronics/stm32cube/gnu-tools-arm-embedded/bin/../lib/gcc/arm-none-eabi/10.3.1/../../../../arm-none-eabi/lib/thumb/v6-m/nofp\libc.a(lib_a-s_frexp.o)
                0x08008a30                frexp
 .text._sbrk_r  0x08008a94       0x24 d:/stmicroelectronics/stm32cube/gnu-tools-arm-embedded/bin/../lib/gcc/arm-none-eabi/10.3.1/../../../../arm-none-eabi/lib/thumb/v6-m/nofp\libc.a(lib_a-sbrkr.o)
                0x08008a94                _sbrk_r
 .text.__sread  0x08008ab8       0x28 d:/stmicroelectronics/stm32cube/gnu-tools-arm-embedded/bin/../lib/gcc/arm-none-eabi/10.3.1/../../../../arm-none-eabi/lib/thumb/v6-m/nofp\libc.a(lib_a-stdio.o)
                0x08008ab8                __sread
 .text.__swrite
                0x08008ae0       0x40 d:/stmicroelectronics/stm32cube/gnu-tools-arm-embedded/bin/../lib/gcc/arm-none-eabi/10.3.1/../../../../arm-none-eabi/lib/thumb/v6-m/nofp\libc.a(lib_a-stdio.o)
                0x08008ae0                __swrite
 .text.__sseek  0x08008b20       0x2c d:/stmicroelectronics/stm32cube/gnu-tools-arm-embedded/bin/../lib/gcc/arm-none-eabi/10.3.1/../../../../arm-none-eabi/lib/thumb/v6-m/nofp\libc.a(lib_a-stdio.o)
                0x08008b20                __sseek
 .text.__sclose
                0x08008b4c        0xc d:/stmicroelectronics/stm32cube/gnu-tools-arm-embedded/bin/../lib/gcc/arm-none-eabi/10.3.1/../../../../arm-none-eabi/lib/thumb/v6-m/nofp\libc.a(lib_a-stdio.o)
                0x08008b4c                __sclose
 .text.strlen   0x08008b58       0x5c d:/stmicroelectronics/stm32cube/gnu-tools-arm-embedded/bin/../lib/gcc/arm-none-eabi/10.3.1/../../../../arm-none-eabi/lib/thumb/v6-m/nofp\libc.a(lib_a-strlen-stub.o)
                0x08008b58                strlen
 .text.strncpy  0x08008bb4       0x6c d:/stmicroelectronics/stm32cube/gnu-tools-arm-embedded/bin/../lib/gcc/arm-none-eabi/10.3.1/../../../../arm-none-eabi/lib/thumb/v6-m/nofp\libc.a(lib_a-strncpy.o)
                0x08008bb4                strncpy
 .text.__sprint_r.part.0
                0x08008c20       0x88 d:/stmicroelectronics/stm32cube/gnu-tools-arm-embedded/bin/../lib/gcc/arm-none-eabi/10.3.1/../../../../arm-none-eabi/lib/thumb/v6-m/nofp\libc.a(lib_a-vfiprintf.o)
 .text.__sprint_r
                0x08008ca8       0x14 d:/stmicroelectronics/stm32cube/gnu-tools-arm-embedded/bin/../lib/gcc/arm-none-eabi/10.3.1/../../../../arm-none-eabi/lib/thumb/v6-m/nofp\libc.a(lib_a-vfiprintf.o)
                0x08008ca8                __sprint_r
 .text._vfiprintf_r
                0x08008cbc      0xdb8 d:/stmicroelectronics/stm32cube/gnu-tools-arm-embedded/bin/../lib/gcc/arm-none-eabi/10.3.1/../../../../arm-none-eabi/lib/thumb/v6-m/nofp\libc.a(lib_a-vfiprintf.o)
                0x08008cbc                _vfiprintf_r
 .text.__sbprintf
                0x08009a74       0x8c d:/stmicroelectronics/stm32cube/gnu-tools-arm-embedded/bin/../lib/gcc/arm-none-eabi/10.3.1/../../../../arm-none-eabi/lib/thumb/v6-m/nofp\libc.a(lib_a-vfiprintf.o)
 .text._write_r
                0x08009b00       0x28 d:/stmicroelectronics/stm32cube/gnu-tools-arm-embedded/bin/../lib/gcc/arm-none-eabi/10.3.1/../../../../arm-none-eabi/lib/thumb/v6-m/nofp\libc.a(lib_a-writer.o)
                0x08009b00                _write_r
 .text.__register_exitproc
                0x08009b28       0xac d:/stmicroelectronics/stm32cube/gnu-tools-arm-embedded/bin/../lib/gcc/arm-none-eabi/10.3.1/../../../../arm-none-eabi/lib/thumb/v6-m/nofp\libc.a(lib_a-__atexit.o)
                0x08009b28                __register_exitproc
 .text.__assert_func
                0x08009bd4       0x40 d:/stmicroelectronics/stm32cube/gnu-tools-arm-embedded/bin/../lib/gcc/arm-none-eabi/10.3.1/../../../../arm-none-eabi/lib/thumb/v6-m/nofp\libc.a(lib_a-assert.o)
                0x08009bd4                __assert_func
 .text._calloc_r
                0x08009c14       0x9c d:/stmicroelectronics/stm32cube/gnu-tools-arm-embedded/bin/../lib/gcc/arm-none-eabi/10.3.1/../../../../arm-none-eabi/lib/thumb/v6-m/nofp\libc.a(lib_a-callocr.o)
                0x08009c14                _calloc_r
 .text._close_r
                0x08009cb0       0x24 d:/stmicroelectronics/stm32cube/gnu-tools-arm-embedded/bin/../lib/gcc/arm-none-eabi/10.3.1/../../../../arm-none-eabi/lib/thumb/v6-m/nofp\libc.a(lib_a-closer.o)
                0x08009cb0                _close_r
 .text._fclose_r
                0x08009cd4       0xdc d:/stmicroelectronics/stm32cube/gnu-tools-arm-embedded/bin/../lib/gcc/arm-none-eabi/10.3.1/../../../../arm-none-eabi/lib/thumb/v6-m/nofp\libc.a(lib_a-fclose.o)
                0x08009cd4                _fclose_r
 .text.fiprintf
                0x08009db0       0x24 d:/stmicroelectronics/stm32cube/gnu-tools-arm-embedded/bin/../lib/gcc/arm-none-eabi/10.3.1/../../../../arm-none-eabi/lib/thumb/v6-m/nofp\libc.a(lib_a-fiprintf.o)
                0x08009db0                fiprintf
 .text.__fputwc
                0x08009dd4       0x98 d:/stmicroelectronics/stm32cube/gnu-tools-arm-embedded/bin/../lib/gcc/arm-none-eabi/10.3.1/../../../../arm-none-eabi/lib/thumb/v6-m/nofp\libc.a(lib_a-fputwc.o)
                0x08009dd4                __fputwc
 .text._fputwc_r
                0x08009e6c       0x5c d:/stmicroelectronics/stm32cube/gnu-tools-arm-embedded/bin/../lib/gcc/arm-none-eabi/10.3.1/../../../../arm-none-eabi/lib/thumb/v6-m/nofp\libc.a(lib_a-fputwc.o)
                0x08009e6c                _fputwc_r
 .text._fstat_r
                0x08009ec8       0x28 d:/stmicroelectronics/stm32cube/gnu-tools-arm-embedded/bin/../lib/gcc/arm-none-eabi/10.3.1/../../../../arm-none-eabi/lib/thumb/v6-m/nofp\libc.a(lib_a-fstatr.o)
                0x08009ec8                _fstat_r
 .text.__sfvwrite_r
                0x08009ef0      0x2f4 d:/stmicroelectronics/stm32cube/gnu-tools-arm-embedded/bin/../lib/gcc/arm-none-eabi/10.3.1/../../../../arm-none-eabi/lib/thumb/v6-m/nofp\libc.a(lib_a-fvwrite.o)
                0x08009ef0                __sfvwrite_r
 .text._isatty_r
                0x0800a1e4       0x24 d:/stmicroelectronics/stm32cube/gnu-tools-arm-embedded/bin/../lib/gcc/arm-none-eabi/10.3.1/../../../../arm-none-eabi/lib/thumb/v6-m/nofp\libc.a(lib_a-isattyr.o)
                0x0800a1e4                _isatty_r
 .text.__locale_mb_cur_max
                0x0800a208       0x10 d:/stmicroelectronics/stm32cube/gnu-tools-arm-embedded/bin/../lib/gcc/arm-none-eabi/10.3.1/../../../../arm-none-eabi/lib/thumb/v6-m/nofp\libc.a(lib_a-locale.o)
                0x0800a208                __locale_mb_cur_max
 .text._lseek_r
                0x0800a218       0x28 d:/stmicroelectronics/stm32cube/gnu-tools-arm-embedded/bin/../lib/gcc/arm-none-eabi/10.3.1/../../../../arm-none-eabi/lib/thumb/v6-m/nofp\libc.a(lib_a-lseekr.o)
                0x0800a218                _lseek_r
 .text.__ascii_mbtowc
                0x0800a240       0x2c d:/stmicroelectronics/stm32cube/gnu-tools-arm-embedded/bin/../lib/gcc/arm-none-eabi/10.3.1/../../../../arm-none-eabi/lib/thumb/v6-m/nofp\libc.a(lib_a-mbtowc_r.o)
                0x0800a240                __ascii_mbtowc
 .text.memmove  0x0800a26c       0xac d:/stmicroelectronics/stm32cube/gnu-tools-arm-embedded/bin/../lib/gcc/arm-none-eabi/10.3.1/../../../../arm-none-eabi/lib/thumb/v6-m/nofp\libc.a(lib_a-memmove.o)
                0x0800a26c                memmove
 .text._read_r  0x0800a318       0x28 d:/stmicroelectronics/stm32cube/gnu-tools-arm-embedded/bin/../lib/gcc/arm-none-eabi/10.3.1/../../../../arm-none-eabi/lib/thumb/v6-m/nofp\libc.a(lib_a-readr.o)
                0x0800a318                _read_r
 .text._realloc_r
                0x0800a340      0x354 d:/stmicroelectronics/stm32cube/gnu-tools-arm-embedded/bin/../lib/gcc/arm-none-eabi/10.3.1/../../../../arm-none-eabi/lib/thumb/v6-m/nofp\libc.a(lib_a-reallocr.o)
                0x0800a340                _realloc_r
 .text.__swbuf_r
                0x0800a694       0xc8 d:/stmicroelectronics/stm32cube/gnu-tools-arm-embedded/bin/../lib/gcc/arm-none-eabi/10.3.1/../../../../arm-none-eabi/lib/thumb/v6-m/nofp\libc.a(lib_a-wbuf.o)
                0x0800a694                __swbuf_r
 .text._wcrtomb_r
                0x0800a75c       0x40 d:/stmicroelectronics/stm32cube/gnu-tools-arm-embedded/bin/../lib/gcc/arm-none-eabi/10.3.1/../../../../arm-none-eabi/lib/thumb/v6-m/nofp\libc.a(lib_a-wcrtomb.o)
                0x0800a75c                _wcrtomb_r
 .text.__ascii_wctomb
                0x0800a79c       0x1c d:/stmicroelectronics/stm32cube/gnu-tools-arm-embedded/bin/../lib/gcc/arm-none-eabi/10.3.1/../../../../arm-none-eabi/lib/thumb/v6-m/nofp\libc.a(lib_a-wctomb_r.o)
                0x0800a79c                __ascii_wctomb
 .text.abort    0x0800a7b8       0x10 d:/stmicroelectronics/stm32cube/gnu-tools-arm-embedded/bin/../lib/gcc/arm-none-eabi/10.3.1/../../../../arm-none-eabi/lib/thumb/v6-m/nofp\libc.a(lib_a-abort.o)
                0x0800a7b8                abort
 .text.raise    0x0800a7c8       0x60 d:/stmicroelectronics/stm32cube/gnu-tools-arm-embedded/bin/../lib/gcc/arm-none-eabi/10.3.1/../../../../arm-none-eabi/lib/thumb/v6-m/nofp\libc.a(lib_a-signal.o)
                0x0800a7c8                raise
 .text._kill_r  0x0800a828       0x28 d:/stmicroelectronics/stm32cube/gnu-tools-arm-embedded/bin/../lib/gcc/arm-none-eabi/10.3.1/../../../../arm-none-eabi/lib/thumb/v6-m/nofp\libc.a(lib_a-signalr.o)
                0x0800a828                _kill_r
 .text._getpid_r
                0x0800a850        0x8 d:/stmicroelectronics/stm32cube/gnu-tools-arm-embedded/bin/../lib/gcc/arm-none-eabi/10.3.1/../../../../arm-none-eabi/lib/thumb/v6-m/nofp\libc.a(lib_a-signalr.o)
                0x0800a850                _getpid_r
 *(.glue_7)
 .glue_7        0x0800a858        0x0 linker stubs
 *(.glue_7t)
 .glue_7t       0x0800a858        0x0 linker stubs
 *(.eh_frame)
 .eh_frame      0x0800a858        0x0 d:/stmicroelectronics/stm32cube/gnu-tools-arm-embedded/bin/../lib/gcc/arm-none-eabi/10.3.1/thumb/v6-m/nofp/crtbegin.o
 *(.init)
 .init          0x0800a858        0x4 d:/stmicroelectronics/stm32cube/gnu-tools-arm-embedded/bin/../lib/gcc/arm-none-eabi/10.3.1/thumb/v6-m/nofp/crti.o
                0x0800a858                _init
 .init          0x0800a85c        0x8 d:/stmicroelectronics/stm32cube/gnu-tools-arm-embedded/bin/../lib/gcc/arm-none-eabi/10.3.1/thumb/v6-m/nofp/crtn.o
 *(.fini)
 .fini          0x0800a864        0x4 d:/stmicroelectronics/stm32cube/gnu-tools-arm-embedded/bin/../lib/gcc/arm-none-eabi/10.3.1/thumb/v6-m/nofp/crti.o
                0x0800a864                _fini
 .fini          0x0800a868        0x8 d:/stmicroelectronics/stm32cube/gnu-tools-arm-embedded/bin/../lib/gcc/arm-none-eabi/10.3.1/thumb/v6-m/nofp/crtn.o
                0x0800a870                . = ALIGN (0x4)
                0x0800a870                _etext = .

.vfp11_veneer   0x0800a870        0x0
 .vfp11_veneer  0x0800a870        0x0 linker stubs

.v4_bx          0x0800a870        0x0
 .v4_bx         0x0800a870        0x0 linker stubs

.iplt           0x0800a870        0x0
 .iplt          0x0800a870        0x0 d:/stmicroelectronics/stm32cube/gnu-tools-arm-embedded/bin/../lib/gcc/arm-none-eabi/10.3.1/thumb/v6-m/nofp/crtbegin.o

.rodata         0x0800a870      0x7ec
                0x0800a870                . = ALIGN (0x4)
 *(.rodata)
 .rodata        0x0800a870       0x40 d:/stmicroelectronics/stm32cube/gnu-tools-arm-embedded/bin/../lib/gcc/arm-none-eabi/10.3.1/thumb/v6-m/nofp\libgcc.a(divdf3.o)
 .rodata        0x0800a8b0       0x40 d:/stmicroelectronics/stm32cube/gnu-tools-arm-embedded/bin/../lib/gcc/arm-none-eabi/10.3.1/thumb/v6-m/nofp\libgcc.a(muldf3.o)
 *(.rodata*)
 .rodata.main.str1.4
                0x0800a8f0        0xe CMakeFiles/EncoderTest.elf.dir/Core/Src/main.c.obj
 *fill*         0x0800a8fe        0x2 
 .rodata.AHBPrescTable
                0x0800a900       0x40 CMakeFiles/EncoderTest.elf.dir/Core/Src/system_stm32g0xx.c.obj
                0x0800a900                AHBPrescTable
 .rodata.APBPrescTable
                0x0800a940       0x20 CMakeFiles/EncoderTest.elf.dir/Core/Src/system_stm32g0xx.c.obj
                0x0800a940                APBPrescTable
 .rodata.UARTPrescTable
                0x0800a960       0x18 CMakeFiles/EncoderTest.elf.dir/Drivers/STM32G0xx_HAL_Driver/Src/stm32g0xx_hal_uart.c.obj
                0x0800a960                UARTPrescTable
 .rodata.denominator.0
                0x0800a978        0x8 CMakeFiles/EncoderTest.elf.dir/Drivers/STM32G0xx_HAL_Driver/Src/stm32g0xx_hal_uart_ex.c.obj
 .rodata.numerator.1
                0x0800a980        0x8 CMakeFiles/EncoderTest.elf.dir/Drivers/STM32G0xx_HAL_Driver/Src/stm32g0xx_hal_uart_ex.c.obj
 .rodata._global_impure_ptr
                0x0800a988        0x4 d:/stmicroelectronics/stm32cube/gnu-tools-arm-embedded/bin/../lib/gcc/arm-none-eabi/10.3.1/../../../../arm-none-eabi/lib/thumb/v6-m/nofp\libc.a(lib_a-impure.o)
                0x0800a988                _global_impure_ptr
 .rodata._vfprintf_r.str1.4
                0x0800a98c       0x42 d:/stmicroelectronics/stm32cube/gnu-tools-arm-embedded/bin/../lib/gcc/arm-none-eabi/10.3.1/../../../../arm-none-eabi/lib/thumb/v6-m/nofp\libc.a(lib_a-vfprintf.o)
 *fill*         0x0800a9ce        0x2 
 .rodata._vfprintf_r
                0x0800a9d0      0x16c d:/stmicroelectronics/stm32cube/gnu-tools-arm-embedded/bin/../lib/gcc/arm-none-eabi/10.3.1/../../../../arm-none-eabi/lib/thumb/v6-m/nofp\libc.a(lib_a-vfprintf.o)
 .rodata.blanks.1
                0x0800ab3c       0x10 d:/stmicroelectronics/stm32cube/gnu-tools-arm-embedded/bin/../lib/gcc/arm-none-eabi/10.3.1/../../../../arm-none-eabi/lib/thumb/v6-m/nofp\libc.a(lib_a-vfprintf.o)
 .rodata.zeroes.0
                0x0800ab4c       0x10 d:/stmicroelectronics/stm32cube/gnu-tools-arm-embedded/bin/../lib/gcc/arm-none-eabi/10.3.1/../../../../arm-none-eabi/lib/thumb/v6-m/nofp\libc.a(lib_a-vfprintf.o)
 .rodata._dtoa_r.str1.4
                0x0800ab5c       0xa2 d:/stmicroelectronics/stm32cube/gnu-tools-arm-embedded/bin/../lib/gcc/arm-none-eabi/10.3.1/../../../../arm-none-eabi/lib/thumb/v6-m/nofp\libc.a(lib_a-dtoa.o)
                                 0xa6 (size before relaxing)
 *fill*         0x0800abfe        0x2 
 .rodata.__multadd.str1.4
                0x0800ac00       0x7f d:/stmicroelectronics/stm32cube/gnu-tools-arm-embedded/bin/../lib/gcc/arm-none-eabi/10.3.1/../../../../arm-none-eabi/lib/thumb/v6-m/nofp\libc.a(lib_a-mprec.o)
                                 0x93 (size before relaxing)
 *fill*         0x0800ac7f        0x1 
 .rodata.__mprec_bigtens
                0x0800ac80       0x28 d:/stmicroelectronics/stm32cube/gnu-tools-arm-embedded/bin/../lib/gcc/arm-none-eabi/10.3.1/../../../../arm-none-eabi/lib/thumb/v6-m/nofp\libc.a(lib_a-mprec.o)
                0x0800ac80                __mprec_bigtens
 .rodata.__mprec_tens
                0x0800aca8       0xc8 d:/stmicroelectronics/stm32cube/gnu-tools-arm-embedded/bin/../lib/gcc/arm-none-eabi/10.3.1/../../../../arm-none-eabi/lib/thumb/v6-m/nofp\libc.a(lib_a-mprec.o)
                0x0800aca8                __mprec_tens
 .rodata.p05.0  0x0800ad70        0xc d:/stmicroelectronics/stm32cube/gnu-tools-arm-embedded/bin/../lib/gcc/arm-none-eabi/10.3.1/../../../../arm-none-eabi/lib/thumb/v6-m/nofp\libc.a(lib_a-mprec.o)
 .rodata._vfiprintf_r.str1.4
                0x0800ad7c       0x2f d:/stmicroelectronics/stm32cube/gnu-tools-arm-embedded/bin/../lib/gcc/arm-none-eabi/10.3.1/../../../../arm-none-eabi/lib/thumb/v6-m/nofp\libc.a(lib_a-vfiprintf.o)
 .rodata._vfiprintf_r
                0x0800ad7c      0x16c d:/stmicroelectronics/stm32cube/gnu-tools-arm-embedded/bin/../lib/gcc/arm-none-eabi/10.3.1/../../../../arm-none-eabi/lib/thumb/v6-m/nofp\libc.a(lib_a-vfiprintf.o)
 .rodata.blanks.1
                0x0800aee8       0x10 d:/stmicroelectronics/stm32cube/gnu-tools-arm-embedded/bin/../lib/gcc/arm-none-eabi/10.3.1/../../../../arm-none-eabi/lib/thumb/v6-m/nofp\libc.a(lib_a-vfiprintf.o)
 .rodata.zeroes.0
                0x0800aef8       0x10 d:/stmicroelectronics/stm32cube/gnu-tools-arm-embedded/bin/../lib/gcc/arm-none-eabi/10.3.1/../../../../arm-none-eabi/lib/thumb/v6-m/nofp\libc.a(lib_a-vfiprintf.o)
 .rodata.__assert_func.str1.4
                0x0800af08       0x3f d:/stmicroelectronics/stm32cube/gnu-tools-arm-embedded/bin/../lib/gcc/arm-none-eabi/10.3.1/../../../../arm-none-eabi/lib/thumb/v6-m/nofp\libc.a(lib_a-assert.o)
                                 0x43 (size before relaxing)
 *fill*         0x0800af47        0x1 
 .rodata._setlocale_r.str1.4
                0x0800af48        0xa d:/stmicroelectronics/stm32cube/gnu-tools-arm-embedded/bin/../lib/gcc/arm-none-eabi/10.3.1/../../../../arm-none-eabi/lib/thumb/v6-m/nofp\libc.a(lib_a-locale.o)
                                  0xd (size before relaxing)
 *fill*         0x0800af52        0x2 
 .rodata.str1.4
                0x0800af54        0x2 d:/stmicroelectronics/stm32cube/gnu-tools-arm-embedded/bin/../lib/gcc/arm-none-eabi/10.3.1/../../../../arm-none-eabi/lib/thumb/v6-m/nofp\libc.a(lib_a-locale.o)
 *fill*         0x0800af56        0x2 
 .rodata._ctype_
                0x0800af58      0x101 d:/stmicroelectronics/stm32cube/gnu-tools-arm-embedded/bin/../lib/gcc/arm-none-eabi/10.3.1/../../../../arm-none-eabi/lib/thumb/v6-m/nofp\libc.a(lib_a-ctype_.o)
                0x0800af58                _ctype_
                0x0800b05c                . = ALIGN (0x4)
 *fill*         0x0800b059        0x3 

.ARM.extab      0x0800b05c        0x0
                0x0800b05c                . = ALIGN (0x4)
 *(.ARM.extab* .gnu.linkonce.armextab.*)
                0x0800b05c                . = ALIGN (0x4)

.ARM            0x0800b05c        0x8
                0x0800b05c                . = ALIGN (0x4)
                0x0800b05c                __exidx_start = .
 *(.ARM.exidx*)
 .ARM.exidx     0x0800b05c        0x8 d:/stmicroelectronics/stm32cube/gnu-tools-arm-embedded/bin/../lib/gcc/arm-none-eabi/10.3.1/thumb/v6-m/nofp\libgcc.a(_udivmoddi4.o)
                0x0800b064                __exidx_end = .
                0x0800b064                . = ALIGN (0x4)

.rel.dyn        0x0800b064        0x0
 .rel.iplt      0x0800b064        0x0 d:/stmicroelectronics/stm32cube/gnu-tools-arm-embedded/bin/../lib/gcc/arm-none-eabi/10.3.1/thumb/v6-m/nofp/crtbegin.o

.preinit_array  0x0800b064        0x0
                0x0800b064                . = ALIGN (0x4)
                0x0800b064                PROVIDE (__preinit_array_start = .)
 *(.preinit_array*)
                0x0800b064                PROVIDE (__preinit_array_end = .)
                0x0800b064                . = ALIGN (0x4)

.init_array     0x0800b064        0x8
                0x0800b064                . = ALIGN (0x4)
                0x0800b064                PROVIDE (__init_array_start = .)
 *(SORT_BY_NAME(.init_array.*))
 .init_array.00000
                0x0800b064        0x4 d:/stmicroelectronics/stm32cube/gnu-tools-arm-embedded/bin/../lib/gcc/arm-none-eabi/10.3.1/../../../../arm-none-eabi/lib/thumb/v6-m/nofp\libc.a(lib_a-__call_atexit.o)
 *(.init_array*)
 .init_array    0x0800b068        0x4 d:/stmicroelectronics/stm32cube/gnu-tools-arm-embedded/bin/../lib/gcc/arm-none-eabi/10.3.1/thumb/v6-m/nofp/crtbegin.o
                0x0800b06c                PROVIDE (__init_array_end = .)
                0x0800b06c                . = ALIGN (0x4)

.fini_array     0x0800b06c        0x4
                0x0800b06c                . = ALIGN (0x4)
                0x0800b06c                PROVIDE (__fini_array_start = .)
 *(SORT_BY_NAME(.fini_array.*))
 *(.fini_array*)
 .fini_array    0x0800b06c        0x4 d:/stmicroelectronics/stm32cube/gnu-tools-arm-embedded/bin/../lib/gcc/arm-none-eabi/10.3.1/thumb/v6-m/nofp/crtbegin.o
                0x0800b070                PROVIDE (__fini_array_end = .)
                0x0800b070                . = ALIGN (0x4)
                0x0800b070                _sidata = LOADADDR (.data)

.data           0x20000000      0x9b8 load address 0x0800b070
                0x20000000                . = ALIGN (0x4)
                0x20000000                _sdata = .
 *(.data)
 *(.data*)
 .data.SystemCoreClock
                0x20000000        0x4 CMakeFiles/EncoderTest.elf.dir/Core/Src/system_stm32g0xx.c.obj
                0x20000000                SystemCoreClock
 .data.uwTickFreq
                0x20000004        0x1 CMakeFiles/EncoderTest.elf.dir/Drivers/STM32G0xx_HAL_Driver/Src/stm32g0xx_hal.c.obj
                0x20000004                uwTickFreq
 *fill*         0x20000005        0x3 
 .data.uwTickPrio
                0x20000008        0x4 CMakeFiles/EncoderTest.elf.dir/Drivers/STM32G0xx_HAL_Driver/Src/stm32g0xx_hal.c.obj
                0x20000008                uwTickPrio
 .data._impure_ptr
                0x2000000c        0x4 d:/stmicroelectronics/stm32cube/gnu-tools-arm-embedded/bin/../lib/gcc/arm-none-eabi/10.3.1/../../../../arm-none-eabi/lib/thumb/v6-m/nofp\libc.a(lib_a-impure.o)
                0x2000000c                _impure_ptr
 .data.impure_data
                0x20000010      0x428 d:/stmicroelectronics/stm32cube/gnu-tools-arm-embedded/bin/../lib/gcc/arm-none-eabi/10.3.1/../../../../arm-none-eabi/lib/thumb/v6-m/nofp\libc.a(lib_a-impure.o)
 .data.__atexit_recursive_mutex
                0x20000438        0x4 d:/stmicroelectronics/stm32cube/gnu-tools-arm-embedded/bin/../lib/gcc/arm-none-eabi/10.3.1/../../../../arm-none-eabi/lib/thumb/v6-m/nofp\libc.a(lib_a-__call_atexit.o)
                0x20000438                __atexit_recursive_mutex
 .data.__malloc_av_
                0x2000043c      0x408 d:/stmicroelectronics/stm32cube/gnu-tools-arm-embedded/bin/../lib/gcc/arm-none-eabi/10.3.1/../../../../arm-none-eabi/lib/thumb/v6-m/nofp\libc.a(lib_a-mallocr.o)
                0x2000043c                __malloc_av_
 .data.__malloc_sbrk_base
                0x20000844        0x4 d:/stmicroelectronics/stm32cube/gnu-tools-arm-embedded/bin/../lib/gcc/arm-none-eabi/10.3.1/../../../../arm-none-eabi/lib/thumb/v6-m/nofp\libc.a(lib_a-mallocr.o)
                0x20000844                __malloc_sbrk_base
 .data.__malloc_trim_threshold
                0x20000848        0x4 d:/stmicroelectronics/stm32cube/gnu-tools-arm-embedded/bin/../lib/gcc/arm-none-eabi/10.3.1/../../../../arm-none-eabi/lib/thumb/v6-m/nofp\libc.a(lib_a-mallocr.o)
                0x20000848                __malloc_trim_threshold
 .data.__global_locale
                0x2000084c      0x16c d:/stmicroelectronics/stm32cube/gnu-tools-arm-embedded/bin/../lib/gcc/arm-none-eabi/10.3.1/../../../../arm-none-eabi/lib/thumb/v6-m/nofp\libc.a(lib_a-locale.o)
                0x2000084c                __global_locale
 *(.RamFunc)
 *(.RamFunc*)
                0x200009b8                . = ALIGN (0x4)
                0x200009b8                _edata = .

.igot.plt       0x200009b8        0x0 load address 0x0800ba28
 .igot.plt      0x200009b8        0x0 d:/stmicroelectronics/stm32cube/gnu-tools-arm-embedded/bin/../lib/gcc/arm-none-eabi/10.3.1/thumb/v6-m/nofp/crtbegin.o
                0x200009b8                . = ALIGN (0x4)

.bss            0x200009b8      0x20c load address 0x0800ba28
                0x200009b8                _sbss = .
                0x200009b8                __bss_start__ = _sbss
 *(.bss)
 .bss           0x200009b8       0x1c d:/stmicroelectronics/stm32cube/gnu-tools-arm-embedded/bin/../lib/gcc/arm-none-eabi/10.3.1/thumb/v6-m/nofp/crtbegin.o
 *(.bss*)
 .bss.hadc1     0x200009d4       0x64 CMakeFiles/EncoderTest.elf.dir/Core/Src/adc.c.obj
                0x200009d4                hadc1
 .bss.hdma_adc1
                0x20000a38       0x5c CMakeFiles/EncoderTest.elf.dir/Core/Src/adc.c.obj
                0x20000a38                hdma_adc1
 .bss.__sbrk_heap_end
                0x20000a94        0x4 CMakeFiles/EncoderTest.elf.dir/Core/Src/sysmem.c.obj
 .bss.htim3     0x20000a98       0x4c CMakeFiles/EncoderTest.elf.dir/Core/Src/tim.c.obj
                0x20000a98                htim3
 .bss.huart1    0x20000ae4       0x94 CMakeFiles/EncoderTest.elf.dir/Core/Src/usart.c.obj
                0x20000ae4                huart1
 .bss.uwTick    0x20000b78        0x4 CMakeFiles/EncoderTest.elf.dir/Drivers/STM32G0xx_HAL_Driver/Src/stm32g0xx_hal.c.obj
                0x20000b78                uwTick
 .bss.__lock___atexit_recursive_mutex
                0x20000b7c        0x1 d:/stmicroelectronics/stm32cube/gnu-tools-arm-embedded/bin/../lib/gcc/arm-none-eabi/10.3.1/../../../../arm-none-eabi/lib/thumb/v6-m/nofp\libc.a(lib_a-lock.o)
                0x20000b7c                __lock___atexit_recursive_mutex
 *fill*         0x20000b7d        0x3 
 .bss.__lock___malloc_recursive_mutex
                0x20000b80        0x1 d:/stmicroelectronics/stm32cube/gnu-tools-arm-embedded/bin/../lib/gcc/arm-none-eabi/10.3.1/../../../../arm-none-eabi/lib/thumb/v6-m/nofp\libc.a(lib_a-lock.o)
                0x20000b80                __lock___malloc_recursive_mutex
 *fill*         0x20000b81        0x3 
 .bss.__lock___sfp_recursive_mutex
                0x20000b84        0x1 d:/stmicroelectronics/stm32cube/gnu-tools-arm-embedded/bin/../lib/gcc/arm-none-eabi/10.3.1/../../../../arm-none-eabi/lib/thumb/v6-m/nofp\libc.a(lib_a-lock.o)
                0x20000b84                __lock___sfp_recursive_mutex
 *fill*         0x20000b85        0x3 
 .bss.__lock___sinit_recursive_mutex
                0x20000b88        0x1 d:/stmicroelectronics/stm32cube/gnu-tools-arm-embedded/bin/../lib/gcc/arm-none-eabi/10.3.1/../../../../arm-none-eabi/lib/thumb/v6-m/nofp\libc.a(lib_a-lock.o)
                0x20000b88                __lock___sinit_recursive_mutex
 *fill*         0x20000b89        0x3 
 .bss.__malloc_current_mallinfo
                0x20000b8c       0x28 d:/stmicroelectronics/stm32cube/gnu-tools-arm-embedded/bin/../lib/gcc/arm-none-eabi/10.3.1/../../../../arm-none-eabi/lib/thumb/v6-m/nofp\libc.a(lib_a-mallocr.o)
                0x20000b8c                __malloc_current_mallinfo
 .bss.__malloc_max_sbrked_mem
                0x20000bb4        0x4 d:/stmicroelectronics/stm32cube/gnu-tools-arm-embedded/bin/../lib/gcc/arm-none-eabi/10.3.1/../../../../arm-none-eabi/lib/thumb/v6-m/nofp\libc.a(lib_a-mallocr.o)
                0x20000bb4                __malloc_max_sbrked_mem
 .bss.__malloc_max_total_mem
                0x20000bb8        0x4 d:/stmicroelectronics/stm32cube/gnu-tools-arm-embedded/bin/../lib/gcc/arm-none-eabi/10.3.1/../../../../arm-none-eabi/lib/thumb/v6-m/nofp\libc.a(lib_a-mallocr.o)
                0x20000bb8                __malloc_max_total_mem
 .bss.__malloc_top_pad
                0x20000bbc        0x4 d:/stmicroelectronics/stm32cube/gnu-tools-arm-embedded/bin/../lib/gcc/arm-none-eabi/10.3.1/../../../../arm-none-eabi/lib/thumb/v6-m/nofp\libc.a(lib_a-mallocr.o)
                0x20000bbc                __malloc_top_pad
 .bss.errno     0x20000bc0        0x4 d:/stmicroelectronics/stm32cube/gnu-tools-arm-embedded/bin/../lib/gcc/arm-none-eabi/10.3.1/../../../../arm-none-eabi/lib/thumb/v6-m/nofp\libc.a(lib_a-reent.o)
                0x20000bc0                errno
 *(COMMON)
                0x20000bc4                . = ALIGN (0x4)
                0x20000bc4                _ebss = .
                0x20000bc4                __bss_end__ = _ebss

._user_heap_stack
                0x20000bc4      0x604 load address 0x0800ba28
                0x20000bc8                . = ALIGN (0x8)
 *fill*         0x20000bc4        0x4 
                [!provide]                PROVIDE (end = .)
                0x20000bc8                PROVIDE (_end = .)
                0x20000dc8                . = (. + _Min_Heap_Size)
 *fill*         0x20000bc8      0x200 
                0x200011c8                . = (. + _Min_Stack_Size)
 *fill*         0x20000dc8      0x400 
                0x200011c8                . = ALIGN (0x8)

/DISCARD/
 libc.a(*)
 libm.a(*)
 libgcc.a(*)

.ARM.attributes
                0x00000000       0x28
 *(.ARM.attributes)
 .ARM.attributes
                0x00000000       0x1e d:/stmicroelectronics/stm32cube/gnu-tools-arm-embedded/bin/../lib/gcc/arm-none-eabi/10.3.1/thumb/v6-m/nofp/crti.o
 .ARM.attributes
                0x0000001e       0x2c d:/stmicroelectronics/stm32cube/gnu-tools-arm-embedded/bin/../lib/gcc/arm-none-eabi/10.3.1/thumb/v6-m/nofp/crtbegin.o
 .ARM.attributes
                0x0000004a       0x2c CMakeFiles/EncoderTest.elf.dir/Core/Src/adc.c.obj
 .ARM.attributes
                0x00000076       0x2c CMakeFiles/EncoderTest.elf.dir/Core/Src/dma.c.obj
 .ARM.attributes
                0x000000a2       0x2c CMakeFiles/EncoderTest.elf.dir/Core/Src/gpio.c.obj
 .ARM.attributes
                0x000000ce       0x2c CMakeFiles/EncoderTest.elf.dir/Core/Src/main.c.obj
 .ARM.attributes
                0x000000fa       0x2c CMakeFiles/EncoderTest.elf.dir/Core/Src/stm32g0xx_hal_msp.c.obj
 .ARM.attributes
                0x00000126       0x2c CMakeFiles/EncoderTest.elf.dir/Core/Src/stm32g0xx_it.c.obj
 .ARM.attributes
                0x00000152       0x2c CMakeFiles/EncoderTest.elf.dir/Core/Src/syscalls.c.obj
 .ARM.attributes
                0x0000017e       0x2c CMakeFiles/EncoderTest.elf.dir/Core/Src/sysmem.c.obj
 .ARM.attributes
                0x000001aa       0x2c CMakeFiles/EncoderTest.elf.dir/Core/Src/system_stm32g0xx.c.obj
 .ARM.attributes
                0x000001d6       0x2c CMakeFiles/EncoderTest.elf.dir/Core/Src/tim.c.obj
 .ARM.attributes
                0x00000202       0x2c CMakeFiles/EncoderTest.elf.dir/Core/Src/usart.c.obj
 .ARM.attributes
                0x0000022e       0x22 CMakeFiles/EncoderTest.elf.dir/Core/Startup/startup_stm32g070rbtx.s.obj
 .ARM.attributes
                0x00000250       0x2c CMakeFiles/EncoderTest.elf.dir/Drivers/STM32G0xx_HAL_Driver/Src/stm32g0xx_hal.c.obj
 .ARM.attributes
                0x0000027c       0x2c CMakeFiles/EncoderTest.elf.dir/Drivers/STM32G0xx_HAL_Driver/Src/stm32g0xx_hal_adc.c.obj
 .ARM.attributes
                0x000002a8       0x2c CMakeFiles/EncoderTest.elf.dir/Drivers/STM32G0xx_HAL_Driver/Src/stm32g0xx_hal_cortex.c.obj
 .ARM.attributes
                0x000002d4       0x2c CMakeFiles/EncoderTest.elf.dir/Drivers/STM32G0xx_HAL_Driver/Src/stm32g0xx_hal_dma.c.obj
 .ARM.attributes
                0x00000300       0x2c CMakeFiles/EncoderTest.elf.dir/Drivers/STM32G0xx_HAL_Driver/Src/stm32g0xx_hal_gpio.c.obj
 .ARM.attributes
                0x0000032c       0x2c CMakeFiles/EncoderTest.elf.dir/Drivers/STM32G0xx_HAL_Driver/Src/stm32g0xx_hal_pwr_ex.c.obj
 .ARM.attributes
                0x00000358       0x2c CMakeFiles/EncoderTest.elf.dir/Drivers/STM32G0xx_HAL_Driver/Src/stm32g0xx_hal_rcc.c.obj
 .ARM.attributes
                0x00000384       0x2c CMakeFiles/EncoderTest.elf.dir/Drivers/STM32G0xx_HAL_Driver/Src/stm32g0xx_hal_rcc_ex.c.obj
 .ARM.attributes
                0x000003b0       0x2c CMakeFiles/EncoderTest.elf.dir/Drivers/STM32G0xx_HAL_Driver/Src/stm32g0xx_hal_tim.c.obj
 .ARM.attributes
                0x000003dc       0x2c CMakeFiles/EncoderTest.elf.dir/Drivers/STM32G0xx_HAL_Driver/Src/stm32g0xx_hal_tim_ex.c.obj
 .ARM.attributes
                0x00000408       0x2c CMakeFiles/EncoderTest.elf.dir/Drivers/STM32G0xx_HAL_Driver/Src/stm32g0xx_hal_uart.c.obj
 .ARM.attributes
                0x00000434       0x2c CMakeFiles/EncoderTest.elf.dir/Drivers/STM32G0xx_HAL_Driver/Src/stm32g0xx_hal_uart_ex.c.obj
 .ARM.attributes
                0x00000460       0x1e d:/stmicroelectronics/stm32cube/gnu-tools-arm-embedded/bin/../lib/gcc/arm-none-eabi/10.3.1/thumb/v6-m/nofp\libgcc.a(_udivsi3.o)
 .ARM.attributes
                0x0000047e       0x1e d:/stmicroelectronics/stm32cube/gnu-tools-arm-embedded/bin/../lib/gcc/arm-none-eabi/10.3.1/thumb/v6-m/nofp\libgcc.a(_divsi3.o)
 .ARM.attributes
                0x0000049c       0x1e d:/stmicroelectronics/stm32cube/gnu-tools-arm-embedded/bin/../lib/gcc/arm-none-eabi/10.3.1/thumb/v6-m/nofp\libgcc.a(_dvmd_tls.o)
 .ARM.attributes
                0x000004ba       0x2c d:/stmicroelectronics/stm32cube/gnu-tools-arm-embedded/bin/../lib/gcc/arm-none-eabi/10.3.1/../../../../arm-none-eabi/lib/thumb/v6-m/nofp\libc.a(lib_a-errno.o)
 .ARM.attributes
                0x000004e6       0x2c d:/stmicroelectronics/stm32cube/gnu-tools-arm-embedded/bin/../lib/gcc/arm-none-eabi/10.3.1/../../../../arm-none-eabi/lib/thumb/v6-m/nofp\libc.a(lib_a-impure.o)
 .ARM.attributes
                0x00000512       0x2c d:/stmicroelectronics/stm32cube/gnu-tools-arm-embedded/bin/../lib/gcc/arm-none-eabi/10.3.1/../../../../arm-none-eabi/lib/thumb/v6-m/nofp\libc.a(lib_a-init.o)
 .ARM.attributes
                0x0000053e       0x2c d:/stmicroelectronics/stm32cube/gnu-tools-arm-embedded/bin/../lib/gcc/arm-none-eabi/10.3.1/../../../../arm-none-eabi/lib/thumb/v6-m/nofp\libc.a(lib_a-memset.o)
 .ARM.attributes
                0x0000056a       0x2c d:/stmicroelectronics/stm32cube/gnu-tools-arm-embedded/bin/../lib/gcc/arm-none-eabi/10.3.1/../../../../arm-none-eabi/lib/thumb/v6-m/nofp\libc.a(lib_a-printf.o)
 .ARM.attributes
                0x00000596       0x2c d:/stmicroelectronics/stm32cube/gnu-tools-arm-embedded/bin/../lib/gcc/arm-none-eabi/10.3.1/../../../../arm-none-eabi/lib/thumb/v6-m/nofp\libc.a(lib_a-vfprintf.o)
 .ARM.attributes
                0x000005c2       0x2c d:/stmicroelectronics/stm32cube/gnu-tools-arm-embedded/bin/../lib/gcc/arm-none-eabi/10.3.1/../../../../arm-none-eabi/lib/thumb/v6-m/nofp\libc.a(lib_a-wsetup.o)
 .ARM.attributes
                0x000005ee       0x2c d:/stmicroelectronics/stm32cube/gnu-tools-arm-embedded/bin/../lib/gcc/arm-none-eabi/10.3.1/../../../../arm-none-eabi/lib/thumb/v6-m/nofp\libc.a(lib_a-__call_atexit.o)
 .ARM.attributes
                0x0000061a       0x2c d:/stmicroelectronics/stm32cube/gnu-tools-arm-embedded/bin/../lib/gcc/arm-none-eabi/10.3.1/../../../../arm-none-eabi/lib/thumb/v6-m/nofp\libc.a(lib_a-atexit.o)
 .ARM.attributes
                0x00000646       0x2c d:/stmicroelectronics/stm32cube/gnu-tools-arm-embedded/bin/../lib/gcc/arm-none-eabi/10.3.1/../../../../arm-none-eabi/lib/thumb/v6-m/nofp\libc.a(lib_a-dtoa.o)
 .ARM.attributes
                0x00000672       0x2c d:/stmicroelectronics/stm32cube/gnu-tools-arm-embedded/bin/../lib/gcc/arm-none-eabi/10.3.1/../../../../arm-none-eabi/lib/thumb/v6-m/nofp\libc.a(lib_a-fflush.o)
 .ARM.attributes
                0x0000069e       0x2c d:/stmicroelectronics/stm32cube/gnu-tools-arm-embedded/bin/../lib/gcc/arm-none-eabi/10.3.1/../../../../arm-none-eabi/lib/thumb/v6-m/nofp\libc.a(lib_a-findfp.o)
 .ARM.attributes
                0x000006ca       0x2c d:/stmicroelectronics/stm32cube/gnu-tools-arm-embedded/bin/../lib/gcc/arm-none-eabi/10.3.1/../../../../arm-none-eabi/lib/thumb/v6-m/nofp\libc.a(lib_a-fini.o)
 .ARM.attributes
                0x000006f6       0x2c d:/stmicroelectronics/stm32cube/gnu-tools-arm-embedded/bin/../lib/gcc/arm-none-eabi/10.3.1/../../../../arm-none-eabi/lib/thumb/v6-m/nofp\libc.a(lib_a-freer.o)
 .ARM.attributes
                0x00000722       0x2c d:/stmicroelectronics/stm32cube/gnu-tools-arm-embedded/bin/../lib/gcc/arm-none-eabi/10.3.1/../../../../arm-none-eabi/lib/thumb/v6-m/nofp\libc.a(lib_a-fwalk.o)
 .ARM.attributes
                0x0000074e       0x2c d:/stmicroelectronics/stm32cube/gnu-tools-arm-embedded/bin/../lib/gcc/arm-none-eabi/10.3.1/../../../../arm-none-eabi/lib/thumb/v6-m/nofp\libc.a(lib_a-localeconv.o)
 .ARM.attributes
                0x0000077a       0x2c d:/stmicroelectronics/stm32cube/gnu-tools-arm-embedded/bin/../lib/gcc/arm-none-eabi/10.3.1/../../../../arm-none-eabi/lib/thumb/v6-m/nofp\libc.a(lib_a-lock.o)
 .ARM.attributes
                0x000007a6       0x2c d:/stmicroelectronics/stm32cube/gnu-tools-arm-embedded/bin/../lib/gcc/arm-none-eabi/10.3.1/../../../../arm-none-eabi/lib/thumb/v6-m/nofp\libc.a(lib_a-makebuf.o)
 .ARM.attributes
                0x000007d2       0x2c d:/stmicroelectronics/stm32cube/gnu-tools-arm-embedded/bin/../lib/gcc/arm-none-eabi/10.3.1/../../../../arm-none-eabi/lib/thumb/v6-m/nofp\libc.a(lib_a-mallocr.o)
 .ARM.attributes
                0x000007fe       0x2c d:/stmicroelectronics/stm32cube/gnu-tools-arm-embedded/bin/../lib/gcc/arm-none-eabi/10.3.1/../../../../arm-none-eabi/lib/thumb/v6-m/nofp\libc.a(lib_a-memchr-stub.o)
 .ARM.attributes
                0x0000082a       0x2c d:/stmicroelectronics/stm32cube/gnu-tools-arm-embedded/bin/../lib/gcc/arm-none-eabi/10.3.1/../../../../arm-none-eabi/lib/thumb/v6-m/nofp\libc.a(lib_a-memcpy-stub.o)
 .ARM.attributes
                0x00000856       0x2c d:/stmicroelectronics/stm32cube/gnu-tools-arm-embedded/bin/../lib/gcc/arm-none-eabi/10.3.1/../../../../arm-none-eabi/lib/thumb/v6-m/nofp\libc.a(lib_a-mlock.o)
 .ARM.attributes
                0x00000882       0x2c d:/stmicroelectronics/stm32cube/gnu-tools-arm-embedded/bin/../lib/gcc/arm-none-eabi/10.3.1/../../../../arm-none-eabi/lib/thumb/v6-m/nofp\libc.a(lib_a-mprec.o)
 .ARM.attributes
                0x000008ae       0x2c d:/stmicroelectronics/stm32cube/gnu-tools-arm-embedded/bin/../lib/gcc/arm-none-eabi/10.3.1/../../../../arm-none-eabi/lib/thumb/v6-m/nofp\libc.a(lib_a-s_frexp.o)
 .ARM.attributes
                0x000008da       0x2c d:/stmicroelectronics/stm32cube/gnu-tools-arm-embedded/bin/../lib/gcc/arm-none-eabi/10.3.1/../../../../arm-none-eabi/lib/thumb/v6-m/nofp\libc.a(lib_a-sbrkr.o)
 .ARM.attributes
                0x00000906       0x2c d:/stmicroelectronics/stm32cube/gnu-tools-arm-embedded/bin/../lib/gcc/arm-none-eabi/10.3.1/../../../../arm-none-eabi/lib/thumb/v6-m/nofp\libc.a(lib_a-stdio.o)
 .ARM.attributes
                0x00000932       0x2c d:/stmicroelectronics/stm32cube/gnu-tools-arm-embedded/bin/../lib/gcc/arm-none-eabi/10.3.1/../../../../arm-none-eabi/lib/thumb/v6-m/nofp\libc.a(lib_a-strlen-stub.o)
 .ARM.attributes
                0x0000095e       0x2c d:/stmicroelectronics/stm32cube/gnu-tools-arm-embedded/bin/../lib/gcc/arm-none-eabi/10.3.1/../../../../arm-none-eabi/lib/thumb/v6-m/nofp\libc.a(lib_a-strncpy.o)
 .ARM.attributes
                0x0000098a       0x2c d:/stmicroelectronics/stm32cube/gnu-tools-arm-embedded/bin/../lib/gcc/arm-none-eabi/10.3.1/../../../../arm-none-eabi/lib/thumb/v6-m/nofp\libc.a(lib_a-vfiprintf.o)
 .ARM.attributes
                0x000009b6       0x2c d:/stmicroelectronics/stm32cube/gnu-tools-arm-embedded/bin/../lib/gcc/arm-none-eabi/10.3.1/../../../../arm-none-eabi/lib/thumb/v6-m/nofp\libc.a(lib_a-writer.o)
 .ARM.attributes
                0x000009e2       0x2c d:/stmicroelectronics/stm32cube/gnu-tools-arm-embedded/bin/../lib/gcc/arm-none-eabi/10.3.1/../../../../arm-none-eabi/lib/thumb/v6-m/nofp\libc.a(lib_a-__atexit.o)
 .ARM.attributes
                0x00000a0e       0x2c d:/stmicroelectronics/stm32cube/gnu-tools-arm-embedded/bin/../lib/gcc/arm-none-eabi/10.3.1/../../../../arm-none-eabi/lib/thumb/v6-m/nofp\libc.a(lib_a-assert.o)
 .ARM.attributes
                0x00000a3a       0x2c d:/stmicroelectronics/stm32cube/gnu-tools-arm-embedded/bin/../lib/gcc/arm-none-eabi/10.3.1/../../../../arm-none-eabi/lib/thumb/v6-m/nofp\libc.a(lib_a-callocr.o)
 .ARM.attributes
                0x00000a66       0x2c d:/stmicroelectronics/stm32cube/gnu-tools-arm-embedded/bin/../lib/gcc/arm-none-eabi/10.3.1/../../../../arm-none-eabi/lib/thumb/v6-m/nofp\libc.a(lib_a-closer.o)
 .ARM.attributes
                0x00000a92       0x2c d:/stmicroelectronics/stm32cube/gnu-tools-arm-embedded/bin/../lib/gcc/arm-none-eabi/10.3.1/../../../../arm-none-eabi/lib/thumb/v6-m/nofp\libc.a(lib_a-fclose.o)
 .ARM.attributes
                0x00000abe       0x2c d:/stmicroelectronics/stm32cube/gnu-tools-arm-embedded/bin/../lib/gcc/arm-none-eabi/10.3.1/../../../../arm-none-eabi/lib/thumb/v6-m/nofp\libc.a(lib_a-fiprintf.o)
 .ARM.attributes
                0x00000aea       0x2c d:/stmicroelectronics/stm32cube/gnu-tools-arm-embedded/bin/../lib/gcc/arm-none-eabi/10.3.1/../../../../arm-none-eabi/lib/thumb/v6-m/nofp\libc.a(lib_a-fputwc.o)
 .ARM.attributes
                0x00000b16       0x2c d:/stmicroelectronics/stm32cube/gnu-tools-arm-embedded/bin/../lib/gcc/arm-none-eabi/10.3.1/../../../../arm-none-eabi/lib/thumb/v6-m/nofp\libc.a(lib_a-fstatr.o)
 .ARM.attributes
                0x00000b42       0x2c d:/stmicroelectronics/stm32cube/gnu-tools-arm-embedded/bin/../lib/gcc/arm-none-eabi/10.3.1/../../../../arm-none-eabi/lib/thumb/v6-m/nofp\libc.a(lib_a-fvwrite.o)
 .ARM.attributes
                0x00000b6e       0x2c d:/stmicroelectronics/stm32cube/gnu-tools-arm-embedded/bin/../lib/gcc/arm-none-eabi/10.3.1/../../../../arm-none-eabi/lib/thumb/v6-m/nofp\libc.a(lib_a-isattyr.o)
 .ARM.attributes
                0x00000b9a       0x2c d:/stmicroelectronics/stm32cube/gnu-tools-arm-embedded/bin/../lib/gcc/arm-none-eabi/10.3.1/../../../../arm-none-eabi/lib/thumb/v6-m/nofp\libc.a(lib_a-locale.o)
 .ARM.attributes
                0x00000bc6       0x2c d:/stmicroelectronics/stm32cube/gnu-tools-arm-embedded/bin/../lib/gcc/arm-none-eabi/10.3.1/../../../../arm-none-eabi/lib/thumb/v6-m/nofp\libc.a(lib_a-lseekr.o)
 .ARM.attributes
                0x00000bf2       0x2c d:/stmicroelectronics/stm32cube/gnu-tools-arm-embedded/bin/../lib/gcc/arm-none-eabi/10.3.1/../../../../arm-none-eabi/lib/thumb/v6-m/nofp\libc.a(lib_a-mbtowc_r.o)
 .ARM.attributes
                0x00000c1e       0x2c d:/stmicroelectronics/stm32cube/gnu-tools-arm-embedded/bin/../lib/gcc/arm-none-eabi/10.3.1/../../../../arm-none-eabi/lib/thumb/v6-m/nofp\libc.a(lib_a-memmove.o)
 .ARM.attributes
                0x00000c4a       0x2c d:/stmicroelectronics/stm32cube/gnu-tools-arm-embedded/bin/../lib/gcc/arm-none-eabi/10.3.1/../../../../arm-none-eabi/lib/thumb/v6-m/nofp\libc.a(lib_a-readr.o)
 .ARM.attributes
                0x00000c76       0x2c d:/stmicroelectronics/stm32cube/gnu-tools-arm-embedded/bin/../lib/gcc/arm-none-eabi/10.3.1/../../../../arm-none-eabi/lib/thumb/v6-m/nofp\libc.a(lib_a-reallocr.o)
 .ARM.attributes
                0x00000ca2       0x2c d:/stmicroelectronics/stm32cube/gnu-tools-arm-embedded/bin/../lib/gcc/arm-none-eabi/10.3.1/../../../../arm-none-eabi/lib/thumb/v6-m/nofp\libc.a(lib_a-reent.o)
 .ARM.attributes
                0x00000cce       0x2c d:/stmicroelectronics/stm32cube/gnu-tools-arm-embedded/bin/../lib/gcc/arm-none-eabi/10.3.1/../../../../arm-none-eabi/lib/thumb/v6-m/nofp\libc.a(lib_a-wbuf.o)
 .ARM.attributes
                0x00000cfa       0x2c d:/stmicroelectronics/stm32cube/gnu-tools-arm-embedded/bin/../lib/gcc/arm-none-eabi/10.3.1/../../../../arm-none-eabi/lib/thumb/v6-m/nofp\libc.a(lib_a-wcrtomb.o)
 .ARM.attributes
                0x00000d26       0x2c d:/stmicroelectronics/stm32cube/gnu-tools-arm-embedded/bin/../lib/gcc/arm-none-eabi/10.3.1/../../../../arm-none-eabi/lib/thumb/v6-m/nofp\libc.a(lib_a-wctomb_r.o)
 .ARM.attributes
                0x00000d52       0x2c d:/stmicroelectronics/stm32cube/gnu-tools-arm-embedded/bin/../lib/gcc/arm-none-eabi/10.3.1/../../../../arm-none-eabi/lib/thumb/v6-m/nofp\libc.a(lib_a-abort.o)
 .ARM.attributes
                0x00000d7e       0x2c d:/stmicroelectronics/stm32cube/gnu-tools-arm-embedded/bin/../lib/gcc/arm-none-eabi/10.3.1/../../../../arm-none-eabi/lib/thumb/v6-m/nofp\libc.a(lib_a-ctype_.o)
 .ARM.attributes
                0x00000daa       0x2c d:/stmicroelectronics/stm32cube/gnu-tools-arm-embedded/bin/../lib/gcc/arm-none-eabi/10.3.1/../../../../arm-none-eabi/lib/thumb/v6-m/nofp\libc.a(lib_a-signal.o)
 .ARM.attributes
                0x00000dd6       0x2c d:/stmicroelectronics/stm32cube/gnu-tools-arm-embedded/bin/../lib/gcc/arm-none-eabi/10.3.1/../../../../arm-none-eabi/lib/thumb/v6-m/nofp\libc.a(lib_a-signalr.o)
 .ARM.attributes
                0x00000e02       0x1e d:/stmicroelectronics/stm32cube/gnu-tools-arm-embedded/bin/../lib/gcc/arm-none-eabi/10.3.1/thumb/v6-m/nofp\libgcc.a(_arm_cmpdf2.o)
 .ARM.attributes
                0x00000e20       0x1e d:/stmicroelectronics/stm32cube/gnu-tools-arm-embedded/bin/../lib/gcc/arm-none-eabi/10.3.1/thumb/v6-m/nofp\libgcc.a(_aeabi_uldivmod.o)
 .ARM.attributes
                0x00000e3e       0x2c d:/stmicroelectronics/stm32cube/gnu-tools-arm-embedded/bin/../lib/gcc/arm-none-eabi/10.3.1/thumb/v6-m/nofp\libgcc.a(_udivmoddi4.o)
 .ARM.attributes
                0x00000e6a       0x2c d:/stmicroelectronics/stm32cube/gnu-tools-arm-embedded/bin/../lib/gcc/arm-none-eabi/10.3.1/thumb/v6-m/nofp\libgcc.a(adddf3.o)
 .ARM.attributes
                0x00000e96       0x2c d:/stmicroelectronics/stm32cube/gnu-tools-arm-embedded/bin/../lib/gcc/arm-none-eabi/10.3.1/thumb/v6-m/nofp\libgcc.a(divdf3.o)
 .ARM.attributes
                0x00000ec2       0x2c d:/stmicroelectronics/stm32cube/gnu-tools-arm-embedded/bin/../lib/gcc/arm-none-eabi/10.3.1/thumb/v6-m/nofp\libgcc.a(eqdf2.o)
 .ARM.attributes
                0x00000eee       0x2c d:/stmicroelectronics/stm32cube/gnu-tools-arm-embedded/bin/../lib/gcc/arm-none-eabi/10.3.1/thumb/v6-m/nofp\libgcc.a(gedf2.o)
 .ARM.attributes
                0x00000f1a       0x2c d:/stmicroelectronics/stm32cube/gnu-tools-arm-embedded/bin/../lib/gcc/arm-none-eabi/10.3.1/thumb/v6-m/nofp\libgcc.a(ledf2.o)
 .ARM.attributes
                0x00000f46       0x2c d:/stmicroelectronics/stm32cube/gnu-tools-arm-embedded/bin/../lib/gcc/arm-none-eabi/10.3.1/thumb/v6-m/nofp\libgcc.a(muldf3.o)
 .ARM.attributes
                0x00000f72       0x2c d:/stmicroelectronics/stm32cube/gnu-tools-arm-embedded/bin/../lib/gcc/arm-none-eabi/10.3.1/thumb/v6-m/nofp\libgcc.a(subdf3.o)
 .ARM.attributes
                0x00000f9e       0x2c d:/stmicroelectronics/stm32cube/gnu-tools-arm-embedded/bin/../lib/gcc/arm-none-eabi/10.3.1/thumb/v6-m/nofp\libgcc.a(unorddf2.o)
 .ARM.attributes
                0x00000fca       0x2c d:/stmicroelectronics/stm32cube/gnu-tools-arm-embedded/bin/../lib/gcc/arm-none-eabi/10.3.1/thumb/v6-m/nofp\libgcc.a(fixdfsi.o)
 .ARM.attributes
                0x00000ff6       0x2c d:/stmicroelectronics/stm32cube/gnu-tools-arm-embedded/bin/../lib/gcc/arm-none-eabi/10.3.1/thumb/v6-m/nofp\libgcc.a(floatsidf.o)
 .ARM.attributes
                0x00001022       0x2c d:/stmicroelectronics/stm32cube/gnu-tools-arm-embedded/bin/../lib/gcc/arm-none-eabi/10.3.1/thumb/v6-m/nofp\libgcc.a(floatunsidf.o)
 .ARM.attributes
                0x0000104e       0x1e d:/stmicroelectronics/stm32cube/gnu-tools-arm-embedded/bin/../lib/gcc/arm-none-eabi/10.3.1/thumb/v6-m/nofp\libgcc.a(_clzsi2.o)
 .ARM.attributes
                0x0000106c       0x1e d:/stmicroelectronics/stm32cube/gnu-tools-arm-embedded/bin/../lib/gcc/arm-none-eabi/10.3.1/thumb/v6-m/nofp\libgcc.a(_clzdi2.o)
 .ARM.attributes
                0x0000108a       0x1e d:/stmicroelectronics/stm32cube/gnu-tools-arm-embedded/bin/../lib/gcc/arm-none-eabi/10.3.1/thumb/v6-m/nofp/crtn.o
OUTPUT(EncoderTest.elf elf32-littlearm)
LOAD linker stubs
LOAD d:/stmicroelectronics/stm32cube/gnu-tools-arm-embedded/bin/../lib/gcc/arm-none-eabi/10.3.1/../../../../arm-none-eabi/lib/thumb/v6-m/nofp\libc.a
LOAD d:/stmicroelectronics/stm32cube/gnu-tools-arm-embedded/bin/../lib/gcc/arm-none-eabi/10.3.1/../../../../arm-none-eabi/lib/thumb/v6-m/nofp\libm.a
LOAD d:/stmicroelectronics/stm32cube/gnu-tools-arm-embedded/bin/../lib/gcc/arm-none-eabi/10.3.1/thumb/v6-m/nofp\libgcc.a

.debug_info     0x00000000    0x18a15
 .debug_info    0x00000000      0xc6f CMakeFiles/EncoderTest.elf.dir/Core/Src/adc.c.obj
 .debug_info    0x00000c6f      0x392 CMakeFiles/EncoderTest.elf.dir/Core/Src/dma.c.obj
 .debug_info    0x00001001      0x466 CMakeFiles/EncoderTest.elf.dir/Core/Src/gpio.c.obj
 .debug_info    0x00001467     0x10de CMakeFiles/EncoderTest.elf.dir/Core/Src/main.c.obj
 .debug_info    0x00002545      0x2ba CMakeFiles/EncoderTest.elf.dir/Core/Src/stm32g0xx_hal_msp.c.obj
 .debug_info    0x000027ff      0x47f CMakeFiles/EncoderTest.elf.dir/Core/Src/stm32g0xx_it.c.obj
 .debug_info    0x00002c7e      0x7af CMakeFiles/EncoderTest.elf.dir/Core/Src/syscalls.c.obj
 .debug_info    0x0000342d      0x17c CMakeFiles/EncoderTest.elf.dir/Core/Src/sysmem.c.obj
 .debug_info    0x000035a9      0x38d CMakeFiles/EncoderTest.elf.dir/Core/Src/system_stm32g0xx.c.obj
 .debug_info    0x00003936      0xd31 CMakeFiles/EncoderTest.elf.dir/Core/Src/tim.c.obj
 .debug_info    0x00004667      0xd08 CMakeFiles/EncoderTest.elf.dir/Core/Src/usart.c.obj
 .debug_info    0x0000536f       0x22 CMakeFiles/EncoderTest.elf.dir/Core/Startup/startup_stm32g070rbtx.s.obj
 .debug_info    0x00005391      0x9c6 CMakeFiles/EncoderTest.elf.dir/Drivers/STM32G0xx_HAL_Driver/Src/stm32g0xx_hal.c.obj
 .debug_info    0x00005d57     0x2383 CMakeFiles/EncoderTest.elf.dir/Drivers/STM32G0xx_HAL_Driver/Src/stm32g0xx_hal_adc.c.obj
 .debug_info    0x000080da      0xa4b CMakeFiles/EncoderTest.elf.dir/Drivers/STM32G0xx_HAL_Driver/Src/stm32g0xx_hal_cortex.c.obj
 .debug_info    0x00008b25      0xa54 CMakeFiles/EncoderTest.elf.dir/Drivers/STM32G0xx_HAL_Driver/Src/stm32g0xx_hal_dma.c.obj
 .debug_info    0x00009579      0x62f CMakeFiles/EncoderTest.elf.dir/Drivers/STM32G0xx_HAL_Driver/Src/stm32g0xx_hal_gpio.c.obj
 .debug_info    0x00009ba8      0x558 CMakeFiles/EncoderTest.elf.dir/Drivers/STM32G0xx_HAL_Driver/Src/stm32g0xx_hal_pwr_ex.c.obj
 .debug_info    0x0000a100      0xd38 CMakeFiles/EncoderTest.elf.dir/Drivers/STM32G0xx_HAL_Driver/Src/stm32g0xx_hal_rcc.c.obj
 .debug_info    0x0000ae38      0x8f6 CMakeFiles/EncoderTest.elf.dir/Drivers/STM32G0xx_HAL_Driver/Src/stm32g0xx_hal_rcc_ex.c.obj
 .debug_info    0x0000b72e     0x3fe4 CMakeFiles/EncoderTest.elf.dir/Drivers/STM32G0xx_HAL_Driver/Src/stm32g0xx_hal_tim.c.obj
 .debug_info    0x0000f712     0x1f49 CMakeFiles/EncoderTest.elf.dir/Drivers/STM32G0xx_HAL_Driver/Src/stm32g0xx_hal_tim_ex.c.obj
 .debug_info    0x0001165b     0x6184 CMakeFiles/EncoderTest.elf.dir/Drivers/STM32G0xx_HAL_Driver/Src/stm32g0xx_hal_uart.c.obj
 .debug_info    0x000177df     0x1236 CMakeFiles/EncoderTest.elf.dir/Drivers/STM32G0xx_HAL_Driver/Src/stm32g0xx_hal_uart_ex.c.obj

.debug_abbrev   0x00000000     0x2f71
 .debug_abbrev  0x00000000      0x204 CMakeFiles/EncoderTest.elf.dir/Core/Src/adc.c.obj
 .debug_abbrev  0x00000204      0x13e CMakeFiles/EncoderTest.elf.dir/Core/Src/dma.c.obj
 .debug_abbrev  0x00000342      0x177 CMakeFiles/EncoderTest.elf.dir/Core/Src/gpio.c.obj
 .debug_abbrev  0x000004b9      0x26c CMakeFiles/EncoderTest.elf.dir/Core/Src/main.c.obj
 .debug_abbrev  0x00000725      0x10c CMakeFiles/EncoderTest.elf.dir/Core/Src/stm32g0xx_hal_msp.c.obj
 .debug_abbrev  0x00000831      0x14f CMakeFiles/EncoderTest.elf.dir/Core/Src/stm32g0xx_it.c.obj
 .debug_abbrev  0x00000980      0x1a3 CMakeFiles/EncoderTest.elf.dir/Core/Src/syscalls.c.obj
 .debug_abbrev  0x00000b23       0xe7 CMakeFiles/EncoderTest.elf.dir/Core/Src/sysmem.c.obj
 .debug_abbrev  0x00000c0a      0x142 CMakeFiles/EncoderTest.elf.dir/Core/Src/system_stm32g0xx.c.obj
 .debug_abbrev  0x00000d4c      0x20f CMakeFiles/EncoderTest.elf.dir/Core/Src/tim.c.obj
 .debug_abbrev  0x00000f5b      0x1fc CMakeFiles/EncoderTest.elf.dir/Core/Src/usart.c.obj
 .debug_abbrev  0x00001157       0x12 CMakeFiles/EncoderTest.elf.dir/Core/Startup/startup_stm32g070rbtx.s.obj
 .debug_abbrev  0x00001169      0x29c CMakeFiles/EncoderTest.elf.dir/Drivers/STM32G0xx_HAL_Driver/Src/stm32g0xx_hal.c.obj
 .debug_abbrev  0x00001405      0x2c8 CMakeFiles/EncoderTest.elf.dir/Drivers/STM32G0xx_HAL_Driver/Src/stm32g0xx_hal_adc.c.obj
 .debug_abbrev  0x000016cd      0x2af CMakeFiles/EncoderTest.elf.dir/Drivers/STM32G0xx_HAL_Driver/Src/stm32g0xx_hal_cortex.c.obj
 .debug_abbrev  0x0000197c      0x20a CMakeFiles/EncoderTest.elf.dir/Drivers/STM32G0xx_HAL_Driver/Src/stm32g0xx_hal_dma.c.obj
 .debug_abbrev  0x00001b86      0x1fd CMakeFiles/EncoderTest.elf.dir/Drivers/STM32G0xx_HAL_Driver/Src/stm32g0xx_hal_gpio.c.obj
 .debug_abbrev  0x00001d83      0x1f8 CMakeFiles/EncoderTest.elf.dir/Drivers/STM32G0xx_HAL_Driver/Src/stm32g0xx_hal_pwr_ex.c.obj
 .debug_abbrev  0x00001f7b      0x29a CMakeFiles/EncoderTest.elf.dir/Drivers/STM32G0xx_HAL_Driver/Src/stm32g0xx_hal_rcc.c.obj
 .debug_abbrev  0x00002215      0x24e CMakeFiles/EncoderTest.elf.dir/Drivers/STM32G0xx_HAL_Driver/Src/stm32g0xx_hal_rcc_ex.c.obj
 .debug_abbrev  0x00002463      0x254 CMakeFiles/EncoderTest.elf.dir/Drivers/STM32G0xx_HAL_Driver/Src/stm32g0xx_hal_tim.c.obj
 .debug_abbrev  0x000026b7      0x26a CMakeFiles/EncoderTest.elf.dir/Drivers/STM32G0xx_HAL_Driver/Src/stm32g0xx_hal_tim_ex.c.obj
 .debug_abbrev  0x00002921      0x33b CMakeFiles/EncoderTest.elf.dir/Drivers/STM32G0xx_HAL_Driver/Src/stm32g0xx_hal_uart.c.obj
 .debug_abbrev  0x00002c5c      0x315 CMakeFiles/EncoderTest.elf.dir/Drivers/STM32G0xx_HAL_Driver/Src/stm32g0xx_hal_uart_ex.c.obj

.debug_loc      0x00000000    0x11906
 .debug_loc     0x00000000       0x8b CMakeFiles/EncoderTest.elf.dir/Core/Src/adc.c.obj
 .debug_loc     0x0000008b       0x38 CMakeFiles/EncoderTest.elf.dir/Core/Src/main.c.obj
 .debug_loc     0x000000c3      0x3d0 CMakeFiles/EncoderTest.elf.dir/Core/Src/syscalls.c.obj
 .debug_loc     0x00000493       0x93 CMakeFiles/EncoderTest.elf.dir/Core/Src/sysmem.c.obj
 .debug_loc     0x00000526       0xa9 CMakeFiles/EncoderTest.elf.dir/Core/Src/system_stm32g0xx.c.obj
 .debug_loc     0x000005cf       0x81 CMakeFiles/EncoderTest.elf.dir/Core/Src/tim.c.obj
 .debug_loc     0x00000650       0x81 CMakeFiles/EncoderTest.elf.dir/Core/Src/usart.c.obj
 .debug_loc     0x000006d1      0x1bd CMakeFiles/EncoderTest.elf.dir/Drivers/STM32G0xx_HAL_Driver/Src/stm32g0xx_hal.c.obj
 .debug_loc     0x0000088e     0x1a35 CMakeFiles/EncoderTest.elf.dir/Drivers/STM32G0xx_HAL_Driver/Src/stm32g0xx_hal_adc.c.obj
 .debug_loc     0x000022c3      0x458 CMakeFiles/EncoderTest.elf.dir/Drivers/STM32G0xx_HAL_Driver/Src/stm32g0xx_hal_cortex.c.obj
 .debug_loc     0x0000271b      0x93e CMakeFiles/EncoderTest.elf.dir/Drivers/STM32G0xx_HAL_Driver/Src/stm32g0xx_hal_dma.c.obj
 .debug_loc     0x00003059      0x3a7 CMakeFiles/EncoderTest.elf.dir/Drivers/STM32G0xx_HAL_Driver/Src/stm32g0xx_hal_gpio.c.obj
 .debug_loc     0x00003400      0x2e0 CMakeFiles/EncoderTest.elf.dir/Drivers/STM32G0xx_HAL_Driver/Src/stm32g0xx_hal_pwr_ex.c.obj
 .debug_loc     0x000036e0      0x717 CMakeFiles/EncoderTest.elf.dir/Drivers/STM32G0xx_HAL_Driver/Src/stm32g0xx_hal_rcc.c.obj
 .debug_loc     0x00003df7      0x7bd CMakeFiles/EncoderTest.elf.dir/Drivers/STM32G0xx_HAL_Driver/Src/stm32g0xx_hal_rcc_ex.c.obj
 .debug_loc     0x000045b4     0x587d CMakeFiles/EncoderTest.elf.dir/Drivers/STM32G0xx_HAL_Driver/Src/stm32g0xx_hal_tim.c.obj
 .debug_loc     0x00009e31     0x297c CMakeFiles/EncoderTest.elf.dir/Drivers/STM32G0xx_HAL_Driver/Src/stm32g0xx_hal_tim_ex.c.obj
 .debug_loc     0x0000c7ad     0x450a CMakeFiles/EncoderTest.elf.dir/Drivers/STM32G0xx_HAL_Driver/Src/stm32g0xx_hal_uart.c.obj
 .debug_loc     0x00010cb7      0xc4f CMakeFiles/EncoderTest.elf.dir/Drivers/STM32G0xx_HAL_Driver/Src/stm32g0xx_hal_uart_ex.c.obj

.debug_aranges  0x00000000      0xfd0
 .debug_aranges
                0x00000000       0x30 CMakeFiles/EncoderTest.elf.dir/Core/Src/adc.c.obj
 .debug_aranges
                0x00000030       0x20 CMakeFiles/EncoderTest.elf.dir/Core/Src/dma.c.obj
 .debug_aranges
                0x00000050       0x20 CMakeFiles/EncoderTest.elf.dir/Core/Src/gpio.c.obj
 .debug_aranges
                0x00000070       0x38 CMakeFiles/EncoderTest.elf.dir/Core/Src/main.c.obj
 .debug_aranges
                0x000000a8       0x20 CMakeFiles/EncoderTest.elf.dir/Core/Src/stm32g0xx_hal_msp.c.obj
 .debug_aranges
                0x000000c8       0x48 CMakeFiles/EncoderTest.elf.dir/Core/Src/stm32g0xx_it.c.obj
 .debug_aranges
                0x00000110       0xa8 CMakeFiles/EncoderTest.elf.dir/Core/Src/syscalls.c.obj
 .debug_aranges
                0x000001b8       0x20 CMakeFiles/EncoderTest.elf.dir/Core/Src/sysmem.c.obj
 .debug_aranges
                0x000001d8       0x28 CMakeFiles/EncoderTest.elf.dir/Core/Src/system_stm32g0xx.c.obj
 .debug_aranges
                0x00000200       0x30 CMakeFiles/EncoderTest.elf.dir/Core/Src/tim.c.obj
 .debug_aranges
                0x00000230       0x30 CMakeFiles/EncoderTest.elf.dir/Core/Src/usart.c.obj
 .debug_aranges
                0x00000260       0x28 CMakeFiles/EncoderTest.elf.dir/Core/Startup/startup_stm32g070rbtx.s.obj
 .debug_aranges
                0x00000288       0xf8 CMakeFiles/EncoderTest.elf.dir/Drivers/STM32G0xx_HAL_Driver/Src/stm32g0xx_hal.c.obj
 .debug_aranges
                0x00000380       0xf8 CMakeFiles/EncoderTest.elf.dir/Drivers/STM32G0xx_HAL_Driver/Src/stm32g0xx_hal_adc.c.obj
 .debug_aranges
                0x00000478       0x90 CMakeFiles/EncoderTest.elf.dir/Drivers/STM32G0xx_HAL_Driver/Src/stm32g0xx_hal_cortex.c.obj
 .debug_aranges
                0x00000508       0x90 CMakeFiles/EncoderTest.elf.dir/Drivers/STM32G0xx_HAL_Driver/Src/stm32g0xx_hal_dma.c.obj
 .debug_aranges
                0x00000598       0x60 CMakeFiles/EncoderTest.elf.dir/Drivers/STM32G0xx_HAL_Driver/Src/stm32g0xx_hal_gpio.c.obj
 .debug_aranges
                0x000005f8       0x98 CMakeFiles/EncoderTest.elf.dir/Drivers/STM32G0xx_HAL_Driver/Src/stm32g0xx_hal_pwr_ex.c.obj
 .debug_aranges
                0x00000690       0x98 CMakeFiles/EncoderTest.elf.dir/Drivers/STM32G0xx_HAL_Driver/Src/stm32g0xx_hal_rcc.c.obj
 .debug_aranges
                0x00000728       0x40 CMakeFiles/EncoderTest.elf.dir/Drivers/STM32G0xx_HAL_Driver/Src/stm32g0xx_hal_rcc_ex.c.obj
 .debug_aranges
                0x00000768      0x3e0 CMakeFiles/EncoderTest.elf.dir/Drivers/STM32G0xx_HAL_Driver/Src/stm32g0xx_hal_tim.c.obj
 .debug_aranges
                0x00000b48      0x198 CMakeFiles/EncoderTest.elf.dir/Drivers/STM32G0xx_HAL_Driver/Src/stm32g0xx_hal_tim_ex.c.obj
 .debug_aranges
                0x00000ce0      0x248 CMakeFiles/EncoderTest.elf.dir/Drivers/STM32G0xx_HAL_Driver/Src/stm32g0xx_hal_uart.c.obj
 .debug_aranges
                0x00000f28       0xa8 CMakeFiles/EncoderTest.elf.dir/Drivers/STM32G0xx_HAL_Driver/Src/stm32g0xx_hal_uart_ex.c.obj

.debug_ranges   0x00000000      0xfe0
 .debug_ranges  0x00000000       0x20 CMakeFiles/EncoderTest.elf.dir/Core/Src/adc.c.obj
 .debug_ranges  0x00000020       0x10 CMakeFiles/EncoderTest.elf.dir/Core/Src/dma.c.obj
 .debug_ranges  0x00000030       0x10 CMakeFiles/EncoderTest.elf.dir/Core/Src/gpio.c.obj
 .debug_ranges  0x00000040       0x28 CMakeFiles/EncoderTest.elf.dir/Core/Src/main.c.obj