Archive member included to satisfy reference by file (symbol)

d:/stmicroelectronics/stm32cube/gnu-tools-arm-embedded/bin/../lib/gcc/arm-none-eabi/10.3.1/thumb/v6-m/nofp\libgcc.a(_udivsi3.o)
                              CMakeFiles/EncoderTest.elf.dir/Core/Src/system_stm32g0xx.c.obj (__aeabi_uidiv)
d:/stmicroelectronics/stm32cube/gnu-tools-arm-embedded/bin/../lib/gcc/arm-none-eabi/10.3.1/thumb/v6-m/nofp\libgcc.a(_divsi3.o)
                              CMakeFiles/EncoderTest.elf.dir/Drivers/STM32G0xx_HAL_Driver/Src/stm32g0xx_hal_uart_ex.c.obj (__aeabi_idiv)
d:/stmicroelectronics/stm32cube/gnu-tools-arm-embedded/bin/../lib/gcc/arm-none-eabi/10.3.1/thumb/v6-m/nofp\libgcc.a(_dvmd_tls.o)
                              d:/stmicroelectronics/stm32cube/gnu-tools-arm-embedded/bin/../lib/gcc/arm-none-eabi/10.3.1/thumb/v6-m/nofp\libgcc.a(_udivsi3.o) (__aeabi_idiv0)
d:/stmicroelectronics/stm32cube/gnu-tools-arm-embedded/bin/../lib/gcc/arm-none-eabi/10.3.1/../../../../arm-none-eabi/lib/thumb/v6-m/nofp\libg.a(lib_a-errno.o)
                              CMakeFiles/EncoderTest.elf.dir/Core/Src/syscalls.c.obj (__errno)
d:/stmicroelectronics/stm32cube/gnu-tools-arm-embedded/bin/../lib/gcc/arm-none-eabi/10.3.1/../../../../arm-none-eabi/lib/thumb/v6-m/nofp\libg.a(lib_a-exit.o)
                              d:/stmicroelectronics/stm32cube/gnu-tools-arm-embedded/bin/../lib/gcc/arm-none-eabi/10.3.1/../../../../arm-none-eabi/lib/thumb/v6-m/nofp/crt0.o (exit)
d:/stmicroelectronics/stm32cube/gnu-tools-arm-embedded/bin/../lib/gcc/arm-none-eabi/10.3.1/../../../../arm-none-eabi/lib/thumb/v6-m/nofp\libg.a(lib_a-impure.o)
                              d:/stmicroelectronics/stm32cube/gnu-tools-arm-embedded/bin/../lib/gcc/arm-none-eabi/10.3.1/../../../../arm-none-eabi/lib/thumb/v6-m/nofp\libg.a(lib_a-exit.o) (_global_impure_ptr)
d:/stmicroelectronics/stm32cube/gnu-tools-arm-embedded/bin/../lib/gcc/arm-none-eabi/10.3.1/../../../../arm-none-eabi/lib/thumb/v6-m/nofp\libg.a(lib_a-init.o)
                              d:/stmicroelectronics/stm32cube/gnu-tools-arm-embedded/bin/../lib/gcc/arm-none-eabi/10.3.1/../../../../arm-none-eabi/lib/thumb/v6-m/nofp/crt0.o (__libc_init_array)
d:/stmicroelectronics/stm32cube/gnu-tools-arm-embedded/bin/../lib/gcc/arm-none-eabi/10.3.1/../../../../arm-none-eabi/lib/thumb/v6-m/nofp\libg.a(lib_a-memset.o)
                              d:/stmicroelectronics/stm32cube/gnu-tools-arm-embedded/bin/../lib/gcc/arm-none-eabi/10.3.1/../../../../arm-none-eabi/lib/thumb/v6-m/nofp/crt0.o (memset)
d:/stmicroelectronics/stm32cube/gnu-tools-arm-embedded/bin/../lib/gcc/arm-none-eabi/10.3.1/../../../../arm-none-eabi/lib/thumb/v6-m/nofp\libg.a(lib_a-printf.o)
                              CMakeFiles/EncoderTest.elf.dir/Core/Src/main.c.obj (printf)
d:/stmicroelectronics/stm32cube/gnu-tools-arm-embedded/bin/../lib/gcc/arm-none-eabi/10.3.1/../../../../arm-none-eabi/lib/thumb/v6-m/nofp\libg.a(lib_a-vfprintf.o)
                              d:/stmicroelectronics/stm32cube/gnu-tools-arm-embedded/bin/../lib/gcc/arm-none-eabi/10.3.1/../../../../arm-none-eabi/lib/thumb/v6-m/nofp\libg.a(lib_a-printf.o) (_vfprintf_r)
d:/stmicroelectronics/stm32cube/gnu-tools-arm-embedded/bin/../lib/gcc/arm-none-eabi/10.3.1/../../../../arm-none-eabi/lib/thumb/v6-m/nofp\libg.a(lib_a-wsetup.o)
                              d:/stmicroelectronics/stm32cube/gnu-tools-arm-embedded/bin/../lib/gcc/arm-none-eabi/10.3.1/../../../../arm-none-eabi/lib/thumb/v6-m/nofp\libg.a(lib_a-vfprintf.o) (__swsetup_r)
d:/stmicroelectronics/stm32cube/gnu-tools-arm-embedded/bin/../lib/gcc/arm-none-eabi/10.3.1/../../../../arm-none-eabi/lib/thumb/v6-m/nofp\libg.a(lib_a-__call_atexit.o)
                              d:/stmicroelectronics/stm32cube/gnu-tools-arm-embedded/bin/../lib/gcc/arm-none-eabi/10.3.1/../../../../arm-none-eabi/lib/thumb/v6-m/nofp\libg.a(lib_a-exit.o) (__call_exitprocs)
d:/stmicroelectronics/stm32cube/gnu-tools-arm-embedded/bin/../lib/gcc/arm-none-eabi/10.3.1/../../../../arm-none-eabi/lib/thumb/v6-m/nofp\libg.a(lib_a-atexit.o)
                              d:/stmicroelectronics/stm32cube/gnu-tools-arm-embedded/bin/../lib/gcc/arm-none-eabi/10.3.1/../../../../arm-none-eabi/lib/thumb/v6-m/nofp\libg.a(lib_a-__call_atexit.o) (atexit)
d:/stmicroelectronics/stm32cube/gnu-tools-arm-embedded/bin/../lib/gcc/arm-none-eabi/10.3.1/../../../../arm-none-eabi/lib/thumb/v6-m/nofp\libg.a(lib_a-dtoa.o)
                              d:/stmicroelectronics/stm32cube/gnu-tools-arm-embedded/bin/../lib/gcc/arm-none-eabi/10.3.1/../../../../arm-none-eabi/lib/thumb/v6-m/nofp\libg.a(lib_a-vfprintf.o) (_dtoa_r)
d:/stmicroelectronics/stm32cube/gnu-tools-arm-embedded/bin/../lib/gcc/arm-none-eabi/10.3.1/../../../../arm-none-eabi/lib/thumb/v6-m/nofp\libg.a(lib_a-fflush.o)
                              d:/stmicroelectronics/stm32cube/gnu-tools-arm-embedded/bin/../lib/gcc/arm-none-eabi/10.3.1/../../../../arm-none-eabi/lib/thumb/v6-m/nofp\libg.a(lib_a-vfprintf.o) (_fflush_r)
[...]
Memory Configuration

Name             Origin             Length             Attributes
RAM              0x20000000         0x00009000         xrw
FLASH            0x08000000         0x00020000         xr
*default*        0x00000000         0xffffffff

Linker script and memory map

LOAD d:/stmicroelectronics/stm32cube/gnu-tools-arm-embedded/bin/../lib/gcc/arm-none-eabi/10.3.1/thumb/v6-m/nofp/crti.o
LOAD d:/stmicroelectronics/stm32cube/gnu-tools-arm-embedded/bin/../lib/gcc/arm-none-eabi/10.3.1/thumb/v6-m/nofp/crtbegin.o
LOAD d:/stmicroelectronics/stm32cube/gnu-tools-arm-embedded/bin/../lib/gcc/arm-none-eabi/10.3.1/../../../../arm-none-eabi/lib/thumb/v6-m/nofp/crt0.o
LOAD CMakeFiles/EncoderTest.elf.dir/Core/Src/gpio.c.obj
LOAD CMakeFiles/EncoderTest.elf.dir/Core/Src/main.c.obj
LOAD CMakeFiles/EncoderTest.elf.dir/Core/Src/stm32g0xx_hal_msp.c.obj
LOAD CMakeFiles/EncoderTest.elf.dir/Core/Src/stm32g0xx_it.c.obj
LOAD CMakeFiles/EncoderTest.elf.dir/Core/Src/syscalls.c.obj
LOAD CMakeFiles/EncoderTest.elf.dir/Core/Src/sysmem.c.obj
LOAD CMakeFiles/EncoderTest.elf.dir/Core/Src/system_stm32g0xx.c.obj
LOAD CMakeFiles/EncoderTest.elf.dir/Core/Src/tim.c.obj
LOAD CMakeFiles/EncoderTest.elf.dir/Core/Src/usart.c.obj
LOAD CMakeFiles/EncoderTest.elf.dir/Core/Startup/startup_stm32g070rbtx.s.obj
LOAD CMakeFiles/EncoderTest.elf.dir/Drivers/STM32G0xx_HAL_Driver/Src/stm32g0xx_hal.c.obj
LOAD CMakeFiles/EncoderTest.elf.dir/Drivers/STM32G0xx_HAL_Driver/Src/stm32g0xx_hal_cortex.c.obj
LOAD CMakeFiles/EncoderTest.elf.dir/Drivers/STM32G0xx_HAL_Driver/Src/stm32g0xx_hal_dma.c.obj
LOAD CMakeFiles/EncoderTest.elf.dir/Drivers/STM32G0xx_HAL_Driver/Src/stm32g0xx_hal_dma_ex.c.obj
LOAD CMakeFiles/EncoderTest.elf.dir/Drivers/STM32G0xx_HAL_Driver/Src/stm32g0xx_hal_exti.c.obj
LOAD CMakeFiles/EncoderTest.elf.dir/Drivers/STM32G0xx_HAL_Driver/Src/stm32g0xx_hal_flash.c.obj
LOAD CMakeFiles/EncoderTest.elf.dir/Drivers/STM32G0xx_HAL_Driver/Src/stm32g0xx_hal_flash_ex.c.obj
LOAD CMakeFiles/EncoderTest.elf.dir/Drivers/STM32G0xx_HAL_Driver/Src/stm32g0xx_hal_gpio.c.obj
LOAD CMakeFiles/EncoderTest.elf.dir/Drivers/STM32G0xx_HAL_Driver/Src/stm32g0xx_hal_pwr.c.obj
LOAD CMakeFiles/EncoderTest.elf.dir/Drivers/STM32G0xx_HAL_Driver/Src/stm32g0xx_hal_pwr_ex.c.obj
LOAD CMakeFiles/EncoderTest.elf.dir/Drivers/STM32G0xx_HAL_Driver/Src/stm32g0xx_hal_rcc.c.obj
LOAD CMakeFiles/EncoderTest.elf.dir/Drivers/STM32G0xx_HAL_Driver/Src/stm32g0xx_hal_rcc_ex.c.obj
LOAD CMakeFiles/EncoderTest.elf.dir/Drivers/STM32G0xx_HAL_Driver/Src/stm32g0xx_hal_tim.c.obj
LOAD CMakeFiles/EncoderTest.elf.dir/Drivers/STM32G0xx_HAL_Driver/Src/stm32g0xx_hal_tim_ex.c.obj
LOAD CMakeFiles/EncoderTest.elf.dir/Drivers/STM32G0xx_HAL_Driver/Src/stm32g0xx_hal_uart.c.obj
LOAD CMakeFiles/EncoderTest.elf.dir/Drivers/STM32G0xx_HAL_Driver/Src/stm32g0xx_hal_uart_ex.c.obj
LOAD CMakeFiles/EncoderTest.elf.dir/Drivers/STM32G0xx_HAL_Driver/Src/stm32g0xx_ll_dma.c.obj
LOAD CMakeFiles/EncoderTest.elf.dir/Drivers/STM32G0xx_HAL_Driver/Src/stm32g0xx_ll_rcc.c.obj
START GROUP
LOAD d:/stmicroelectronics/stm32cube/gnu-tools-arm-embedded/bin/../lib/gcc/arm-none-eabi/10.3.1/thumb/v6-m/nofp\libgcc.a
LOAD d:/stmicroelectronics/stm32cube/gnu-tools-arm-embedded/bin/../lib/gcc/arm-none-eabi/10.3.1/../../../../arm-none-eabi/lib/thumb/v6-m/nofp\libg.a
LOAD d:/stmicroelectronics/stm32cube/gnu-tools-arm-embedded/bin/../lib/gcc/arm-none-eabi/10.3.1/../../../../arm-none-eabi/lib/thumb/v6-m/nofp\libc.a
END GROUP
LOAD d:/stmicroelectronics/stm32cube/gnu-tools-arm-embedded/bin/../lib/gcc/arm-none-eabi/10.3.1/thumb/v6-m/nofp/crtend.o
LOAD d:/stmicroelectronics/stm32cube/gnu-tools-arm-embedded/bin/../lib/gcc/arm-none-eabi/10.3.1/thumb/v6-m/nofp/crtn.o
                0x20009000                _estack = (ORIGIN (RAM) + LENGTH (RAM))
                0x00000200                _Min_Heap_Size = 0x200
                0x00000400                _Min_Stack_Size = 0x400

.isr_vector     0x08000000       0xb8
                0x08000000                . = ALIGN (0x4)
 *(.isr_vector)
 .isr_vector    0x08000000       0xb8 CMakeFiles/EncoderTest.elf.dir/Core/Startup/startup_stm32g070rbtx.s.obj
                0x08000000                g_pfnVectors
                0x080000b8                . = ALIGN (0x4)

.text           0x080000b8     0x9f3c
                0x080000b8                . = ALIGN (0x4)
 *(.text)
 .text          0x080000b8       0x48 d:/stmicroelectronics/stm32cube/gnu-tools-arm-embedded/bin/../lib/gcc/arm-none-eabi/10.3.1/thumb/v6-m/nofp/crtbegin.o
 .text          0x08000100      0x114 d:/stmicroelectronics/stm32cube/gnu-tools-arm-embedded/bin/../lib/gcc/arm-none-eabi/10.3.1/thumb/v6-m/nofp\libgcc.a(_udivsi3.o)
                0x08000100                __aeabi_uidiv
                0x08000100                __udivsi3
                0x0800020c                __aeabi_uidivmod
 .text          0x08000214      0x1d4 d:/stmicroelectronics/stm32cube/gnu-tools-arm-embedded/bin/../lib/gcc/arm-none-eabi/10.3.1/thumb/v6-m/nofp\libgcc.a(_divsi3.o)
                0x08000214                __divsi3
                0x08000214                __aeabi_idiv
                0x080003e0                __aeabi_idivmod
 .text          0x080003e8        0x4 d:/stmicroelectronics/stm32cube/gnu-tools-arm-embedded/bin/../lib/gcc/arm-none-eabi/10.3.1/thumb/v6-m/nofp\libgcc.a(_dvmd_tls.o)
                0x080003e8                __aeabi_idiv0
                0x080003e8                __aeabi_ldiv0
 .text          0x080003ec       0x7c d:/stmicroelectronics/stm32cube/gnu-tools-arm-embedded/bin/../lib/gcc/arm-none-eabi/10.3.1/thumb/v6-m/nofp\libgcc.a(_arm_cmpdf2.o)
                0x080003ec                __aeabi_cdrcmple
                0x080003fc                __aeabi_cdcmple
                0x080003fc                __aeabi_cdcmpeq
                0x0800040c                __aeabi_dcmpeq
                0x08000418                __aeabi_dcmplt
                0x0800042c                __aeabi_dcmple
                0x08000440                __aeabi_dcmpgt
                0x08000454                __aeabi_dcmpge
 .text          0x08000468       0x40 d:/stmicroelectronics/stm32cube/gnu-tools-arm-embedded/bin/../lib/gcc/arm-none-eabi/10.3.1/thumb/v6-m/nofp\libgcc.a(_aeabi_uldivmod.o)
                0x08000468                __aeabi_uldivmod
 .text          0x080004a8      0x198 d:/stmicroelectronics/stm32cube/gnu-tools-arm-embedded/bin/../lib/gcc/arm-none-eabi/10.3.1/thumb/v6-m/nofp\libgcc.a(_udivmoddi4.o)
                0x080004a8                __udivmoddi4
 .text          0x08000640      0x678 d:/stmicroelectronics/stm32cube/gnu-tools-arm-embedded/bin/../lib/gcc/arm-none-eabi/10.3.1/thumb/v6-m/nofp\libgcc.a(adddf3.o)
                0x08000640                __aeabi_dadd
 .text          0x08000cb8      0x5ec d:/stmicroelectronics/stm32cube/gnu-tools-arm-embedded/bin/../lib/gcc/arm-none-eabi/10.3.1/thumb/v6-m/nofp\libgcc.a(divdf3.o)
                0x08000cb8                __aeabi_ddiv
 .text          0x080012a4       0x84 d:/stmicroelectronics/stm32cube/gnu-tools-arm-embedded/bin/../lib/gcc/arm-none-eabi/10.3.1/thumb/v6-m/nofp\libgcc.a(eqdf2.o)
                0x080012a4                __nedf2
                0x080012a4                __eqdf2
 .text          0x08001328       0xcc d:/stmicroelectronics/stm32cube/gnu-tools-arm-embedded/bin/../lib/gcc/arm-none-eabi/10.3.1/thumb/v6-m/nofp\libgcc.a(gedf2.o)
                0x08001328                __gedf2
                0x08001328                __gtdf2
 .text          0x080013f4       0xc8 d:/stmicroelectronics/stm32cube/gnu-tools-arm-embedded/bin/../lib/gcc/arm-none-eabi/10.3.1/thumb/v6-m/nofp\libgcc.a(ledf2.o)
                0x080013f4                __ledf2
                0x080013f4                __ltdf2
 .text          0x080014bc      0x4d8 d:/stmicroelectronics/stm32cube/gnu-tools-arm-embedded/bin/../lib/gcc/arm-none-eabi/10.3.1/thumb/v6-m/nofp\libgcc.a(muldf3.o)
                0x080014bc                __aeabi_dmul
 .text          0x08001994      0x724 d:/stmicroelectronics/stm32cube/gnu-tools-arm-embedded/bin/../lib/gcc/arm-none-eabi/10.3.1/thumb/v6-m/nofp\libgcc.a(subdf3.o)
                0x08001994                __aeabi_dsub
 .text          0x080020b8       0x3c d:/stmicroelectronics/stm32cube/gnu-tools-arm-embedded/bin/../lib/gcc/arm-none-eabi/10.3.1/thumb/v6-m/nofp\libgcc.a(unorddf2.o)
                0x080020b8                __aeabi_dcmpun
 .text          0x080020f4       0x6c d:/stmicroelectronics/stm32cube/gnu-tools-arm-embedded/bin/../lib/gcc/arm-none-eabi/10.3.1/thumb/v6-m/nofp\libgcc.a(fixdfsi.o)
                0x080020f4                __aeabi_d2iz
 .text          0x08002160       0x60 d:/stmicroelectronics/stm32cube/gnu-tools-arm-embedded/bin/../lib/gcc/arm-none-eabi/10.3.1/thumb/v6-m/nofp\libgcc.a(floatsidf.o)
                0x08002160                __aeabi_i2d
 .text          0x080021c0       0x4c d:/stmicroelectronics/stm32cube/gnu-tools-arm-embedded/bin/../lib/gcc/arm-none-eabi/10.3.1/thumb/v6-m/nofp\libgcc.a(floatunsidf.o)
                0x080021c0                __aeabi_ui2d
 .text          0x0800220c       0x3c d:/stmicroelectronics/stm32cube/gnu-tools-arm-embedded/bin/../lib/gcc/arm-none-eabi/10.3.1/thumb/v6-m/nofp\libgcc.a(_clzsi2.o)
                0x0800220c                __clzsi2
 .text          0x08002248       0x18 d:/stmicroelectronics/stm32cube/gnu-tools-arm-embedded/bin/../lib/gcc/arm-none-eabi/10.3.1/thumb/v6-m/nofp\libgcc.a(_clzdi2.o)
                0x08002248                __clzdi2
 *(.text*)
 .text.MX_GPIO_Init
                0x08002260       0x2c CMakeFiles/EncoderTest.elf.dir/Core/Src/gpio.c.obj
                0x08002260                MX_GPIO_Init
 .text.__io_putchar
                0x0800228c       0x20 CMakeFiles/EncoderTest.elf.dir/Core/Src/main.c.obj
                0x0800228c                __io_putchar
 .text.Error_Handler
                0x080022ac        0x4 CMakeFiles/EncoderTest.elf.dir/Core/Src/main.c.obj
                0x080022ac                Error_Handler
 .text.SystemClock_Config
                0x080022b0       0x60 CMakeFiles/EncoderTest.elf.dir/Core/Src/main.c.obj
                0x080022b0                SystemClock_Config
 .text.main     0x08002310       0x94 CMakeFiles/EncoderTest.elf.dir/Core/Src/main.c.obj
                0x08002310                main
 .text.HAL_MspInit
                0x080023a4       0x38 CMakeFiles/EncoderTest.elf.dir/Core/Src/stm32g0xx_hal_msp.c.obj
                0x080023a4                HAL_MspInit
 .text.NMI_Handler
                0x080023dc        0x2 CMakeFiles/EncoderTest.elf.dir/Core/Src/stm32g0xx_it.c.obj
                0x080023dc                NMI_Handler
 .text.HardFault_Handler
                0x080023de        0x2 CMakeFiles/EncoderTest.elf.dir/Core/Src/stm32g0xx_it.c.obj
                0x080023de                HardFault_Handler
 .text.SVC_Handler
                0x080023e0        0x2 CMakeFiles/EncoderTest.elf.dir/Core/Src/stm32g0xx_it.c.obj
                0x080023e0                SVC_Handler
 .text.PendSV_Handler
                0x080023e2        0x2 CMakeFiles/EncoderTest.elf.dir/Core/Src/stm32g0xx_it.c.obj
                0x080023e2                PendSV_Handler
 .text.SysTick_Handler
                0x080023e4        0x8 CMakeFiles/EncoderTest.elf.dir/Core/Src/stm32g0xx_it.c.obj
                0x080023e4                SysTick_Handler
 .text._getpid  0x080023ec        0x4 CMakeFiles/EncoderTest.elf.dir/Core/Src/syscalls.c.obj
                0x080023ec                _getpid
 .text._kill    0x080023f0       0x10 CMakeFiles/EncoderTest.elf.dir/Core/Src/syscalls.c.obj
                0x080023f0                _kill
 .text._exit    0x08002400        0xc CMakeFiles/EncoderTest.elf.dir/Core/Src/syscalls.c.obj
                0x08002400                _exit
 .text._read    0x0800240c       0x1c CMakeFiles/EncoderTest.elf.dir/Core/Src/syscalls.c.obj
                0x0800240c                _read
 .text._write   0x08002428       0x1c CMakeFiles/EncoderTest.elf.dir/Core/Src/syscalls.c.obj
                0x08002428                _write
 .text._close   0x08002444        0x6 CMakeFiles/EncoderTest.elf.dir/Core/Src/syscalls.c.obj
                0x08002444                _close
 .text._fstat   0x0800244a        0xa CMakeFiles/EncoderTest.elf.dir/Core/Src/syscalls.c.obj
                0x0800244a                _fstat
 .text._isatty  0x08002454        0x4 CMakeFiles/EncoderTest.elf.dir/Core/Src/syscalls.c.obj
                0x08002454                _isatty
 .text._lseek   0x08002458        0x4 CMakeFiles/EncoderTest.elf.dir/Core/Src/syscalls.c.obj
                0x08002458                _lseek
 .text._sbrk    0x0800245c       0x48 CMakeFiles/EncoderTest.elf.dir/Core/Src/sysmem.c.obj
                0x0800245c                _sbrk
 .text.SystemInit
                0x080024a4        0x2 CMakeFiles/EncoderTest.elf.dir/Core/Src/system_stm32g0xx.c.obj
                0x080024a4                SystemInit
 *fill*         0x080024a6        0x2 
 .text.MX_TIM3_Init
                0x080024a8       0x78 CMakeFiles/EncoderTest.elf.dir/Core/Src/tim.c.obj
                0x080024a8                MX_TIM3_Init
 .text.HAL_TIM_Encoder_MspInit
                0x08002520       0x60 CMakeFiles/EncoderTest.elf.dir/Core/Src/tim.c.obj
                0x08002520                HAL_TIM_Encoder_MspInit
 .text.MX_USART1_UART_Init
                0x08002580       0x70 CMakeFiles/EncoderTest.elf.dir/Core/Src/usart.c.obj
                0x08002580                MX_USART1_UART_Init
 .text.HAL_UART_MspInit
                0x080025f0       0x88 CMakeFiles/EncoderTest.elf.dir/Core/Src/usart.c.obj
                0x080025f0                HAL_UART_MspInit
 .text.Reset_Handler
                0x08002678       0x50 CMakeFiles/EncoderTest.elf.dir/Core/Startup/startup_stm32g070rbtx.s.obj
                0x08002678                Reset_Handler
 .text.Default_Handler
                0x080026c8        0x2 CMakeFiles/EncoderTest.elf.dir/Core/Startup/startup_stm32g070rbtx.s.obj
                0x080026c8                TIM1_CC_IRQHandler
                0x080026c8                TIM6_IRQHandler
                0x080026c8                I2C1_IRQHandler
                0x080026c8                RTC_TAMP_IRQHandler
                0x080026c8                SPI1_IRQHandler
                0x080026c8                USART3_4_IRQHandler
                0x080026c8                EXTI2_3_IRQHandler
                0x080026c8                ADC1_IRQHandler
                0x080026c8                I2C2_IRQHandler
                0x080026c8                TIM17_IRQHandler
                0x080026c8                TIM16_IRQHandler
                0x080026c8                TIM3_IRQHandler
                0x080026c8                EXTI4_15_IRQHandler
                0x080026c8                RCC_IRQHandler
                0x080026c8                DMA1_Channel1_IRQHandler
                0x080026c8                Default_Handler
                0x080026c8                TIM14_IRQHandler
                0x080026c8                TIM7_IRQHandler
                0x080026c8                TIM15_IRQHandler
                0x080026c8                EXTI0_1_IRQHandler
                0x080026c8                SPI2_IRQHandler
                0x080026c8                WWDG_IRQHandler
                0x080026c8                DMA1_Ch4_7_DMAMUX1_OVR_IRQHandler
                0x080026c8                DMA1_Channel2_3_IRQHandler
                0x080026c8                USART2_IRQHandler
                0x080026c8                FLASH_IRQHandler
                0x080026c8                USART1_IRQHandler
                0x080026c8                TIM1_BRK_UP_TRG_COM_IRQHandler
 *fill*         0x080026ca        0x2 
 .text.HAL_InitTick
                0x080026cc       0x58 CMakeFiles/EncoderTest.elf.dir/Drivers/STM32G0xx_HAL_Driver/Src/stm32g0xx_hal.c.obj
                0x080026cc                HAL_InitTick
 .text.HAL_Init
                0x08002724       0x28 CMakeFiles/EncoderTest.elf.dir/Drivers/STM32G0xx_HAL_Driver/Src/stm32g0xx_hal.c.obj
                0x08002724                HAL_Init
 .text.HAL_IncTick
                0x0800274c       0x18 CMakeFiles/EncoderTest.elf.dir/Drivers/STM32G0xx_HAL_Driver/Src/stm32g0xx_hal.c.obj
                0x0800274c                HAL_IncTick
 .text.HAL_GetTick
                0x08002764        0xc CMakeFiles/EncoderTest.elf.dir/Drivers/STM32G0xx_HAL_Driver/Src/stm32g0xx_hal.c.obj
                0x08002764                HAL_GetTick
 .text.HAL_Delay
                0x08002770       0x24 CMakeFiles/EncoderTest.elf.dir/Drivers/STM32G0xx_HAL_Driver/Src/stm32g0xx_hal.c.obj
                0x08002770                HAL_Delay
 .text.HAL_SYSCFG_StrobeDBattpinsConfig
                0x08002794       0x18 CMakeFiles/EncoderTest.elf.dir/Drivers/STM32G0xx_HAL_Driver/Src/stm32g0xx_hal.c.obj
                0x08002794                HAL_SYSCFG_StrobeDBattpinsConfig
 .text.HAL_NVIC_SetPriority
                0x080027ac       0x60 CMakeFiles/EncoderTest.elf.dir/Drivers/STM32G0xx_HAL_Driver/Src/stm32g0xx_hal_cortex.c.obj
                0x080027ac                HAL_NVIC_SetPriority
 .text.HAL_SYSTICK_Config
                0x0800280c       0x38 CMakeFiles/EncoderTest.elf.dir/Drivers/STM32G0xx_HAL_Driver/Src/stm32g0xx_hal_cortex.c.obj
                0x0800280c                HAL_SYSTICK_Config
 .text.HAL_GPIO_Init
                0x08002844      0x178 CMakeFiles/EncoderTest.elf.dir/Drivers/STM32G0xx_HAL_Driver/Src/stm32g0xx_hal_gpio.c.obj
                0x08002844                HAL_GPIO_Init
 .text.HAL_GPIO_ReadPin
                0x080029bc        0xe CMakeFiles/EncoderTest.elf.dir/Drivers/STM32G0xx_HAL_Driver/Src/stm32g0xx_hal_gpio.c.obj
                0x080029bc                HAL_GPIO_ReadPin
 *fill*         0x080029ca        0x2 
 .text.HAL_PWREx_ControlVoltageScaling
                0x080029cc       0x54 CMakeFiles/EncoderTest.elf.dir/Drivers/STM32G0xx_HAL_Driver/Src/stm32g0xx_hal_pwr_ex.c.obj
                0x080029cc                HAL_PWREx_ControlVoltageScaling
 .text.HAL_RCC_OscConfig
                0x08002a20      0x4a4 CMakeFiles/EncoderTest.elf.dir/Drivers/STM32G0xx_HAL_Driver/Src/stm32g0xx_hal_rcc.c.obj
                0x08002a20                HAL_RCC_OscConfig
 .text.HAL_RCC_GetSysClockFreq
                0x08002ec4       0xb8 CMakeFiles/EncoderTest.elf.dir/Drivers/STM32G0xx_HAL_Driver/Src/stm32g0xx_hal_rcc.c.obj
                0x08002ec4                HAL_RCC_GetSysClockFreq
 .text.HAL_RCC_ClockConfig
                0x08002f7c      0x18c CMakeFiles/EncoderTest.elf.dir/Drivers/STM32G0xx_HAL_Driver/Src/stm32g0xx_hal_rcc.c.obj
                0x08002f7c                HAL_RCC_ClockConfig
 .text.HAL_RCC_GetHCLKFreq
                0x08003108        0xc CMakeFiles/EncoderTest.elf.dir/Drivers/STM32G0xx_HAL_Driver/Src/stm32g0xx_hal_rcc.c.obj
                0x08003108                HAL_RCC_GetHCLKFreq
 .text.HAL_RCC_GetPCLK1Freq
                0x08003114       0x28 CMakeFiles/EncoderTest.elf.dir/Drivers/STM32G0xx_HAL_Driver/Src/stm32g0xx_hal_rcc.c.obj
                0x08003114                HAL_RCC_GetPCLK1Freq
 .text.HAL_RCCEx_PeriphCLKConfig
                0x0800313c      0x190 CMakeFiles/EncoderTest.elf.dir/Drivers/STM32G0xx_HAL_Driver/Src/stm32g0xx_hal_rcc_ex.c.obj
                0x0800313c                HAL_RCCEx_PeriphCLKConfig
 .text.TIM_Base_SetConfig
                0x080032cc       0x94 CMakeFiles/EncoderTest.elf.dir/Drivers/STM32G0xx_HAL_Driver/Src/stm32g0xx_hal_tim.c.obj
                0x080032cc                TIM_Base_SetConfig
 .text.HAL_TIM_Encoder_Init
                0x08003360       0xbc CMakeFiles/EncoderTest.elf.dir/Drivers/STM32G0xx_HAL_Driver/Src/stm32g0xx_hal_tim.c.obj
                0x08003360                HAL_TIM_Encoder_Init
 .text.TIM_CCxChannelCmd
                0x0800341c       0x1a CMakeFiles/EncoderTest.elf.dir/Drivers/STM32G0xx_HAL_Driver/Src/stm32g0xx_hal_tim.c.obj
                0x0800341c                TIM_CCxChannelCmd
 .text.HAL_TIM_Encoder_Start
                0x08003436       0xc8 CMakeFiles/EncoderTest.elf.dir/Drivers/STM32G0xx_HAL_Driver/Src/stm32g0xx_hal_tim.c.obj
                0x08003436                HAL_TIM_Encoder_Start
 *fill*         0x080034fe        0x2 
 .text.HAL_TIMEx_MasterConfigSynchronization
                0x08003500       0x78 CMakeFiles/EncoderTest.elf.dir/Drivers/STM32G0xx_HAL_Driver/Src/stm32g0xx_hal_tim_ex.c.obj
                0x08003500                HAL_TIMEx_MasterConfigSynchronization
 .text.UART_SetConfig
                0x08003578      0x1f0 CMakeFiles/EncoderTest.elf.dir/Drivers/STM32G0xx_HAL_Driver/Src/stm32g0xx_hal_uart.c.obj
                0x08003578                UART_SetConfig
 .text.UART_AdvFeatureConfig
                0x08003768       0xe0 CMakeFiles/EncoderTest.elf.dir/Drivers/STM32G0xx_HAL_Driver/Src/stm32g0xx_hal_uart.c.obj
                0x08003768                UART_AdvFeatureConfig
 .text.UART_WaitOnFlagUntilTimeout
                0x08003848       0xe4 CMakeFiles/EncoderTest.elf.dir/Drivers/STM32G0xx_HAL_Driver/Src/stm32g0xx_hal_uart.c.obj
                0x08003848                UART_WaitOnFlagUntilTimeout
 .text.HAL_UART_Transmit
                0x0800392c       0xf0 CMakeFiles/EncoderTest.elf.dir/Drivers/STM32G0xx_HAL_Driver/Src/stm32g0xx_hal_uart.c.obj
                0x0800392c                HAL_UART_Transmit
 .text.UART_CheckIdleState
                0x08003a1c       0x74 CMakeFiles/EncoderTest.elf.dir/Drivers/STM32G0xx_HAL_Driver/Src/stm32g0xx_hal_uart.c.obj
                0x08003a1c                UART_CheckIdleState
 .text.HAL_UART_Init
                0x08003a90       0x70 CMakeFiles/EncoderTest.elf.dir/Drivers/STM32G0xx_HAL_Driver/Src/stm32g0xx_hal_uart.c.obj
                0x08003a90                HAL_UART_Init
 .text.UARTEx_SetNbDataToProcess
                0x08003b00       0x50 CMakeFiles/EncoderTest.elf.dir/Drivers/STM32G0xx_HAL_Driver/Src/stm32g0xx_hal_uart_ex.c.obj
 .text.HAL_UARTEx_DisableFifoMode
                0x08003b50       0x40 CMakeFiles/EncoderTest.elf.dir/Drivers/STM32G0xx_HAL_Driver/Src/stm32g0xx_hal_uart_ex.c.obj
                0x08003b50                HAL_UARTEx_DisableFifoMode
 .text.HAL_UARTEx_SetTxFifoThreshold
                0x08003b90       0x4a CMakeFiles/EncoderTest.elf.dir/Drivers/STM32G0xx_HAL_Driver/Src/stm32g0xx_hal_uart_ex.c.obj
                0x08003b90                HAL_UARTEx_SetTxFifoThreshold
 *fill*         0x08003bda        0x2 
 .text.HAL_UARTEx_SetRxFifoThreshold
                0x08003bdc       0x50 CMakeFiles/EncoderTest.elf.dir/Drivers/STM32G0xx_HAL_Driver/Src/stm32g0xx_hal_uart_ex.c.obj
                0x08003bdc                HAL_UARTEx_SetRxFifoThreshold
 .text.__errno  0x08003c2c        0xc d:/stmicroelectronics/stm32cube/gnu-tools-arm-embedded/bin/../lib/gcc/arm-none-eabi/10.3.1/../../../../arm-none-eabi/lib/thumb/v6-m/nofp\libg.a(lib_a-errno.o)
                0x08003c2c                __errno
 .text.__libc_init_array
                0x08003c38       0x44 d:/stmicroelectronics/stm32cube/gnu-tools-arm-embedded/bin/../lib/gcc/arm-none-eabi/10.3.1/../../../../arm-none-eabi/lib/thumb/v6-m/nofp\libg.a(lib_a-init.o)
                0x08003c38                __libc_init_array
 .text.memset   0x08003c7c       0xa8 d:/stmicroelectronics/stm32cube/gnu-tools-arm-embedded/bin/../lib/gcc/arm-none-eabi/10.3.1/../../../../arm-none-eabi/lib/thumb/v6-m/nofp\libg.a(lib_a-memset.o)
                0x08003c7c                memset
 .text.printf   0x08003d24       0x24 d:/stmicroelectronics/stm32cube/gnu-tools-arm-embedded/bin/../lib/gcc/arm-none-eabi/10.3.1/../../../../arm-none-eabi/lib/thumb/v6-m/nofp\libg.a(lib_a-printf.o)
                0x08003d24                printf
 .text._vfprintf_r
                0x08003d48     0x1c44 d:/stmicroelectronics/stm32cube/gnu-tools-arm-embedded/bin/../lib/gcc/arm-none-eabi/10.3.1/../../../../arm-none-eabi/lib/thumb/v6-m/nofp\libg.a(lib_a-vfprintf.o)
                0x08003d48                _vfprintf_r
 .text.__sbprintf
                0x0800598c       0x8c d:/stmicroelectronics/stm32cube/gnu-tools-arm-embedded/bin/../lib/gcc/arm-none-eabi/10.3.1/../../../../arm-none-eabi/lib/thumb/v6-m/nofp\libg.a(lib_a-vfprintf.o)
 .text.__swsetup_r
                0x08005a18       0xdc d:/stmicroelectronics/stm32cube/gnu-tools-arm-embedded/bin/../lib/gcc/arm-none-eabi/10.3.1/../../../../arm-none-eabi/lib/thumb/v6-m/nofp\libg.a(lib_a-wsetup.o)
                0x08005a18                __swsetup_r
 .text.startup.register_fini
                0x08005af4       0x18 d:/stmicroelectronics/stm32cube/gnu-tools-arm-embedded/bin/../lib/gcc/arm-none-eabi/10.3.1/../../../../arm-none-eabi/lib/thumb/v6-m/nofp\libg.a(lib_a-__call_atexit.o)
 .text.atexit   0x08005b0c       0x10 d:/stmicroelectronics/stm32cube/gnu-tools-arm-embedded/bin/../lib/gcc/arm-none-eabi/10.3.1/../../../../arm-none-eabi/lib/thumb/v6-m/nofp\libg.a(lib_a-atexit.o)
                0x08005b0c                atexit
 .text.quorem   0x08005b1c      0x148 d:/stmicroelectronics/stm32cube/gnu-tools-arm-embedded/bin/../lib/gcc/arm-none-eabi/10.3.1/../../../../arm-none-eabi/lib/thumb/v6-m/nofp\libg.a(lib_a-dtoa.o)
 .text._dtoa_r  0x08005c64      0xfbc d:/stmicroelectronics/stm32cube/gnu-tools-arm-embedded/bin/../lib/gcc/arm-none-eabi/10.3.1/../../../../arm-none-eabi/lib/thumb/v6-m/nofp\libg.a(lib_a-dtoa.o)
                0x08005c64                _dtoa_r
 .text.__sflush_r
                0x08006c20      0x140 d:/stmicroelectronics/stm32cube/gnu-tools-arm-embedded/bin/../lib/gcc/arm-none-eabi/10.3.1/../../../../arm-none-eabi/lib/thumb/v6-m/nofp\libg.a(lib_a-fflush.o)
                0x08006c20                __sflush_r
 .text._fflush_r
                0x08006d60       0x6c d:/stmicroelectronics/stm32cube/gnu-tools-arm-embedded/bin/../lib/gcc/arm-none-eabi/10.3.1/../../../../arm-none-eabi/lib/thumb/v6-m/nofp\libg.a(lib_a-fflush.o)
                0x08006d60                _fflush_r
 .text._cleanup_r
                0x08006dcc       0x10 d:/stmicroelectronics/stm32cube/gnu-tools-arm-embedded/bin/../lib/gcc/arm-none-eabi/10.3.1/../../../../arm-none-eabi/lib/thumb/v6-m/nofp\libg.a(lib_a-findfp.o)
                0x08006dcc                _cleanup_r
 .text.__sinit  0x08006ddc      0x120 d:/stmicroelectronics/stm32cube/gnu-tools-arm-embedded/bin/../lib/gcc/arm-none-eabi/10.3.1/../../../../arm-none-eabi/lib/thumb/v6-m/nofp\libg.a(lib_a-findfp.o)
                0x08006ddc                __sinit
 .text.__sfp_lock_acquire
                0x08006efc       0x10 d:/stmicroelectronics/stm32cube/gnu-tools-arm-embedded/bin/../lib/gcc/arm-none-eabi/10.3.1/../../../../arm-none-eabi/lib/thumb/v6-m/nofp\libg.a(lib_a-findfp.o)
                0x08006efc                __sfp_lock_acquire
 .text.__sfp_lock_release
                0x08006f0c       0x10 d:/stmicroelectronics/stm32cube/gnu-tools-arm-embedded/bin/../lib/gcc/arm-none-eabi/10.3.1/../../../../arm-none-eabi/lib/thumb/v6-m/nofp\libg.a(lib_a-findfp.o)
                0x08006f0c                __sfp_lock_release
 .text.__libc_fini_array
                0x08006f1c       0x28 d:/stmicroelectronics/stm32cube/gnu-tools-arm-embedded/bin/../lib/gcc/arm-none-eabi/10.3.1/../../../../arm-none-eabi/lib/thumb/v6-m/nofp\libg.a(lib_a-fini.o)
                0x08006f1c                __libc_fini_array
 .text._malloc_trim_r
                0x08006f44       0x9c d:/stmicroelectronics/stm32cube/gnu-tools-arm-embedded/bin/../lib/gcc/arm-none-eabi/10.3.1/../../../../arm-none-eabi/lib/thumb/v6-m/nofp\libg.a(lib_a-freer.o)
                0x08006f44                _malloc_trim_r
 .text._free_r  0x08006fe0      0x1c4 d:/stmicroelectronics/stm32cube/gnu-tools-arm-embedded/bin/../lib/gcc/arm-none-eabi/10.3.1/../../../../arm-none-eabi/lib/thumb/v6-m/nofp\libg.a(lib_a-freer.o)
                0x08006fe0                _free_r
 .text._fwalk_reent
                0x080071a4       0x48 d:/stmicroelectronics/stm32cube/gnu-tools-arm-embedded/bin/../lib/gcc/arm-none-eabi/10.3.1/../../../../arm-none-eabi/lib/thumb/v6-m/nofp\libg.a(lib_a-fwalk.o)
                0x080071a4                _fwalk_reent
 .text._localeconv_r
                0x080071ec        0x8 d:/stmicroelectronics/stm32cube/gnu-tools-arm-embedded/bin/../lib/gcc/arm-none-eabi/10.3.1/../../../../arm-none-eabi/lib/thumb/v6-m/nofp\libg.a(lib_a-localeconv.o)
                0x080071ec                _localeconv_r
 .text.__retarget_lock_init_recursive
                0x080071f4        0x4 d:/stmicroelectronics/stm32cube/gnu-tools-arm-embedded/bin/../lib/gcc/arm-none-eabi/10.3.1/../../../../arm-none-eabi/lib/thumb/v6-m/nofp\libg.a(lib_a-lock.o)
                0x080071f4                __retarget_lock_init_recursive
 .text.__retarget_lock_close_recursive
                0x080071f8        0x4 d:/stmicroelectronics/stm32cube/gnu-tools-arm-embedded/bin/../lib/gcc/arm-none-eabi/10.3.1/../../../../arm-none-eabi/lib/thumb/v6-m/nofp\libg.a(lib_a-lock.o)
                0x080071f8                __retarget_lock_close_recursive
 .text.__retarget_lock_acquire_recursive
                0x080071fc        0x4 d:/stmicroelectronics/stm32cube/gnu-tools-arm-embedded/bin/../lib/gcc/arm-none-eabi/10.3.1/../../../../arm-none-eabi/lib/thumb/v6-m/nofp\libg.a(lib_a-lock.o)
                0x080071fc                __retarget_lock_acquire_recursive
 .text.__retarget_lock_release_recursive
                0x08007200        0x4 d:/stmicroelectronics/stm32cube/gnu-tools-arm-embedded/bin/../lib/gcc/arm-none-eabi/10.3.1/../../../../arm-none-eabi/lib/thumb/v6-m/nofp\libg.a(lib_a-lock.o)
                0x08007200                __retarget_lock_release_recursive
 .text.__smakebuf_r
                0x08007204       0xe4 d:/stmicroelectronics/stm32cube/gnu-tools-arm-embedded/bin/../lib/gcc/arm-none-eabi/10.3.1/../../../../arm-none-eabi/lib/thumb/v6-m/nofp\libg.a(lib_a-makebuf.o)
                0x08007204                __smakebuf_r
 .text._malloc_r
                0x080072e8      0x584 d:/stmicroelectronics/stm32cube/gnu-tools-arm-embedded/bin/../lib/gcc/arm-none-eabi/10.3.1/../../../../arm-none-eabi/lib/thumb/v6-m/nofp\libg.a(lib_a-mallocr.o)
                0x080072e8                _malloc_r
 .text.memchr   0x0800786c       0x74 d:/stmicroelectronics/stm32cube/gnu-tools-arm-embedded/bin/../lib/gcc/arm-none-eabi/10.3.1/../../../../arm-none-eabi/lib/thumb/v6-m/nofp\libg.a(lib_a-memchr-stub.o)
                0x0800786c                memchr
 .text.memcpy   0x080078e0       0xa4 d:/stmicroelectronics/stm32cube/gnu-tools-arm-embedded/bin/../lib/gcc/arm-none-eabi/10.3.1/../../../../arm-none-eabi/lib/thumb/v6-m/nofp\libg.a(lib_a-memcpy-stub.o)
                0x080078e0                memcpy
 .text.__malloc_lock
                0x08007984       0x10 d:/stmicroelectronics/stm32cube/gnu-tools-arm-embedded/bin/../lib/gcc/arm-none-eabi/10.3.1/../../../../arm-none-eabi/lib/thumb/v6-m/nofp\libg.a(lib_a-mlock.o)
                0x08007984                __malloc_lock
 .text.__malloc_unlock
                0x08007994       0x10 d:/stmicroelectronics/stm32cube/gnu-tools-arm-embedded/bin/../lib/gcc/arm-none-eabi/10.3.1/../../../../arm-none-eabi/lib/thumb/v6-m/nofp\libg.a(lib_a-mlock.o)
                0x08007994                __malloc_unlock
 .text._Balloc  0x080079a4       0x50 d:/stmicroelectronics/stm32cube/gnu-tools-arm-embedded/bin/../lib/gcc/arm-none-eabi/10.3.1/../../../../arm-none-eabi/lib/thumb/v6-m/nofp\libg.a(lib_a-mprec.o)
                0x080079a4                _Balloc
 .text._Bfree   0x080079f4       0x14 d:/stmicroelectronics/stm32cube/gnu-tools-arm-embedded/bin/../lib/gcc/arm-none-eabi/10.3.1/../../../../arm-none-eabi/lib/thumb/v6-m/nofp\libg.a(lib_a-mprec.o)
                0x080079f4                _Bfree
 .text.__multadd
                0x08007a08       0xa8 d:/stmicroelectronics/stm32cube/gnu-tools-arm-embedded/bin/../lib/gcc/arm-none-eabi/10.3.1/../../../../arm-none-eabi/lib/thumb/v6-m/nofp\libg.a(lib_a-mprec.o)
                0x08007a08                __multadd
 .text.__hi0bits
                0x08007ab0       0x38 d:/stmicroelectronics/stm32cube/gnu-tools-arm-embedded/bin/../lib/gcc/arm-none-eabi/10.3.1/../../../../arm-none-eabi/lib/thumb/v6-m/nofp\libg.a(lib_a-mprec.o)
                0x08007ab0                __hi0bits
 .text.__lo0bits
                0x08007ae8       0x5c d:/stmicroelectronics/stm32cube/gnu-tools-arm-embedded/bin/../lib/gcc/arm-none-eabi/10.3.1/../../../../arm-none-eabi/lib/thumb/v6-m/nofp\libg.a(lib_a-mprec.o)
                0x08007ae8                __lo0bits
 .text.__i2b    0x08007b44       0x60 d:/stmicroelectronics/stm32cube/gnu-tools-arm-embedded/bin/../lib/gcc/arm-none-eabi/10.3.1/../../../../arm-none-eabi/lib/thumb/v6-m/nofp\libg.a(lib_a-mprec.o)
                0x08007b44                __i2b
 .text.__multiply
                0x08007ba4      0x1a4 d:/stmicroelectronics/stm32cube/gnu-tools-arm-embedded/bin/../lib/gcc/arm-none-eabi/10.3.1/../../../../arm-none-eabi/lib/thumb/v6-m/nofp\libg.a(lib_a-mprec.o)
                0x08007ba4                __multiply
 .text.__pow5mult
                0x08007d48       0xd8 d:/stmicroelectronics/stm32cube/gnu-tools-arm-embedded/bin/../lib/gcc/arm-none-eabi/10.3.1/../../../../arm-none-eabi/lib/thumb/v6-m/nofp\libg.a(lib_a-mprec.o)
                0x08007d48                __pow5mult
 .text.__lshift
                0x08007e20       0xfc d:/stmicroelectronics/stm32cube/gnu-tools-arm-embedded/bin/../lib/gcc/arm-none-eabi/10.3.1/../../../../arm-none-eabi/lib/thumb/v6-m/nofp\libg.a(lib_a-mprec.o)
                0x08007e20                __lshift
 .text.__mcmp   0x08007f1c       0x34 d:/stmicroelectronics/stm32cube/gnu-tools-arm-embedded/bin/../lib/gcc/arm-none-eabi/10.3.1/../../../../arm-none-eabi/lib/thumb/v6-m/nofp\libg.a(lib_a-mprec.o)
                0x08007f1c                __mcmp
 .text.__mdiff  0x08007f50      0x18c d:/stmicroelectronics/stm32cube/gnu-tools-arm-embedded/bin/../lib/gcc/arm-none-eabi/10.3.1/../../../../arm-none-eabi/lib/thumb/v6-m/nofp\libg.a(lib_a-mprec.o)
                0x08007f50                __mdiff
 .text.__d2b    0x080080dc       0xd8 d:/stmicroelectronics/stm32cube/gnu-tools-arm-embedded/bin/../lib/gcc/arm-none-eabi/10.3.1/../../../../arm-none-eabi/lib/thumb/v6-m/nofp\libg.a(lib_a-mprec.o)
                0x080080dc                __d2b
 .text.frexp    0x080081b4       0x64 d:/stmicroelectronics/stm32cube/gnu-tools-arm-embedded/bin/../lib/gcc/arm-none-eabi/10.3.1/../../../../arm-none-eabi/lib/thumb/v6-m/nofp\libg.a(lib_a-s_frexp.o)
                0x080081b4                frexp
 .text._sbrk_r  0x08008218       0x24 d:/stmicroelectronics/stm32cube/gnu-tools-arm-embedded/bin/../lib/gcc/arm-none-eabi/10.3.1/../../../../arm-none-eabi/lib/thumb/v6-m/nofp\libg.a(lib_a-sbrkr.o)
                0x08008218                _sbrk_r
 .text.__sread  0x0800823c       0x28 d:/stmicroelectronics/stm32cube/gnu-tools-arm-embedded/bin/../lib/gcc/arm-none-eabi/10.3.1/../../../../arm-none-eabi/lib/thumb/v6-m/nofp\libg.a(lib_a-stdio.o)
                0x0800823c                __sread
 .text.__swrite
                0x08008264       0x40 d:/stmicroelectronics/stm32cube/gnu-tools-arm-embedded/bin/../lib/gcc/arm-none-eabi/10.3.1/../../../../arm-none-eabi/lib/thumb/v6-m/nofp\libg.a(lib_a-stdio.o)
                0x08008264                __swrite
 .text.__sseek  0x080082a4       0x2c d:/stmicroelectronics/stm32cube/gnu-tools-arm-embedded/bin/../lib/gcc/arm-none-eabi/10.3.1/../../../../arm-none-eabi/lib/thumb/v6-m/nofp\libg.a(lib_a-stdio.o)
                0x080082a4                __sseek
 .text.__sclose
                0x080082d0        0xc d:/stmicroelectronics/stm32cube/gnu-tools-arm-embedded/bin/../lib/gcc/arm-none-eabi/10.3.1/../../../../arm-none-eabi/lib/thumb/v6-m/nofp\libg.a(lib_a-stdio.o)
                0x080082d0                __sclose
 .text.strlen   0x080082dc       0x5c d:/stmicroelectronics/stm32cube/gnu-tools-arm-embedded/bin/../lib/gcc/arm-none-eabi/10.3.1/../../../../arm-none-eabi/lib/thumb/v6-m/nofp\libg.a(lib_a-strlen-stub.o)
                0x080082dc                strlen
 .text.strncpy  0x08008338       0x6c d:/stmicroelectronics/stm32cube/gnu-tools-arm-embedded/bin/../lib/gcc/arm-none-eabi/10.3.1/../../../../arm-none-eabi/lib/thumb/v6-m/nofp\libg.a(lib_a-strncpy.o)
                0x08008338                strncpy
 .text.__sprint_r.part.0
                0x080083a4       0x88 d:/stmicroelectronics/stm32cube/gnu-tools-arm-embedded/bin/../lib/gcc/arm-none-eabi/10.3.1/../../../../arm-none-eabi/lib/thumb/v6-m/nofp\libg.a(lib_a-vfiprintf.o)
 .text.__sprint_r
                0x0800842c       0x14 d:/stmicroelectronics/stm32cube/gnu-tools-arm-embedded/bin/../lib/gcc/arm-none-eabi/10.3.1/../../../../arm-none-eabi/lib/thumb/v6-m/nofp\libg.a(lib_a-vfiprintf.o)
                0x0800842c                __sprint_r
 .text._vfiprintf_r
                0x08008440      0xdb8 d:/stmicroelectronics/stm32cube/gnu-tools-arm-embedded/bin/../lib/gcc/arm-none-eabi/10.3.1/../../../../arm-none-eabi/lib/thumb/v6-m/nofp\libg.a(lib_a-vfiprintf.o)
                0x08008440                _vfiprintf_r
 .text.__sbprintf
                0x080091f8       0x8c d:/stmicroelectronics/stm32cube/gnu-tools-arm-embedded/bin/../lib/gcc/arm-none-eabi/10.3.1/../../../../arm-none-eabi/lib/thumb/v6-m/nofp\libg.a(lib_a-vfiprintf.o)
 .text._write_r
                0x08009284       0x28 d:/stmicroelectronics/stm32cube/gnu-tools-arm-embedded/bin/../lib/gcc/arm-none-eabi/10.3.1/../../../../arm-none-eabi/lib/thumb/v6-m/nofp\libg.a(lib_a-writer.o)
                0x08009284                _write_r
 .text.__register_exitproc
                0x080092ac       0xac d:/stmicroelectronics/stm32cube/gnu-tools-arm-embedded/bin/../lib/gcc/arm-none-eabi/10.3.1/../../../../arm-none-eabi/lib/thumb/v6-m/nofp\libg.a(lib_a-__atexit.o)
                0x080092ac                __register_exitproc
 .text.__assert_func
                0x08009358       0x40 d:/stmicroelectronics/stm32cube/gnu-tools-arm-embedded/bin/../lib/gcc/arm-none-eabi/10.3.1/../../../../arm-none-eabi/lib/thumb/v6-m/nofp\libg.a(lib_a-assert.o)
                0x08009358                __assert_func
 .text._calloc_r
                0x08009398       0x9c d:/stmicroelectronics/stm32cube/gnu-tools-arm-embedded/bin/../lib/gcc/arm-none-eabi/10.3.1/../../../../arm-none-eabi/lib/thumb/v6-m/nofp\libg.a(lib_a-callocr.o)
                0x08009398                _calloc_r
 .text._close_r
                0x08009434       0x24 d:/stmicroelectronics/stm32cube/gnu-tools-arm-embedded/bin/../lib/gcc/arm-none-eabi/10.3.1/../../../../arm-none-eabi/lib/thumb/v6-m/nofp\libg.a(lib_a-closer.o)
                0x08009434                _close_r
 .text._fclose_r
                0x08009458       0xdc d:/stmicroelectronics/stm32cube/gnu-tools-arm-embedded/bin/../lib/gcc/arm-none-eabi/10.3.1/../../../../arm-none-eabi/lib/thumb/v6-m/nofp\libg.a(lib_a-fclose.o)
                0x08009458                _fclose_r
 .text.fiprintf
                0x08009534       0x24 d:/stmicroelectronics/stm32cube/gnu-tools-arm-embedded/bin/../lib/gcc/arm-none-eabi/10.3.1/../../../../arm-none-eabi/lib/thumb/v6-m/nofp\libg.a(lib_a-fiprintf.o)
                0x08009534                fiprintf
 .text.__fputwc
                0x08009558       0x98 d:/stmicroelectronics/stm32cube/gnu-tools-arm-embedded/bin/../lib/gcc/arm-none-eabi/10.3.1/../../../../arm-none-eabi/lib/thumb/v6-m/nofp\libg.a(lib_a-fputwc.o)
                0x08009558                __fputwc
 .text._fputwc_r
                0x080095f0       0x5c d:/stmicroelectronics/stm32cube/gnu-tools-arm-embedded/bin/../lib/gcc/arm-none-eabi/10.3.1/../../../../arm-none-eabi/lib/thumb/v6-m/nofp\libg.a(lib_a-fputwc.o)
                0x080095f0                _fputwc_r
 .text._fstat_r
                0x0800964c       0x28 d:/stmicroelectronics/stm32cube/gnu-tools-arm-embedded/bin/../lib/gcc/arm-none-eabi/10.3.1/../../../../arm-none-eabi/lib/thumb/v6-m/nofp\libg.a(lib_a-fstatr.o)
                0x0800964c                _fstat_r
 .text.__sfvwrite_r
                0x08009674      0x2f4 d:/stmicroelectronics/stm32cube/gnu-tools-arm-embedded/bin/../lib/gcc/arm-none-eabi/10.3.1/../../../../arm-none-eabi/lib/thumb/v6-m/nofp\libg.a(lib_a-fvwrite.o)
                0x08009674                __sfvwrite_r
 .text._isatty_r
                0x08009968       0x24 d:/stmicroelectronics/stm32cube/gnu-tools-arm-embedded/bin/../lib/gcc/arm-none-eabi/10.3.1/../../../../arm-none-eabi/lib/thumb/v6-m/nofp\libg.a(lib_a-isattyr.o)
                0x08009968                _isatty_r
 .text.__locale_mb_cur_max
                0x0800998c       0x10 d:/stmicroelectronics/stm32cube/gnu-tools-arm-embedded/bin/../lib/gcc/arm-none-eabi/10.3.1/../../../../arm-none-eabi/lib/thumb/v6-m/nofp\libg.a(lib_a-locale.o)
                0x0800998c                __locale_mb_cur_max
 .text._lseek_r
                0x0800999c       0x28 d:/stmicroelectronics/stm32cube/gnu-tools-arm-embedded/bin/../lib/gcc/arm-none-eabi/10.3.1/../../../../arm-none-eabi/lib/thumb/v6-m/nofp\libg.a(lib_a-lseekr.o)
                0x0800999c                _lseek_r
 .text.__ascii_mbtowc
                0x080099c4       0x2c d:/stmicroelectronics/stm32cube/gnu-tools-arm-embedded/bin/../lib/gcc/arm-none-eabi/10.3.1/../../../../arm-none-eabi/lib/thumb/v6-m/nofp\libg.a(lib_a-mbtowc_r.o)
                0x080099c4                __ascii_mbtowc
 .text.memmove  0x080099f0       0xac d:/stmicroelectronics/stm32cube/gnu-tools-arm-embedded/bin/../lib/gcc/arm-none-eabi/10.3.1/../../../../arm-none-eabi/lib/thumb/v6-m/nofp\libg.a(lib_a-memmove.o)
                0x080099f0                memmove
 .text._read_r  0x08009a9c       0x28 d:/stmicroelectronics/stm32cube/gnu-tools-arm-embedded/bin/../lib/gcc/arm-none-eabi/10.3.1/../../../../arm-none-eabi/lib/thumb/v6-m/nofp\libg.a(lib_a-readr.o)
                0x08009a9c                _read_r
 .text._realloc_r
                0x08009ac4      0x354 d:/stmicroelectronics/stm32cube/gnu-tools-arm-embedded/bin/../lib/gcc/arm-none-eabi/10.3.1/../../../../arm-none-eabi/lib/thumb/v6-m/nofp\libg.a(lib_a-reallocr.o)
                0x08009ac4                _realloc_r
 .text.__swbuf_r
                0x08009e18       0xc8 d:/stmicroelectronics/stm32cube/gnu-tools-arm-embedded/bin/../lib/gcc/arm-none-eabi/10.3.1/../../../../arm-none-eabi/lib/thumb/v6-m/nofp\libg.a(lib_a-wbuf.o)
                0x08009e18                __swbuf_r
 .text._wcrtomb_r
                0x08009ee0       0x40 d:/stmicroelectronics/stm32cube/gnu-tools-arm-embedded/bin/../lib/gcc/arm-none-eabi/10.3.1/../../../../arm-none-eabi/lib/thumb/v6-m/nofp\libg.a(lib_a-wcrtomb.o)
                0x08009ee0                _wcrtomb_r
 .text.__ascii_wctomb
                0x08009f20       0x1c d:/stmicroelectronics/stm32cube/gnu-tools-arm-embedded/bin/../lib/gcc/arm-none-eabi/10.3.1/../../../../arm-none-eabi/lib/thumb/v6-m/nofp\libg.a(lib_a-wctomb_r.o)
                0x08009f20                __ascii_wctomb
 .text.abort    0x08009f3c       0x10 d:/stmicroelectronics/stm32cube/gnu-tools-arm-embedded/bin/../lib/gcc/arm-none-eabi/10.3.1/../../../../arm-none-eabi/lib/thumb/v6-m/nofp\libg.a(lib_a-abort.o)
                0x08009f3c                abort
 .text.raise    0x08009f4c       0x60 d:/stmicroelectronics/stm32cube/gnu-tools-arm-embedded/bin/../lib/gcc/arm-none-eabi/10.3.1/../../../../arm-none-eabi/lib/thumb/v6-m/nofp\libg.a(lib_a-signal.o)
                0x08009f4c                raise
 .text._kill_r  0x08009fac       0x28 d:/stmicroelectronics/stm32cube/gnu-tools-arm-embedded/bin/../lib/gcc/arm-none-eabi/10.3.1/../../../../arm-none-eabi/lib/thumb/v6-m/nofp\libg.a(lib_a-signalr.o)
                0x08009fac                _kill_r
 .text._getpid_r
                0x08009fd4        0x8 d:/stmicroelectronics/stm32cube/gnu-tools-arm-embedded/bin/../lib/gcc/arm-none-eabi/10.3.1/../../../../arm-none-eabi/lib/thumb/v6-m/nofp\libg.a(lib_a-signalr.o)
                0x08009fd4                _getpid_r
 *(.glue_7)
 .glue_7        0x08009fdc        0x0 linker stubs
 *(.glue_7t)
 .glue_7t       0x08009fdc        0x0 linker stubs
 *(.eh_frame)
 .eh_frame      0x08009fdc        0x0 d:/stmicroelectronics/stm32cube/gnu-tools-arm-embedded/bin/../lib/gcc/arm-none-eabi/10.3.1/thumb/v6-m/nofp/crtbegin.o
 *(.init)
 .init          0x08009fdc        0x4 d:/stmicroelectronics/stm32cube/gnu-tools-arm-embedded/bin/../lib/gcc/arm-none-eabi/10.3.1/thumb/v6-m/nofp/crti.o
                0x08009fdc                _init
 .init          0x08009fe0        0x8 d:/stmicroelectronics/stm32cube/gnu-tools-arm-embedded/bin/../lib/gcc/arm-none-eabi/10.3.1/thumb/v6-m/nofp/crtn.o
 *(.fini)
 .fini          0x08009fe8        0x4 d:/stmicroelectronics/stm32cube/gnu-tools-arm-embedded/bin/../lib/gcc/arm-none-eabi/10.3.1/thumb/v6-m/nofp/crti.o
                0x08009fe8                _fini
 .fini          0x08009fec        0x8 d:/stmicroelectronics/stm32cube/gnu-tools-arm-embedded/bin/../lib/gcc/arm-none-eabi/10.3.1/thumb/v6-m/nofp/crtn.o
                0x08009ff4                . = ALIGN (0x4)
                0x08009ff4                _etext = .

.vfp11_veneer   0x08009ff4        0x0
 .vfp11_veneer  0x08009ff4        0x0 linker stubs

.v4_bx          0x08009ff4        0x0
 .v4_bx         0x08009ff4        0x0 linker stubs

.iplt           0x08009ff4        0x0
 .iplt          0x08009ff4        0x0 d:/stmicroelectronics/stm32cube/gnu-tools-arm-embedded/bin/../lib/gcc/arm-none-eabi/10.3.1/thumb/v6-m/nofp/crtbegin.o

.rodata         0x08009ff8      0x80c
                0x08009ff8                . = ALIGN (0x4)
 *(.rodata)
 .rodata        0x08009ff8       0x40 d:/stmicroelectronics/stm32cube/gnu-tools-arm-embedded/bin/../lib/gcc/arm-none-eabi/10.3.1/thumb/v6-m/nofp\libgcc.a(divdf3.o)
 .rodata        0x0800a038       0x40 d:/stmicroelectronics/stm32cube/gnu-tools-arm-embedded/bin/../lib/gcc/arm-none-eabi/10.3.1/thumb/v6-m/nofp\libgcc.a(muldf3.o)
 *(.rodata*)
 .rodata.main.str1.4
                0x0800a078       0x2e CMakeFiles/EncoderTest.elf.dir/Core/Src/main.c.obj
 *fill*         0x0800a0a6        0x2 
 .rodata.AHBPrescTable
                0x0800a0a8       0x40 CMakeFiles/EncoderTest.elf.dir/Core/Src/system_stm32g0xx.c.obj
                0x0800a0a8                AHBPrescTable
 .rodata.APBPrescTable
                0x0800a0e8       0x20 CMakeFiles/EncoderTest.elf.dir/Core/Src/system_stm32g0xx.c.obj
                0x0800a0e8                APBPrescTable
 .rodata.UARTPrescTable
                0x0800a108       0x18 CMakeFiles/EncoderTest.elf.dir/Drivers/STM32G0xx_HAL_Driver/Src/stm32g0xx_hal_uart.c.obj
                0x0800a108                UARTPrescTable
 .rodata.denominator.0
                0x0800a120        0x8 CMakeFiles/EncoderTest.elf.dir/Drivers/STM32G0xx_HAL_Driver/Src/stm32g0xx_hal_uart_ex.c.obj
 .rodata.numerator.1
                0x0800a128        0x8 CMakeFiles/EncoderTest.elf.dir/Drivers/STM32G0xx_HAL_Driver/Src/stm32g0xx_hal_uart_ex.c.obj
 .rodata._global_impure_ptr
                0x0800a130        0x4 d:/stmicroelectronics/stm32cube/gnu-tools-arm-embedded/bin/../lib/gcc/arm-none-eabi/10.3.1/../../../../arm-none-eabi/lib/thumb/v6-m/nofp\libg.a(lib_a-impure.o)
                0x0800a130                _global_impure_ptr
 .rodata._vfprintf_r.str1.4
                0x0800a134       0x42 d:/stmicroelectronics/stm32cube/gnu-tools-arm-embedded/bin/../lib/gcc/arm-none-eabi/10.3.1/../../../../arm-none-eabi/lib/thumb/v6-m/nofp\libg.a(lib_a-vfprintf.o)
 *fill*         0x0800a176        0x2 
 .rodata._vfprintf_r
                0x0800a178      0x16c d:/stmicroelectronics/stm32cube/gnu-tools-arm-embedded/bin/../lib/gcc/arm-none-eabi/10.3.1/../../../../arm-none-eabi/lib/thumb/v6-m/nofp\libg.a(lib_a-vfprintf.o)
 .rodata.blanks.1
                0x0800a2e4       0x10 d:/stmicroelectronics/stm32cube/gnu-tools-arm-embedded/bin/../lib/gcc/arm-none-eabi/10.3.1/../../../../arm-none-eabi/lib/thumb/v6-m/nofp\libg.a(lib_a-vfprintf.o)
 .rodata.zeroes.0
                0x0800a2f4       0x10 d:/stmicroelectronics/stm32cube/gnu-tools-arm-embedded/bin/../lib/gcc/arm-none-eabi/10.3.1/../../../../arm-none-eabi/lib/thumb/v6-m/nofp\libg.a(lib_a-vfprintf.o)
 .rodata._dtoa_r.str1.4
                0x0800a304       0xa2 d:/stmicroelectronics/stm32cube/gnu-tools-arm-embedded/bin/../lib/gcc/arm-none-eabi/10.3.1/../../../../arm-none-eabi/lib/thumb/v6-m/nofp\libg.a(lib_a-dtoa.o)
                                 0xa6 (size before relaxing)
 *fill*         0x0800a3a6        0x2 
 .rodata.__multadd.str1.4
                0x0800a3a8       0x7f d:/stmicroelectronics/stm32cube/gnu-tools-arm-embedded/bin/../lib/gcc/arm-none-eabi/10.3.1/../../../../arm-none-eabi/lib/thumb/v6-m/nofp\libg.a(lib_a-mprec.o)
                                 0x93 (size before relaxing)
 *fill*         0x0800a427        0x1 
 .rodata.__mprec_bigtens
                0x0800a428       0x28 d:/stmicroelectronics/stm32cube/gnu-tools-arm-embedded/bin/../lib/gcc/arm-none-eabi/10.3.1/../../../../arm-none-eabi/lib/thumb/v6-m/nofp\libg.a(lib_a-mprec.o)
                0x0800a428                __mprec_bigtens
 .rodata.__mprec_tens
                0x0800a450       0xc8 d:/stmicroelectronics/stm32cube/gnu-tools-arm-embedded/bin/../lib/gcc/arm-none-eabi/10.3.1/../../../../arm-none-eabi/lib/thumb/v6-m/nofp\libg.a(lib_a-mprec.o)
                0x0800a450                __mprec_tens
 .rodata.p05.0  0x0800a518        0xc d:/stmicroelectronics/stm32cube/gnu-tools-arm-embedded/bin/../lib/gcc/arm-none-eabi/10.3.1/../../../../arm-none-eabi/lib/thumb/v6-m/nofp\libg.a(lib_a-mprec.o)
 .rodata._vfiprintf_r.str1.4
                0x0800a524       0x2f d:/stmicroelectronics/stm32cube/gnu-tools-arm-embedded/bin/../lib/gcc/arm-none-eabi/10.3.1/../../../../arm-none-eabi/lib/thumb/v6-m/nofp\libg.a(lib_a-vfiprintf.o)
 .rodata._vfiprintf_r
                0x0800a524      0x16c d:/stmicroelectronics/stm32cube/gnu-tools-arm-embedded/bin/../lib/gcc/arm-none-eabi/10.3.1/../../../../arm-none-eabi/lib/thumb/v6-m/nofp\libg.a(lib_a-vfiprintf.o)
 .rodata.blanks.1
                0x0800a690       0x10 d:/stmicroelectronics/stm32cube/gnu-tools-arm-embedded/bin/../lib/gcc/arm-none-eabi/10.3.1/../../../../arm-none-eabi/lib/thumb/v6-m/nofp\libg.a(lib_a-vfiprintf.o)
 .rodata.zeroes.0
                0x0800a6a0       0x10 d:/stmicroelectronics/stm32cube/gnu-tools-arm-embedded/bin/../lib/gcc/arm-none-eabi/10.3.1/../../../../arm-none-eabi/lib/thumb/v6-m/nofp\libg.a(lib_a-vfiprintf.o)
 .rodata.__assert_func.str1.4
                0x0800a6b0       0x3f d:/stmicroelectronics/stm32cube/gnu-tools-arm-embedded/bin/../lib/gcc/arm-none-eabi/10.3.1/../../../../arm-none-eabi/lib/thumb/v6-m/nofp\libg.a(lib_a-assert.o)
                                 0x43 (size before relaxing)
 *fill*         0x0800a6ef        0x1 
 .rodata._setlocale_r.str1.4
                0x0800a6f0        0xa d:/stmicroelectronics/stm32cube/gnu-tools-arm-embedded/bin/../lib/gcc/arm-none-eabi/10.3.1/../../../../arm-none-eabi/lib/thumb/v6-m/nofp\libg.a(lib_a-locale.o)
                                  0xd (size before relaxing)
 *fill*         0x0800a6fa        0x2 
 .rodata.str1.4
                0x0800a6fc        0x2 d:/stmicroelectronics/stm32cube/gnu-tools-arm-embedded/bin/../lib/gcc/arm-none-eabi/10.3.1/../../../../arm-none-eabi/lib/thumb/v6-m/nofp\libg.a(lib_a-locale.o)
 *fill*         0x0800a6fe        0x2 
 .rodata._ctype_
                0x0800a700      0x101 d:/stmicroelectronics/stm32cube/gnu-tools-arm-embedded/bin/../lib/gcc/arm-none-eabi/10.3.1/../../../../arm-none-eabi/lib/thumb/v6-m/nofp\libg.a(lib_a-ctype_.o)
                0x0800a700                _ctype_
                0x0800a804                . = ALIGN (0x4)
 *fill*         0x0800a801        0x3 

.ARM.extab      0x0800a804        0x0
                0x0800a804                . = ALIGN (0x4)
 *(.ARM.extab* .gnu.linkonce.armextab.*)
                0x0800a804                . = ALIGN (0x4)

.ARM            0x0800a804        0x8
                0x0800a804                . = ALIGN (0x4)
                0x0800a804                __exidx_start = .
 *(.ARM.exidx*)
 .ARM.exidx     0x0800a804        0x8 d:/stmicroelectronics/stm32cube/gnu-tools-arm-embedded/bin/../lib/gcc/arm-none-eabi/10.3.1/thumb/v6-m/nofp\libgcc.a(_udivmoddi4.o)
                0x0800a80c                __exidx_end = .
                0x0800a80c                . = ALIGN (0x4)

.rel.dyn        0x0800a80c        0x0
 .rel.iplt      0x0800a80c        0x0 d:/stmicroelectronics/stm32cube/gnu-tools-arm-embedded/bin/../lib/gcc/arm-none-eabi/10.3.1/thumb/v6-m/nofp/crtbegin.o

.preinit_array  0x0800a80c        0x0
                0x0800a80c                . = ALIGN (0x4)
                0x0800a80c                PROVIDE (__preinit_array_start = .)
 *(.preinit_array*)
                0x0800a80c                PROVIDE (__preinit_array_end = .)
                0x0800a80c                . = ALIGN (0x4)

.init_array     0x0800a80c        0x8
                0x0800a80c                . = ALIGN (0x4)
                0x0800a80c                PROVIDE (__init_array_start = .)
 *(SORT_BY_NAME(.init_array.*))
 .init_array.00000
                0x0800a80c        0x4 d:/stmicroelectronics/stm32cube/gnu-tools-arm-embedded/bin/../lib/gcc/arm-none-eabi/10.3.1/../../../../arm-none-eabi/lib/thumb/v6-m/nofp\libg.a(lib_a-__call_atexit.o)
 *(.init_array*)
 .init_array    0x0800a810        0x4 d:/stmicroelectronics/stm32cube/gnu-tools-arm-embedded/bin/../lib/gcc/arm-none-eabi/10.3.1/thumb/v6-m/nofp/crtbegin.o
                0x0800a814                PROVIDE (__init_array_end = .)
                0x0800a814                . = ALIGN (0x4)

.fini_array     0x0800a814        0x4
                0x0800a814                . = ALIGN (0x4)
                0x0800a814                PROVIDE (__fini_array_start = .)
 *(SORT_BY_NAME(.fini_array.*))
 *(.fini_array*)
 .fini_array    0x0800a814        0x4 d:/stmicroelectronics/stm32cube/gnu-tools-arm-embedded/bin/../lib/gcc/arm-none-eabi/10.3.1/thumb/v6-m/nofp/crtbegin.o
                0x0800a818                PROVIDE (__fini_array_end = .)
                0x0800a818                . = ALIGN (0x4)
                0x0800a818                _sidata = LOADADDR (.data)

.data           0x20000000      0x9b8 load address 0x0800a818
                0x20000000                . = ALIGN (0x4)
                0x20000000                _sdata = .
 *(.data)
 *(.data*)
 .data.SystemCoreClock
                0x20000000        0x4 CMakeFiles/EncoderTest.elf.dir/Core/Src/system_stm32g0xx.c.obj
                0x20000000                SystemCoreClock
 .data.uwTickFreq
                0x20000004        0x1 CMakeFiles/EncoderTest.elf.dir/Drivers/STM32G0xx_HAL_Driver/Src/stm32g0xx_hal.c.obj
                0x20000004                uwTickFreq
 *fill*         0x20000005        0x3 
 .data.uwTickPrio
                0x20000008        0x4 CMakeFiles/EncoderTest.elf.dir/Drivers/STM32G0xx_HAL_Driver/Src/stm32g0xx_hal.c.obj
                0x20000008                uwTickPrio
 .data._impure_ptr
                0x2000000c        0x4 d:/stmicroelectronics/stm32cube/gnu-tools-arm-embedded/bin/../lib/gcc/arm-none-eabi/10.3.1/../../../../arm-none-eabi/lib/thumb/v6-m/nofp\libg.a(lib_a-impure.o)
                0x2000000c                _impure_ptr
 .data.impure_data
                0x20000010      0x428 d:/stmicroelectronics/stm32cube/gnu-tools-arm-embedded/bin/../lib/gcc/arm-none-eabi/10.3.1/../../../../arm-none-eabi/lib/thumb/v6-m/nofp\libg.a(lib_a-impure.o)
 .data.__atexit_recursive_mutex
                0x20000438        0x4 d:/stmicroelectronics/stm32cube/gnu-tools-arm-embedded/bin/../lib/gcc/arm-none-eabi/10.3.1/../../../../arm-none-eabi/lib/thumb/v6-m/nofp\libg.a(lib_a-__call_atexit.o)
                0x20000438                __atexit_recursive_mutex
 .data.__malloc_av_
                0x2000043c      0x408 d:/stmicroelectronics/stm32cube/gnu-tools-arm-embedded/bin/../lib/gcc/arm-none-eabi/10.3.1/../../../../arm-none-eabi/lib/thumb/v6-m/nofp\libg.a(lib_a-mallocr.o)
                0x2000043c                __malloc_av_
 .data.__malloc_sbrk_base
                0x20000844        0x4 d:/stmicroelectronics/stm32cube/gnu-tools-arm-embedded/bin/../lib/gcc/arm-none-eabi/10.3.1/../../../../arm-none-eabi/lib/thumb/v6-m/nofp\libg.a(lib_a-mallocr.o)
                0x20000844                __malloc_sbrk_base
 .data.__malloc_trim_threshold
                0x20000848        0x4 d:/stmicroelectronics/stm32cube/gnu-tools-arm-embedded/bin/../lib/gcc/arm-none-eabi/10.3.1/../../../../arm-none-eabi/lib/thumb/v6-m/nofp\libg.a(lib_a-mallocr.o)
                0x20000848                __malloc_trim_threshold
 .data.__global_locale
                0x2000084c      0x16c d:/stmicroelectronics/stm32cube/gnu-tools-arm-embedded/bin/../lib/gcc/arm-none-eabi/10.3.1/../../../../arm-none-eabi/lib/thumb/v6-m/nofp\libg.a(lib_a-locale.o)
                0x2000084c                __global_locale
 *(.RamFunc)
 *(.RamFunc*)
                0x200009b8                . = ALIGN (0x4)
                0x200009b8                _edata = .

.igot.plt       0x200009b8        0x0 load address 0x0800b1d0
 .igot.plt      0x200009b8        0x0 d:/stmicroelectronics/stm32cube/gnu-tools-arm-embedded/bin/../lib/gcc/arm-none-eabi/10.3.1/thumb/v6-m/nofp/crtbegin.o
                0x200009b8                . = ALIGN (0x4)

.bss            0x200009b8      0x14c load address 0x0800b1d0
                0x200009b8                _sbss = .
                0x200009b8                __bss_start__ = _sbss
 *(.bss)
 .bss           0x200009b8       0x1c d:/stmicroelectronics/stm32cube/gnu-tools-arm-embedded/bin/../lib/gcc/arm-none-eabi/10.3.1/thumb/v6-m/nofp/crtbegin.o
 *(.bss*)
 .bss.__sbrk_heap_end
                0x200009d4        0x4 CMakeFiles/EncoderTest.elf.dir/Core/Src/sysmem.c.obj
 .bss.htim3     0x200009d8       0x4c CMakeFiles/EncoderTest.elf.dir/Core/Src/tim.c.obj
                0x200009d8                htim3
 .bss.huart1    0x20000a24       0x94 CMakeFiles/EncoderTest.elf.dir/Core/Src/usart.c.obj
                0x20000a24                huart1
 .bss.uwTick    0x20000ab8        0x4 CMakeFiles/EncoderTest.elf.dir/Drivers/STM32G0xx_HAL_Driver/Src/stm32g0xx_hal.c.obj
                0x20000ab8                uwTick
 .bss.__lock___atexit_recursive_mutex
                0x20000abc        0x1 d:/stmicroelectronics/stm32cube/gnu-tools-arm-embedded/bin/../lib/gcc/arm-none-eabi/10.3.1/../../../../arm-none-eabi/lib/thumb/v6-m/nofp\libg.a(lib_a-lock.o)
                0x20000abc                __lock___atexit_recursive_mutex
 *fill*         0x20000abd        0x3 
 .bss.__lock___malloc_recursive_mutex
                0x20000ac0        0x1 d:/stmicroelectronics/stm32cube/gnu-tools-arm-embedded/bin/../lib/gcc/arm-none-eabi/10.3.1/../../../../arm-none-eabi/lib/thumb/v6-m/nofp\libg.a(lib_a-lock.o)
                0x20000ac0                __lock___malloc_recursive_mutex
 *fill*         0x20000ac1        0x3 
 .bss.__lock___sfp_recursive_mutex
                0x20000ac4        0x1 d:/stmicroelectronics/stm32cube/gnu-tools-arm-embedded/bin/../lib/gcc/arm-none-eabi/10.3.1/../../../../arm-none-eabi/lib/thumb/v6-m/nofp\libg.a(lib_a-lock.o)
                0x20000ac4                __lock___sfp_recursive_mutex
 *fill*         0x20000ac5        0x3 
 .bss.__lock___sinit_recursive_mutex
                0x20000ac8        0x1 d:/stmicroelectronics/stm32cube/gnu-tools-arm-embedded/bin/../lib/gcc/arm-none-eabi/10.3.1/../../../../arm-none-eabi/lib/thumb/v6-m/nofp\libg.a(lib_a-lock.o)
                0x20000ac8                __lock___sinit_recursive_mutex
 *fill*         0x20000ac9        0x3 
 .bss.__malloc_current_mallinfo
                0x20000acc       0x28 d:/stmicroelectronics/stm32cube/gnu-tools-arm-embedded/bin/../lib/gcc/arm-none-eabi/10.3.1/../../../../arm-none-eabi/lib/thumb/v6-m/nofp\libg.a(lib_a-mallocr.o)
                0x20000acc                __malloc_current_mallinfo
 .bss.__malloc_max_sbrked_mem
                0x20000af4        0x4 d:/stmicroelectronics/stm32cube/gnu-tools-arm-embedded/bin/../lib/gcc/arm-none-eabi/10.3.1/../../../../arm-none-eabi/lib/thumb/v6-m/nofp\libg.a(lib_a-mallocr.o)
                0x20000af4                __malloc_max_sbrked_mem
 .bss.__malloc_max_total_mem
                0x20000af8        0x4 d:/stmicroelectronics/stm32cube/gnu-tools-arm-embedded/bin/../lib/gcc/arm-none-eabi/10.3.1/../../../../arm-none-eabi/lib/thumb/v6-m/nofp\libg.a(lib_a-mallocr.o)
                0x20000af8                __malloc_max_total_mem
 .bss.__malloc_top_pad
                0x20000afc        0x4 d:/stmicroelectronics/stm32cube/gnu-tools-arm-embedded/bin/../lib/gcc/arm-none-eabi/10.3.1/../../../../arm-none-eabi/lib/thumb/v6-m/nofp\libg.a(lib_a-mallocr.o)
                0x20000afc                __malloc_top_pad
 .bss.errno     0x20000b00        0x4 d:/stmicroelectronics/stm32cube/gnu-tools-arm-embedded/bin/../lib/gcc/arm-none-eabi/10.3.1/../../../../arm-none-eabi/lib/thumb/v6-m/nofp\libg.a(lib_a-reent.o)
                0x20000b00                errno
 *(COMMON)
                0x20000b04                . = ALIGN (0x4)
                0x20000b04                _ebss = .
                0x20000b04                __bss_end__ = _ebss

._user_heap_stack
                0x20000b04      0x604 load address 0x0800b1d0
                0x20000b08                . = ALIGN (0x8)
 *fill*         0x20000b04        0x4 
                [!provide]                PROVIDE (end = .)
                0x20000b08                PROVIDE (_end = .)
                0x20000d08                . = (. + _Min_Heap_Size)
 *fill*         0x20000b08      0x200 
                0x20001108                . = (. + _Min_Stack_Size)
 *fill*         0x20000d08      0x400 
                0x20001108                . = ALIGN (0x8)

/DISCARD/
 libc.a(*)
 libm.a(*)
 libgcc.a(*)

.ARM.attributes
                0x00000000       0x28
 *(.ARM.attributes)
 .ARM.attributes
                0x00000000       0x1e d:/stmicroelectronics/stm32cube/gnu-tools-arm-embedded/bin/../lib/gcc/arm-none-eabi/10.3.1/thumb/v6-m/nofp/crti.o
 .ARM.attributes
                0x0000001e       0x2c d:/stmicroelectronics/stm32cube/gnu-tools-arm-embedded/bin/../lib/gcc/arm-none-eabi/10.3.1/thumb/v6-m/nofp/crtbegin.o
 .ARM.attributes
                0x0000004a       0x2c CMakeFiles/EncoderTest.elf.dir/Core/Src/gpio.c.obj
 .ARM.attributes
                0x00000076       0x2c CMakeFiles/EncoderTest.elf.dir/Core/Src/main.c.obj
 .ARM.attributes
                0x000000a2       0x2c CMakeFiles/EncoderTest.elf.dir/Core/Src/stm32g0xx_hal_msp.c.obj
 .ARM.attributes
                0x000000ce       0x2c CMakeFiles/EncoderTest.elf.dir/Core/Src/stm32g0xx_it.c.obj
 .ARM.attributes
                0x000000fa       0x2c CMakeFiles/EncoderTest.elf.dir/Core/Src/syscalls.c.obj
 .ARM.attributes
                0x00000126       0x2c CMakeFiles/EncoderTest.elf.dir/Core/Src/sysmem.c.obj
 .ARM.attributes
                0x00000152       0x2c CMakeFiles/EncoderTest.elf.dir/Core/Src/system_stm32g0xx.c.obj
 .ARM.attributes
                0x0000017e       0x2c CMakeFiles/EncoderTest.elf.dir/Core/Src/tim.c.obj
 .ARM.attributes
                0x000001aa       0x2c CMakeFiles/EncoderTest.elf.dir/Core/Src/usart.c.obj
 .ARM.attributes
                0x000001d6       0x22 CMakeFiles/EncoderTest.elf.dir/Core/Startup/startup_stm32g070rbtx.s.obj
 .ARM.attributes
                0x000001f8       0x2c CMakeFiles/EncoderTest.elf.dir/Drivers/STM32G0xx_HAL_Driver/Src/stm32g0xx_hal.c.obj
 .ARM.attributes
                0x00000224       0x2c CMakeFiles/EncoderTest.elf.dir/Drivers/STM32G0xx_HAL_Driver/Src/stm32g0xx_hal_cortex.c.obj
 .ARM.attributes
                0x00000250       0x2c CMakeFiles/EncoderTest.elf.dir/Drivers/STM32G0xx_HAL_Driver/Src/stm32g0xx_hal_gpio.c.obj
 .ARM.attributes
                0x0000027c       0x2c CMakeFiles/EncoderTest.elf.dir/Drivers/STM32G0xx_HAL_Driver/Src/stm32g0xx_hal_pwr_ex.c.obj
 .ARM.attributes
                0x000002a8       0x2c CMakeFiles/EncoderTest.elf.dir/Drivers/STM32G0xx_HAL_Driver/Src/stm32g0xx_hal_rcc.c.obj
 .ARM.attributes
                0x000002d4       0x2c CMakeFiles/EncoderTest.elf.dir/Drivers/STM32G0xx_HAL_Driver/Src/stm32g0xx_hal_rcc_ex.c.obj
 .ARM.attributes
                0x00000300       0x2c CMakeFiles/EncoderTest.elf.dir/Drivers/STM32G0xx_HAL_Driver/Src/stm32g0xx_hal_tim.c.obj
 .ARM.attributes
                0x0000032c       0x2c CMakeFiles/EncoderTest.elf.dir/Drivers/STM32G0xx_HAL_Driver/Src/stm32g0xx_hal_tim_ex.c.obj
 .ARM.attributes
                0x00000358       0x2c CMakeFiles/EncoderTest.elf.dir/Drivers/STM32G0xx_HAL_Driver/Src/stm32g0xx_hal_uart.c.obj
 .ARM.attributes
                0x00000384       0x2c CMakeFiles/EncoderTest.elf.dir/Drivers/STM32G0xx_HAL_Driver/Src/stm32g0xx_hal_uart_ex.c.obj
 .ARM.attributes
                0x000003b0       0x1e d:/stmicroelectronics/stm32cube/gnu-tools-arm-embedded/bin/../lib/gcc/arm-none-eabi/10.3.1/thumb/v6-m/nofp\libgcc.a(_udivsi3.o)
 .ARM.attributes
                0x000003ce       0x1e d:/stmicroelectronics/stm32cube/gnu-tools-arm-embedded/bin/../lib/gcc/arm-none-eabi/10.3.1/thumb/v6-m/nofp\libgcc.a(_divsi3.o)
 .ARM.attributes
                0x000003ec       0x1e d:/stmicroelectronics/stm32cube/gnu-tools-arm-embedded/bin/../lib/gcc/arm-none-eabi/10.3.1/thumb/v6-m/nofp\libgcc.a(_dvmd_tls.o)
 .ARM.attributes
                0x0000040a       0x2c d:/stmicroelectronics/stm32cube/gnu-tools-arm-embedded/bin/../lib/gcc/arm-none-eabi/10.3.1/../../../../arm-none-eabi/lib/thumb/v6-m/nofp\libg.a(lib_a-errno.o)
 .ARM.attributes
                0x00000436       0x2c d:/stmicroelectronics/stm32cube/gnu-tools-arm-embedded/bin/../lib/gcc/arm-none-eabi/10.3.1/../../../../arm-none-eabi/lib/thumb/v6-m/nofp\libg.a(lib_a-impure.o)
 .ARM.attributes
                0x00000462       0x2c d:/stmicroelectronics/stm32cube/gnu-tools-arm-embedded/bin/../lib/gcc/arm-none-eabi/10.3.1/../../../../arm-none-eabi/lib/thumb/v6-m/nofp\libg.a(lib_a-init.o)
 .ARM.attributes
                0x0000048e       0x2c d:/stmicroelectronics/stm32cube/gnu-tools-arm-embedded/bin/../lib/gcc/arm-none-eabi/10.3.1/../../../../arm-none-eabi/lib/thumb/v6-m/nofp\libg.a(lib_a-memset.o)
 .ARM.attributes
                0x000004ba       0x2c d:/stmicroelectronics/stm32cube/gnu-tools-arm-embedded/bin/../lib/gcc/arm-none-eabi/10.3.1/../../../../arm-none-eabi/lib/thumb/v6-m/nofp\libg.a(lib_a-printf.o)
 .ARM.attributes
                0x000004e6       0x2c d:/stmicroelectronics/stm32cube/gnu-tools-arm-embedded/bin/../lib/gcc/arm-none-eabi/10.3.1/../../../../arm-none-eabi/lib/thumb/v6-m/nofp\libg.a(lib_a-vfprintf.o)
 .ARM.attributes
                0x00000512       0x2c d:/stmicroelectronics/stm32cube/gnu-tools-arm-embedded/bin/../lib/gcc/arm-none-eabi/10.3.1/../../../../arm-none-eabi/lib/thumb/v6-m/nofp\libg.a(lib_a-wsetup.o)
 .ARM.attributes
                0x0000053e       0x2c d:/stmicroelectronics/stm32cube/gnu-tools-arm-embedded/bin/../lib/gcc/arm-none-eabi/10.3.1/../../../../arm-none-eabi/lib/thumb/v6-m/nofp\libg.a(lib_a-__call_atexit.o)
 .ARM.attributes
                0x0000056a       0x2c d:/stmicroelectronics/stm32cube/gnu-tools-arm-embedded/bin/../lib/gcc/arm-none-eabi/10.3.1/../../../../arm-none-eabi/lib/thumb/v6-m/nofp\libg.a(lib_a-atexit.o)
 .ARM.attributes
                0x00000596       0x2c d:/stmicroelectronics/stm32cube/gnu-tools-arm-embedded/bin/../lib/gcc/arm-none-eabi/10.3.1/../../../../arm-none-eabi/lib/thumb/v6-m/nofp\libg.a(lib_a-dtoa.o)
 .ARM.attributes
                0x000005c2       0x2c d:/stmicroelectronics/stm32cube/gnu-tools-arm-embedded/bin/../lib/gcc/arm-none-eabi/10.3.1/../../../../arm-none-eabi/lib/thumb/v6-m/nofp\libg.a(lib_a-fflush.o)
 .ARM.attributes
                0x000005ee       0x2c d:/stmicroelectronics/stm32cube/gnu-tools-arm-embedded/bin/../lib/gcc/arm-none-eabi/10.3.1/../../../../arm-none-eabi/lib/thumb/v6-m/nofp\libg.a(lib_a-findfp.o)
 .ARM.attributes
                0x0000061a       0x2c d:/stmicroelectronics/stm32cube/gnu-tools-arm-embedded/bin/../lib/gcc/arm-none-eabi/10.3.1/../../../../arm-none-eabi/lib/thumb/v6-m/nofp\libg.a(lib_a-fini.o)
 .ARM.attributes
                0x00000646       0x2c d:/stmicroelectronics/stm32cube/gnu-tools-arm-embedded/bin/../lib/gcc/arm-none-eabi/10.3.1/../../../../arm-none-eabi/lib/thumb/v6-m/nofp\libg.a(lib_a-freer.o)
 .ARM.attributes
                0x00000672       0x2c d:/stmicroelectronics/stm32cube/gnu-tools-arm-embedded/bin/../lib/gcc/arm-none-eabi/10.3.1/../../../../arm-none-eabi/lib/thumb/v6-m/nofp\libg.a(lib_a-fwalk.o)
 .ARM.attributes
                0x0000069e       0x2c d:/stmicroelectronics/stm32cube/gnu-tools-arm-embedded/bin/../lib/gcc/arm-none-eabi/10.3.1/../../../../arm-none-eabi/lib/thumb/v6-m/nofp\libg.a(lib_a-localeconv.o)
 .ARM.attributes
                0x000006ca       0x2c d:/stmicroelectronics/stm32cube/gnu-tools-arm-embedded/bin/../lib/gcc/arm-none-eabi/10.3.1/../../../../arm-none-eabi/lib/thumb/v6-m/nofp\libg.a(lib_a-lock.o)
 .ARM.attributes
                0x000006f6       0x2c d:/stmicroelectronics/stm32cube/gnu-tools-arm-embedded/bin/../lib/gcc/arm-none-eabi/10.3.1/../../../../arm-none-eabi/lib/thumb/v6-m/nofp\libg.a(lib_a-makebuf.o)
 .ARM.attributes
                0x00000722       0x2c d:/stmicroelectronics/stm32cube/gnu-tools-arm-embedded/bin/../lib/gcc/arm-none-eabi/10.3.1/../../../../arm-none-eabi/lib/thumb/v6-m/nofp\libg.a(lib_a-mallocr.o)
 .ARM.attributes
                0x0000074e       0x2c d:/stmicroelectronics/stm32cube/gnu-tools-arm-embedded/bin/../lib/gcc/arm-none-eabi/10.3.1/../../../../arm-none-eabi/lib/thumb/v6-m/nofp\libg.a(lib_a-memchr-stub.o)
 .ARM.attributes
                0x0000077a       0x2c d:/stmicroelectronics/stm32cube/gnu-tools-arm-embedded/bin/../lib/gcc/arm-none-eabi/10.3.1/../../../../arm-none-eabi/lib/thumb/v6-m/nofp\libg.a(lib_a-memcpy-stub.o)
 .ARM.attributes
                0x000007a6       0x2c d:/stmicroelectronics/stm32cube/gnu-tools-arm-embedded/bin/../lib/gcc/arm-none-eabi/10.3.1/../../../../arm-none-eabi/lib/thumb/v6-m/nofp\libg.a(lib_a-mlock.o)
 .ARM.attributes
                0x000007d2       0x2c d:/stmicroelectronics/stm32cube/gnu-tools-arm-embedded/bin/../lib/gcc/arm-none-eabi/10.3.1/../../../../arm-none-eabi/lib/thumb/v6-m/nofp\libg.a(lib_a-mprec.o)
 .ARM.attributes
                0x000007fe       0x2c d:/stmicroelectronics/stm32cube/gnu-tools-arm-embedded/bin/../lib/gcc/arm-none-eabi/10.3.1/../../../../arm-none-eabi/lib/thumb/v6-m/nofp\libg.a(lib_a-s_frexp.o)
 .ARM.attributes
                0x0000082a       0x2c d:/stmicroelectronics/stm32cube/gnu-tools-arm-embedded/bin/../lib/gcc/arm-none-eabi/10.3.1/../../../../arm-none-eabi/lib/thumb/v6-m/nofp\libg.a(lib_a-sbrkr.o)
 .ARM.attributes
                0x00000856       0x2c d:/stmicroelectronics/stm32cube/gnu-tools-arm-embedded/bin/../lib/gcc/arm-none-eabi/10.3.1/../../../../arm-none-eabi/lib/thumb/v6-m/nofp\libg.a(lib_a-stdio.o)
 .ARM.attributes
                0x00000882       0x2c d:/stmicroelectronics/stm32cube/gnu-tools-arm-embedded/bin/../lib/gcc/arm-none-eabi/10.3.1/../../../../arm-none-eabi/lib/thumb/v6-m/nofp\libg.a(lib_a-strlen-stub.o)
 .ARM.attributes
                0x000008ae       0x2c d:/stmicroelectronics/stm32cube/gnu-tools-arm-embedded/bin/../lib/gcc/arm-none-eabi/10.3.1/../../../../arm-none-eabi/lib/thumb/v6-m/nofp\libg.a(lib_a-strncpy.o)
 .ARM.attributes
                0x000008da       0x2c d:/stmicroelectronics/stm32cube/gnu-tools-arm-embedded/bin/../lib/gcc/arm-none-eabi/10.3.1/../../../../arm-none-eabi/lib/thumb/v6-m/nofp\libg.a(lib_a-vfiprintf.o)
 .ARM.attributes
                0x00000906       0x2c d:/stmicroelectronics/stm32cube/gnu-tools-arm-embedded/bin/../lib/gcc/arm-none-eabi/10.3.1/../../../../arm-none-eabi/lib/thumb/v6-m/nofp\libg.a(lib_a-writer.o)
 .ARM.attributes
                0x00000932       0x2c d:/stmicroelectronics/stm32cube/gnu-tools-arm-embedded/bin/../lib/gcc/arm-none-eabi/10.3.1/../../../../arm-none-eabi/lib/thumb/v6-m/nofp\libg.a(lib_a-__atexit.o)
 .ARM.attributes
                0x0000095e       0x2c d:/stmicroelectronics/stm32cube/gnu-tools-arm-embedded/bin/../lib/gcc/arm-none-eabi/10.3.1/../../../../arm-none-eabi/lib/thumb/v6-m/nofp\libg.a(lib_a-assert.o)
 .ARM.attributes
                0x0000098a       0x2c d:/stmicroelectronics/stm32cube/gnu-tools-arm-embedded/bin/../lib/gcc/arm-none-eabi/10.3.1/../../../../arm-none-eabi/lib/thumb/v6-m/nofp\libg.a(lib_a-callocr.o)
 .ARM.attributes
                0x000009b6       0x2c d:/stmicroelectronics/stm32cube/gnu-tools-arm-embedded/bin/../lib/gcc/arm-none-eabi/10.3.1/../../../../arm-none-eabi/lib/thumb/v6-m/nofp\libg.a(lib_a-closer.o)
 .ARM.attributes
                0x000009e2       0x2c d:/stmicroelectronics/stm32cube/gnu-tools-arm-embedded/bin/../lib/gcc/arm-none-eabi/10.3.1/../../../../arm-none-eabi/lib/thumb/v6-m/nofp\libg.a(lib_a-fclose.o)
 .ARM.attributes
                0x00000a0e       0x2c d:/stmicroelectronics/stm32cube/gnu-tools-arm-embedded/bin/../lib/gcc/arm-none-eabi/10.3.1/../../../../arm-none-eabi/lib/thumb/v6-m/nofp\libg.a(lib_a-fiprintf.o)
 .ARM.attributes
                0x00000a3a       0x2c d:/stmicroelectronics/stm32cube/gnu-tools-arm-embedded/bin/../lib/gcc/arm-none-eabi/10.3.1/../../../../arm-none-eabi/lib/thumb/v6-m/nofp\libg.a(lib_a-fputwc.o)
 .ARM.attributes
                0x00000a66       0x2c d:/stmicroelectronics/stm32cube/gnu-tools-arm-embedded/bin/../lib/gcc/arm-none-eabi/10.3.1/../../../../arm-none-eabi/lib/thumb/v6-m/nofp\libg.a(lib_a-fstatr.o)
 .ARM.attributes
                0x00000a92       0x2c d:/stmicroelectronics/stm32cube/gnu-tools-arm-embedded/bin/../lib/gcc/arm-none-eabi/10.3.1/../../../../arm-none-eabi/lib/thumb/v6-m/nofp\libg.a(lib_a-fvwrite.o)
 .ARM.attributes
                0x00000abe       0x2c d:/stmicroelectronics/stm32cube/gnu-tools-arm-embedded/bin/../lib/gcc/arm-none-eabi/10.3.1/../../../../arm-none-eabi/lib/thumb/v6-m/nofp\libg.a(lib_a-isattyr.o)
 .ARM.attributes
                0x00000aea       0x2c d:/stmicroelectronics/stm32cube/gnu-tools-arm-embedded/bin/../lib/gcc/arm-none-eabi/10.3.1/../../../../arm-none-eabi/lib/thumb/v6-m/nofp\libg.a(lib_a-locale.o)
 .ARM.attributes
                0x00000b16       0x2c d:/stmicroelectronics/stm32cube/gnu-tools-arm-embedded/bin/../lib/gcc/arm-none-eabi/10.3.1/../../../../arm-none-eabi/lib/thumb/v6-m/nofp\libg.a(lib_a-lseekr.o)
 .ARM.attributes
                0x00000b42       0x2c d:/stmicroelectronics/stm32cube/gnu-tools-arm-embedded/bin/../lib/gcc/arm-none-eabi/10.3.1/../../../../arm-none-eabi/lib/thumb/v6-m/nofp\libg.a(lib_a-mbtowc_r.o)
 .ARM.attributes
                0x00000b6e       0x2c d:/stmicroelectronics/stm32cube/gnu-tools-arm-embedded/bin/../lib/gcc/arm-none-eabi/10.3.1/../../../../arm-none-eabi/lib/thumb/v6-m/nofp\libg.a(lib_a-memmove.o)
 .ARM.attributes
                0x00000b9a       0x2c d:/stmicroelectronics/stm32cube/gnu-tools-arm-embedded/bin/../lib/gcc/arm-none-eabi/10.3.1/../../../../arm-none-eabi/lib/thumb/v6-m/nofp\libg.a(lib_a-readr.o)
 .ARM.attributes
                0x00000bc6       0x2c d:/stmicroelectronics/stm32cube/gnu-tools-arm-embedded/bin/../lib/gcc/arm-none-eabi/10.3.1/../../../../arm-none-eabi/lib/thumb/v6-m/nofp\libg.a(lib_a-reallocr.o)
 .ARM.attributes
                0x00000bf2       0x2c d:/stmicroelectronics/stm32cube/gnu-tools-arm-embedded/bin/../lib/gcc/arm-none-eabi/10.3.1/../../../../arm-none-eabi/lib/thumb/v6-m/nofp\libg.a(lib_a-reent.o)
 .ARM.attributes
                0x00000c1e       0x2c d:/stmicroelectronics/stm32cube/gnu-tools-arm-embedded/bin/../lib/gcc/arm-none-eabi/10.3.1/../../../../arm-none-eabi/lib/thumb/v6-m/nofp\libg.a(lib_a-wbuf.o)
 .ARM.attributes
                0x00000c4a       0x2c d:/stmicroelectronics/stm32cube/gnu-tools-arm-embedded/bin/../lib/gcc/arm-none-eabi/10.3.1/../../../../arm-none-eabi/lib/thumb/v6-m/nofp\libg.a(lib_a-wcrtomb.o)
 .ARM.attributes
                0x00000c76       0x2c d:/stmicroelectronics/stm32cube/gnu-tools-arm-embedded/bin/../lib/gcc/arm-none-eabi/10.3.1/../../../../arm-none-eabi/lib/thumb/v6-m/nofp\libg.a(lib_a-wctomb_r.o)
 .ARM.attributes
                0x00000ca2       0x2c d:/stmicroelectronics/stm32cube/gnu-tools-arm-embedded/bin/../lib/gcc/arm-none-eabi/10.3.1/../../../../arm-none-eabi/lib/thumb/v6-m/nofp\libg.a(lib_a-abort.o)
 .ARM.attributes
                0x00000cce       0x2c d:/stmicroelectronics/stm32cube/gnu-tools-arm-embedded/bin/../lib/gcc/arm-none-eabi/10.3.1/../../../../arm-none-eabi/lib/thumb/v6-m/nofp\libg.a(lib_a-ctype_.o)
 .ARM.attributes
                0x00000cfa       0x2c d:/stmicroelectronics/stm32cube/gnu-tools-arm-embedded/bin/../lib/gcc/arm-none-eabi/10.3.1/../../../../arm-none-eabi/lib/thumb/v6-m/nofp\libg.a(lib_a-signal.o)
 .ARM.attributes
                0x00000d26       0x2c d:/stmicroelectronics/stm32cube/gnu-tools-arm-embedded/bin/../lib/gcc/arm-none-eabi/10.3.1/../../../../arm-none-eabi/lib/thumb/v6-m/nofp\libg.a(lib_a-signalr.o)
 .ARM.attributes
                0x00000d52       0x1e d:/stmicroelectronics/stm32cube/gnu-tools-arm-embedded/bin/../lib/gcc/arm-none-eabi/10.3.1/thumb/v6-m/nofp\libgcc.a(_arm_cmpdf2.o)
 .ARM.attributes
                0x00000d70       0x1e d:/stmicroelectronics/stm32cube/gnu-tools-arm-embedded/bin/../lib/gcc/arm-none-eabi/10.3.1/thumb/v6-m/nofp\libgcc.a(_aeabi_uldivmod.o)
 .ARM.attributes
                0x00000d8e       0x2c d:/stmicroelectronics/stm32cube/gnu-tools-arm-embedded/bin/../lib/gcc/arm-none-eabi/10.3.1/thumb/v6-m/nofp\libgcc.a(_udivmoddi4.o)
 .ARM.attributes
                0x00000dba       0x2c d:/stmicroelectronics/stm32cube/gnu-tools-arm-embedded/bin/../lib/gcc/arm-none-eabi/10.3.1/thumb/v6-m/nofp\libgcc.a(adddf3.o)
 .ARM.attributes
                0x00000de6       0x2c d:/stmicroelectronics/stm32cube/gnu-tools-arm-embedded/bin/../lib/gcc/arm-none-eabi/10.3.1/thumb/v6-m/nofp\libgcc.a(divdf3.o)
 .ARM.attributes
                0x00000e12       0x2c d:/stmicroelectronics/stm32cube/gnu-tools-arm-embedded/bin/../lib/gcc/arm-none-eabi/10.3.1/thumb/v6-m/nofp\libgcc.a(eqdf2.o)
 .ARM.attributes
                0x00000e3e       0x2c d:/stmicroelectronics/stm32cube/gnu-tools-arm-embedded/bin/../lib/gcc/arm-none-eabi/10.3.1/thumb/v6-m/nofp\libgcc.a(gedf2.o)
 .ARM.attributes
                0x00000e6a       0x2c d:/stmicroelectronics/stm32cube/gnu-tools-arm-embedded/bin/../lib/gcc/arm-none-eabi/10.3.1/thumb/v6-m/nofp\libgcc.a(ledf2.o)
 .ARM.attributes
                0x00000e96       0x2c d:/stmicroelectronics/stm32cube/gnu-tools-arm-embedded/bin/../lib/gcc/arm-none-eabi/10.3.1/thumb/v6-m/nofp\libgcc.a(muldf3.o)
 .ARM.attributes
                0x00000ec2       0x2c d:/stmicroelectronics/stm32cube/gnu-tools-arm-embedded/bin/../lib/gcc/arm-none-eabi/10.3.1/thumb/v6-m/nofp\libgcc.a(subdf3.o)
 .ARM.attributes
                0x00000eee       0x2c d:/stmicroelectronics/stm32cube/gnu-tools-arm-embedded/bin/../lib/gcc/arm-none-eabi/10.3.1/thumb/v6-m/nofp\libgcc.a(unorddf2.o)
 .ARM.attributes
                0x00000f1a       0x2c d:/stmicroelectronics/stm32cube/gnu-tools-arm-embedded/bin/../lib/gcc/arm-none-eabi/10.3.1/thumb/v6-m/nofp\libgcc.a(fixdfsi.o)
 .ARM.attributes
                0x00000f46       0x2c d:/stmicroelectronics/stm32cube/gnu-tools-arm-embedded/bin/../lib/gcc/arm-none-eabi/10.3.1/thumb/v6-m/nofp\libgcc.a(floatsidf.o)
 .ARM.attributes
                0x00000f72       0x2c d:/stmicroelectronics/stm32cube/gnu-tools-arm-embedded/bin/../lib/gcc/arm-none-eabi/10.3.1/thumb/v6-m/nofp\libgcc.a(floatunsidf.o)
 .ARM.attributes
                0x00000f9e       0x1e d:/stmicroelectronics/stm32cube/gnu-tools-arm-embedded/bin/../lib/gcc/arm-none-eabi/10.3.1/thumb/v6-m/nofp\libgcc.a(_clzsi2.o)
 .ARM.attributes
                0x00000fbc       0x1e d:/stmicroelectronics/stm32cube/gnu-tools-arm-embedded/bin/../lib/gcc/arm-none-eabi/10.3.1/thumb/v6-m/nofp\libgcc.a(_clzdi2.o)
 .ARM.attributes
                0x00000fda       0x1e d:/stmicroelectronics/stm32cube/gnu-tools-arm-embedded/bin/../lib/gcc/arm-none-eabi/10.3.1/thumb/v6-m/nofp/crtn.o
OUTPUT(EncoderTest.elf elf32-littlearm)
LOAD linker stubs
LOAD d:/stmicroelectronics/stm32cube/gnu-tools-arm-embedded/bin/../lib/gcc/arm-none-eabi/10.3.1/../../../../arm-none-eabi/lib/thumb/v6-m/nofp\libc.a
LOAD d:/stmicroelectronics/stm32cube/gnu-tools-arm-embedded/bin/../lib/gcc/arm-none-eabi/10.3.1/../../../../arm-none-eabi/lib/thumb/v6-m/nofp\libm.a
LOAD d:/stmicroelectronics/stm32cube/gnu-tools-arm-embedded/bin/../lib/gcc/arm-none-eabi/10.3.1/thumb/v6-m/nofp\libgcc.a

.debug_info     0x00000000    0x146f2
 .debug_info    0x00000000      0x294 CMakeFiles/EncoderTest.elf.dir/Core/Src/gpio.c.obj
 .debug_info    0x00000294     0x10b6 CMakeFiles/EncoderTest.elf.dir/Core/Src/main.c.obj
 .debug_info    0x0000134a      0x2ba CMakeFiles/EncoderTest.elf.dir/Core/Src/stm32g0xx_hal_msp.c.obj
 .debug_info    0x00001604      0x12e CMakeFiles/EncoderTest.elf.dir/Core/Src/stm32g0xx_it.c.obj
 .debug_info    0x00001732      0x7af CMakeFiles/EncoderTest.elf.dir/Core/Src/syscalls.c.obj
 .debug_info    0x00001ee1      0x17c CMakeFiles/EncoderTest.elf.dir/Core/Src/sysmem.c.obj
 .debug_info    0x0000205d      0x38d CMakeFiles/EncoderTest.elf.dir/Core/Src/system_stm32g0xx.c.obj
 .debug_info    0x000023ea      0xd31 CMakeFiles/EncoderTest.elf.dir/Core/Src/tim.c.obj
 .debug_info    0x0000311b      0xd08 CMakeFiles/EncoderTest.elf.dir/Core/Src/usart.c.obj
 .debug_info    0x00003e23       0x22 CMakeFiles/EncoderTest.elf.dir/Core/Startup/startup_stm32g070rbtx.s.obj
 .debug_info    0x00003e45      0x9c6 CMakeFiles/EncoderTest.elf.dir/Drivers/STM32G0xx_HAL_Driver/Src/stm32g0xx_hal.c.obj
 .debug_info    0x0000480b      0xa4b CMakeFiles/EncoderTest.elf.dir/Drivers/STM32G0xx_HAL_Driver/Src/stm32g0xx_hal_cortex.c.obj
 .debug_info    0x00005256      0x62f CMakeFiles/EncoderTest.elf.dir/Drivers/STM32G0xx_HAL_Driver/Src/stm32g0xx_hal_gpio.c.obj
 .debug_info    0x00005885      0x558 CMakeFiles/EncoderTest.elf.dir/Drivers/STM32G0xx_HAL_Driver/Src/stm32g0xx_hal_pwr_ex.c.obj
 .debug_info    0x00005ddd      0xd38 CMakeFiles/EncoderTest.elf.dir/Drivers/STM32G0xx_HAL_Driver/Src/stm32g0xx_hal_rcc.c.obj
 .debug_info    0x00006b15      0x8f6 CMakeFiles/EncoderTest.elf.dir/Drivers/STM32G0xx_HAL_Driver/Src/stm32g0xx_hal_rcc_ex.c.obj
 .debug_info    0x0000740b     0x3fe4 CMakeFiles/EncoderTest.elf.dir/Drivers/STM32G0xx_HAL_Driver/Src/stm32g0xx_hal_tim.c.obj
 .debug_info    0x0000b3ef     0x1f49 CMakeFiles/EncoderTest.elf.dir/Drivers/STM32G0xx_HAL_Driver/Src/stm32g0xx_hal_tim_ex.c.obj
 .debug_info    0x0000d338     0x6184 CMakeFiles/EncoderTest.elf.dir/Drivers/STM32G0xx_HAL_Driver/Src/stm32g0xx_hal_uart.c.obj
 .debug_info    0x000134bc     0x1236 CMakeFiles/EncoderTest.elf.dir/Drivers/STM32G0xx_HAL_Driver/Src/stm32g0xx_hal_uart_ex.c.obj

.debug_abbrev   0x00000000     0x2624
 .debug_abbrev  0x00000000       0xe9 CMakeFiles/EncoderTest.elf.dir/Core/Src/gpio.c.obj
 .debug_abbrev  0x000000e9      0x259 CMakeFiles/EncoderTest.elf.dir/Core/Src/main.c.obj
 .debug_abbrev  0x00000342      0x10c CMakeFiles/EncoderTest.elf.dir/Core/Src/stm32g0xx_hal_msp.c.obj
 .debug_abbrev  0x0000044e       0xb7 CMakeFiles/EncoderTest.elf.dir/Core/Src/stm32g0xx_it.c.obj
 .debug_abbrev  0x00000505      0x1a3 CMakeFiles/EncoderTest.elf.dir/Core/Src/syscalls.c.obj
 .debug_abbrev  0x000006a8       0xe7 CMakeFiles/EncoderTest.elf.dir/Core/Src/sysmem.c.obj
 .debug_abbrev  0x0000078f      0x142 CMakeFiles/EncoderTest.elf.dir/Core/Src/system_stm32g0xx.c.obj
 .debug_abbrev  0x000008d1      0x20f CMakeFiles/EncoderTest.elf.dir/Core/Src/tim.c.obj
 .debug_abbrev  0x00000ae0      0x1fc CMakeFiles/EncoderTest.elf.dir/Core/Src/usart.c.obj
 .debug_abbrev  0x00000cdc       0x12 CMakeFiles/EncoderTest.elf.dir/Core/Startup/startup_stm32g070rbtx.s.obj
 .debug_abbrev  0x00000cee      0x29c CMakeFiles/EncoderTest.elf.dir/Drivers/STM32G0xx_HAL_Driver/Src/stm32g0xx_hal.c.obj
 .debug_abbrev  0x00000f8a      0x2af CMakeFiles/EncoderTest.elf.dir/Drivers/STM32G0xx_HAL_Driver/Src/stm32g0xx_hal_cortex.c.obj
 .debug_abbrev  0x00001239      0x1fd CMakeFiles/EncoderTest.elf.dir/Drivers/STM32G0xx_HAL_Driver/Src/stm32g0xx_hal_gpio.c.obj
 .debug_abbrev  0x00001436      0x1f8 CMakeFiles/EncoderTest.elf.dir/Drivers/STM32G0xx_HAL_Driver/Src/stm32g0xx_hal_pwr_ex.c.obj
 .debug_abbrev  0x0000162e      0x29a CMakeFiles/EncoderTest.elf.dir/Drivers/STM32G0xx_HAL_Driver/Src/stm32g0xx_hal_rcc.c.obj
 .debug_abbrev  0x000018c8      0x24e CMakeFiles/EncoderTest.elf.dir/Drivers/STM32G0xx_HAL_Driver/Src/stm32g0xx_hal_rcc_ex.c.obj
 .debug_abbrev  0x00001b16      0x254 CMakeFiles/EncoderTest.elf.dir/Drivers/STM32G0xx_HAL_Driver/Src/stm32g0xx_hal_tim.c.obj
 .debug_abbrev  0x00001d6a      0x26a CMakeFiles/EncoderTest.elf.dir/Drivers/STM32G0xx_HAL_Driver/Src/stm32g0xx_hal_tim_ex.c.obj
 .debug_abbrev  0x00001fd4      0x33b CMakeFiles/EncoderTest.elf.dir/Drivers/STM32G0xx_HAL_Driver/Src/stm32g0xx_hal_uart.c.obj
 .debug_abbrev  0x0000230f      0x315 CMakeFiles/EncoderTest.elf.dir/Drivers/STM32G0xx_HAL_Driver/Src/stm32g0xx_hal_uart_ex.c.obj

.debug_aranges  0x00000000      0xdf0
 .debug_aranges
                0x00000000       0x20 CMakeFiles/EncoderTest.elf.dir/Core/Src/gpio.c.obj
 .debug_aranges
                0x00000020       0x38 CMakeFiles/EncoderTest.elf.dir/Core/Src/main.c.obj
 .debug_aranges
                0x00000058       0x20 CMakeFiles/EncoderTest.elf.dir/Core/Src/stm32g0xx_hal_msp.c.obj
 .debug_aranges
                0x00000078       0x40 CMakeFiles/EncoderTest.elf.dir/Core/Src/stm32g0xx_it.c.obj
 .debug_aranges
                0x000000b8       0xa8 CMakeFiles/EncoderTest.elf.dir/Core/Src/syscalls.c.obj
 .debug_aranges
                0x00000160       0x20 CMakeFiles/EncoderTest.elf.dir/Core/Src/sysmem.c.obj
 .debug_aranges
                0x00000180       0x28 CMakeFiles/EncoderTest.elf.dir/Core/Src/system_stm32g0xx.c.obj
 .debug_aranges
                0x000001a8       0x30 CMakeFiles/EncoderTest.elf.dir/Core/Src/tim.c.obj
 .debug_aranges
                0x000001d8       0x30 CMakeFiles/EncoderTest.elf.dir/Core/Src/usart.c.obj
 .debug_aranges
                0x00000208       0x28 CMakeFiles/EncoderTest.elf.dir/Core/Startup/startup_stm32g070rbtx.s.obj
 .debug_aranges
                0x00000230       0xf8 CMakeFiles/EncoderTest.elf.dir/Drivers/STM32G0xx_HAL_Driver/Src/stm32g0xx_hal.c.obj
 .debug_aranges
                0x00000328       0x90 CMakeFiles/EncoderTest.elf.dir/Drivers/STM32G0xx_HAL_Driver/Src/stm32g0xx_hal_cortex.c.obj
 .debug_aranges
                0x000003b8       0x60 CMakeFiles/EncoderTest.elf.dir/Drivers/STM32G0xx_HAL_Driver/Src/stm32g0xx_hal_gpio.c.obj
 .debug_aranges
                0x00000418       0x98 CMakeFiles/EncoderTest.elf.dir/Drivers/STM32G0xx_HAL_Driver/Src/stm32g0xx_hal_pwr_ex.c.obj
 .debug_aranges
                0x000004b0       0x98 CMakeFiles/EncoderTest.elf.dir/Drivers/STM32G0xx_HAL_Driver/Src/stm32g0xx_hal_rcc.c.obj
 .debug_aranges
                0x00000548       0x40 CMakeFiles/EncoderTest.elf.dir/Drivers/STM32G0xx_HAL_Driver/Src/stm32g0xx_hal_rcc_ex.c.obj
 .debug_aranges
                0x00000588      0x3e0 CMakeFiles/EncoderTest.elf.dir/Drivers/STM32G0xx_HAL_Driver/Src/stm32g0xx_hal_tim.c.obj
 .debug_aranges
                0x00000968      0x198 CMakeFiles/EncoderTest.elf.dir/Drivers/STM32G0xx_HAL_Driver/Src/stm32g0xx_hal_tim_ex.c.obj
 .debug_aranges
                0x00000b00      0x248 CMakeFiles/EncoderTest.elf.dir/Drivers/STM32G0xx_HAL_Driver/Src/stm32g0xx_hal_uart.c.obj
 .debug_aranges
                0x00000d48       0xa8 CMakeFiles/EncoderTest.elf.dir/Drivers/STM32G0xx_HAL_Driver/Src/stm32g0xx_hal_uart_ex.c.obj

.debug_ranges   0x00000000      0xd50
 .debug_ranges  0x00000000       0x10 CMakeFiles/EncoderTest.elf.dir/Core/Src/gpio.c.obj
 .debug_ranges  0x00000010       0x28 CMakeFiles/EncoderTest.elf.dir/Core/Src/main.c.obj
 .debug_ranges  0x00000038       0x10 CMakeFiles/EncoderTest.elf.dir/Core/Src/stm32g0xx_hal_msp.c.obj
 .debug_ranges  0x00000048       0x30 CMakeFiles/EncoderTest.elf.dir/Core/Src/stm32g0xx_it.c.obj
 .debug_ranges  0x00000078       0x98 CMakeFiles/EncoderTest.elf.dir/Core/Src/syscalls.c.obj
 .debug_ranges  0x00000110       0x10 CMakeFiles/EncoderTest.elf.dir/Core/Src/sysmem.c.obj
 .debug_ranges  0x00000120       0x18 CMakeFiles/EncoderTest.elf.dir/Core/Src/system_stm32g0xx.c.obj
 .debug_ranges  0x00000138       0x20 CMakeFiles/EncoderTest.elf.dir/Core/Src/tim.c.obj
 .debug_ranges  0x00000158       0x20 CMakeFiles/EncoderTest.elf.dir/Core/Src/usart.c.obj
 .debug_ranges  0x00000178       0x20 CMakeFiles/EncoderTest.elf.dir/Core/Startup/startup_stm32g070rbtx.s.obj
 .debug_ranges  0x00000198       0xe8 CMakeFiles/EncoderTest.elf.dir/Drivers/STM32G0xx_HAL_Driver/Src/stm32g0xx_hal.c.obj
 .debug_ranges  0x00000280       0xe0 CMakeFiles/EncoderTest.elf.dir/Drivers/STM32G0xx_HAL_Driver/Src/stm32g0xx_hal_cortex.c.obj
 .debug_ranges  0x00000360       0x50 CMakeFiles/EncoderTest.elf.dir/Drivers/STM32G0xx_HAL_Driver/Src/stm32g0xx_hal_gpio.c.obj
 .debug_ranges  0x000003b0       0x88 CMakeFiles/EncoderTest.elf.dir/Drivers/STM32G0xx_HAL_Driver/Src/stm32g0xx_hal_pwr_ex.c.obj
 .debug_ranges  0x00000438       0xa8 CMakeFiles/EncoderTest.elf.dir/Drivers/STM32G0xx_HAL_Driver/Src/stm32g0xx_hal_rcc.c.obj
 .debug_ranges  0x000004e0       0x48 CMakeFiles/EncoderTest.elf.dir/Drivers/STM32G0xx_HAL_Driver/Src/stm32g0xx_hal_rcc_ex.c.obj
 .debug_ranges  0x00000528      0x3d0 CMakeFiles/EncoderTest.elf.dir/Drivers/STM32G0xx_HAL_Driver/Src/stm32g0xx_hal_tim.c.obj
 .debug_ranges  0x000008f8      0x188 CMakeFiles/EncoderTest.elf.dir/Drivers/STM32G0xx_HAL_Driver/Src/stm32g0xx_hal_tim_ex.c.obj
 .debug_ranges  0x00000a80      0x238 CMakeFiles/EncoderTest.elf.dir/Drivers/STM32G0xx_HAL_Driver/Src/stm32g0xx_hal_uart.c.obj
 .debug_ranges  0x00000cb8       0x98 CMakeFiles/EncoderTest.elf.dir/Drivers/STM32G0xx_HAL_Driver/Src/stm32g0xx_hal_uart_ex.c.obj

.debug_line     0x00000000    0x11504
 .debug_line    0x00000000      0x201 CMakeFiles/EncoderTest.elf.dir/Core/Src/gpio.c.obj
 .debug_line    0x00000201      0x51f CMakeFiles/EncoderTest.elf.dir/Core/Src/main.c.obj
 .debug_line    0x00000720      0x222 CMakeFiles/EncoderTest.elf.dir/Core/Src/stm32g0xx_hal_msp.c.obj
 .debug_line    0x00000942      0x220 CMakeFiles/EncoderTest.elf.dir/Core/Src/stm32g0xx_it.c.obj
 .debug_line    0x00000b62      0x458 CMakeFiles/EncoderTest.elf.dir/Core/Src/syscalls.c.obj
 .debug_line    0x00000fba      0x1f6 CMakeFiles/EncoderTest.elf.dir/Core/Src/sysmem.c.obj
 .debug_line    0x000011b0      0x2fc CMakeFiles/EncoderTest.elf.dir/Core/Src/system_stm32g0xx.c.obj
 .debug_line    0x000014ac      0x3ea CMakeFiles/EncoderTest.elf.dir/Core/Src/tim.c.obj
 .debug_line    0x00001896      0x429 CMakeFiles/EncoderTest.elf.dir/Core/Src/usart.c.obj
 .debug_line    0x00001cbf       0xad CMakeFiles/EncoderTest.elf.dir/Core/Startup/startup_stm32g070rbtx.s.obj
 .debug_line    0x00001d6c      0x660 CMakeFiles/EncoderTest.elf.dir/Drivers/STM32G0xx_HAL_Driver/Src/stm32g0xx_hal.c.obj
 .debug_line    0x000023cc      0x718 CMakeFiles/EncoderTest.elf.dir/Drivers/STM32G0xx_HAL_Driver/Src/stm32g0xx_hal_cortex.c.obj
 .debug_line    0x00002ae4      0x71d CMakeFiles/EncoderTest.elf.dir/Drivers/STM32G0xx_HAL_Driver/Src/stm32g0xx_hal_gpio.c.obj
 .debug_line    0x00003201      0x5da CMakeFiles/EncoderTest.elf.dir/Drivers/STM32G0xx_HAL_Driver/Src/stm32g0xx_hal_pwr_ex.c.obj
 .debug_line    0x000037db      0xde5 CMakeFiles/EncoderTest.elf.dir/Drivers/STM32G0xx_HAL_Driver/Src/stm32g0xx_hal_rcc.c.obj
 .debug_line    0x000045c0      0x856 CMakeFiles/EncoderTest.elf.dir/Drivers/STM32G0xx_HAL_Driver/Src/stm32g0xx_hal_rcc_ex.c.obj
 .debug_line    0x00004e16     0x513d CMakeFiles/EncoderTest.elf.dir/Drivers/STM32G0xx_HAL_Driver/Src/stm32g0xx_hal_tim.c.obj
 .debug_line    0x00009f53     0x2007 CMakeFiles/EncoderTest.elf.dir/Drivers/STM32G0xx_HAL_Driver/Src/stm32g0xx_hal_tim_ex.c.obj
 .debug_line    0x0000bf5a     0x4876 CMakeFiles/EncoderTest.elf.dir/Drivers/STM32G0xx_HAL_Driver/Src/stm32g0xx_hal_uart.c.obj
 .debug_line    0x000107d0      0xd34 CMakeFiles/EncoderTest.elf.dir/Drivers/STM32G0xx_HAL_Driver/Src/stm32g0xx_hal_uart_ex.c.obj

.debug_str      0x00000000     0x463b
 .debug_str     0x00000000      0x285 CMakeFiles/EncoderTest.elf.dir/Core/Src/gpio.c.obj
                                0x2cf (size before relaxing)
 .debug_str     0x00000285      0xa9e CMakeFiles/EncoderTest.elf.dir/Core/Src/main.c.obj
                                0xd1a (size before relaxing)
 .debug_str     0x00000d23       0x71 CMakeFiles/EncoderTest.elf.dir/Core/Src/stm32g0xx_hal_msp.c.obj
                                0x2fc (size before relaxing)
 .debug_str     0x00000d94       0x94 CMakeFiles/EncoderTest.elf.dir/Core/Src/stm32g0xx_it.c.obj
                                0x247 (size before relaxing)
 .debug_str     0x00000e28      0x22f CMakeFiles/EncoderTest.elf.dir/Core/Src/syscalls.c.obj
                                0x433 (size before relaxing)
 .debug_str     0x00001057       0x99 CMakeFiles/EncoderTest.elf.dir/Core/Src/sysmem.c.obj
                                0x25f (size before relaxing)
 .debug_str     0x000010f0       0xc0 CMakeFiles/EncoderTest.elf.dir/Core/Src/system_stm32g0xx.c.obj
                                0x344 (size before relaxing)
 .debug_str     0x000011b0      0x1ec CMakeFiles/EncoderTest.elf.dir/Core/Src/tim.c.obj
                                0xb03 (size before relaxing)
 .debug_str     0x0000139c      0x196 CMakeFiles/EncoderTest.elf.dir/Core/Src/usart.c.obj
                                0xa47 (size before relaxing)
 .debug_str     0x00001532       0x5a CMakeFiles/EncoderTest.elf.dir/Core/Startup/startup_stm32g070rbtx.s.obj
                                 0x93 (size before relaxing)
 .debug_str     0x0000158c      0x56e CMakeFiles/EncoderTest.elf.dir/Drivers/STM32G0xx_HAL_Driver/Src/stm32g0xx_hal.c.obj
                                0x89e (size before relaxing)
 .debug_str     0x00001afa      0x361 CMakeFiles/EncoderTest.elf.dir/Drivers/STM32G0xx_HAL_Driver/Src/stm32g0xx_hal_cortex.c.obj
                                0x77d (size before relaxing)
 .debug_str     0x00001e5b      0x17a CMakeFiles/EncoderTest.elf.dir/Drivers/STM32G0xx_HAL_Driver/Src/stm32g0xx_hal_gpio.c.obj
                                0x459 (size before relaxing)
 .debug_str     0x00001fd5      0x2c2 CMakeFiles/EncoderTest.elf.dir/Drivers/STM32G0xx_HAL_Driver/Src/stm32g0xx_hal_pwr_ex.c.obj
                                0x544 (size before relaxing)
 .debug_str     0x00002297      0x214 CMakeFiles/EncoderTest.elf.dir/Drivers/STM32G0xx_HAL_Driver/Src/stm32g0xx_hal_rcc.c.obj
                                0x7ba (size before relaxing)
 .debug_str     0x000024ab      0x13a CMakeFiles/EncoderTest.elf.dir/Drivers/STM32G0xx_HAL_Driver/Src/stm32g0xx_hal_rcc_ex.c.obj